VS-7 examples: 44 cases, probes: whitespace-only regex: rules=[{"source":"gitlab","kind":"regex","pattern":"   ","negate":false,"label":"push rule"}] unchecked=false
property glab body: seed=14001 runs=1500 violations=0
property gitlab_rule: seed=14002 runs=2000 violations=0
note lengths: 29,50,30,200025,33,37,35,34,28,28; multi-line notes: 3
property gh differential: seed=14003 runs=1200 violations=0 malformed-gh-rule-probes=177 first=#7 kind null
timeouts: {"github":1.0039777755737305,"gitlab":1.0049958229064941}; GH_PROMPT_DISABLED seen by shim with parent value 0: {"github":["1"],"gitlab":["1"]}
surface: DEFAULT_FORMAT FORGE_TIMEOUT Fail GIT_MODES_PATH INTEGER_PARTS JsonArgumentParser KINDS NAME_PARTS NUMERIC_SORT_KINDS PARSE_ROWS PLACEHOLDERS RULE_KEYS TAILS _collect_rules _config_format _config_value _echo _format _gh_branch_rules _git _glab_push_rule _kind _raw_result _repo _run_forge_cli _state_tail argparse build_parser cmd_list cmd_name cmd_parse cmd_preflight datetime evaluate github_rule gitlab_rule json judge list_kind load_format load_git_modes main make_rule name os parse re read_rules ref_format_error regex_error split subprocess sys tail timezone urllib validate_format
read_rules(repo, samples) FORGE_TIMEOUT=60 has FORGE_TIMEOUT=true has GH_TIMEOUT=false
imports: import argparse import json import os import re import subprocess import sys import urllib.parse from datetime import datetime, timezone
aliasing probe: {"b_list_aliased":true,"b_label":"mutated","samples":["a","b"]}
✔ verify contract VS-7 TC-contract-1: odd glab JSON never breaks the shape (2256.021042ms)
✔ verify contract VS-7 TC-contract-2: property, glab bodies against the spec model (64818.7915ms)
✔ verify contract VS-7 TC-contract-3: property, gitlab_rule is pure and total (63.061458ms)
✔ verify contract VS-7 TC-contract-4: glab failure notes stay one line and bounded (716.589292ms)
✔ verify contract VS-7 TC-contract-5: exit codes 1, 2, 127 and stdout body (552.672084ms)
✔ verify contract VS-7 TC-contract-6: glab argv, cwd and call count with odd samples (628.439708ms)
✔ verify contract VS-9 TC-contract-7: S-013 GitHub cases still give the S-013 results (913.39525ms)
✔ verify contract VS-9 TC-contract-8: property, new read_rules equals the S-013 read_rules for gh (136878.898417ms)
✔ verify contract VS-9 TC-contract-9: FORGE_TIMEOUT applies to gh and glab, GH_PROMPT_DISABLED stays set (3155.419375ms)
✔ verify contract VS-9 TC-contract-10: missing gh is a note, no crash (166.24275ms)
✔ verify contract VS-9 TC-contract-11: one gh call per sample, path-quoted, cwd is the repo; no glab call (395.305458ms)
✔ verify contract surface TC-contract-12: exports, signature, purity and dependencies of the module (45.864167ms)
✔ verify contract determinism TC-contract-13: same input gives same output, input samples not mutated, results not aliased (643.6975ms)
ℹ tests 13
ℹ suites 0
ℹ pass 13
ℹ fail 0
ℹ cancelled 0
ℹ skipped 0
ℹ todo 0
ℹ duration_ms 211362.113958
