EXPORTS Fail JsonArgumentParser build_parser build_samples cmd_list cmd_name cmd_parse cmd_preflight derive evaluate github_rule gitlab_rule judge list_kind load_format load_git_modes main make_rule name parse read_rules ref_format_error regex_error split suggest tail validate_format verdict
property regex_eval: seed=4227400405 runs=2000 violations=0
PROPERTY-RUN VS-1 regex seed=4227400405 runs=2000 violations=0
property name_slice: seed=3354518510 runs=1500 violations=0
PROPERTY-RUN VS-3 name seed=3354518510 runs=1500 violations=0
property validate: seed=1976669426 runs=300 violations=0
PROPERTY-RUN VS-3 validate seed=1976669426 runs=300 violations=0
GOOD [{"kind":"slice","name":"feature/S-001","result":"pass","rule":null},{"kind":"state","name":"feature/state-20261010095555","result":"pass","rule":null},{"kind":"e2e","name":"feature/M-1-e2e","result":"pass","rule":null}]
BAD {"derived":false,"format":"sdlc/{name}","samples":[{"kind":"slice","name":"sdlc/S-001","result":"fail","rule":"feat"},{"kind":"state","name":"sdlc/state-20261010095555","result":"fail","rule":"feat"},{"kind":"e2e","name":"sdlc/M-1-e2e","result":"fail","rule":"feat"}]}
{"status":0,"ok":true,"samples":[{"kind":"slice","name":"sdlc/S-001","result":"unevaluated","rule":null},{"kind":"state","name":"sdlc/state-20261010095555","result":"unevaluated","rule":null},{"kind":"e2e","name":"sdlc/M-1-e2e","result":"unevaluated","rule":null}],"notes":["cannot evaluate feat: missing ), unterminated subpattern at position 0"]}
CALLS pr branch_name_regex body: [["api","projects/:fullpath/push_rule"]] rules=[{"source":"gitlab","kind":"regex","pattern":"^feat/.*$","negate":false,"label":"push rule"}]
CALLS pr empty body: [["api","projects/:fullpath/push_rule"]] rules=[]
CALLS pr null body: [["api","projects/:fullpath/push_rule"]] rules=[]
CALLS pr glab failure: [["api","projects/:fullpath/push_rule"]] rules=[]
CALLS stack branch_name_regex body: [["api","projects/:fullpath/push_rule"]] rules=[{"source":"gitlab","kind":"regex","pattern":"^feat/.*$","negate":false,"label":"push rule"}]
CALLS stack empty body: [["api","projects/:fullpath/push_rule"]] rules=[]
CALLS stack null body: [["api","projects/:fullpath/push_rule"]] rules=[]
CALLS stack glab failure: [["api","projects/:fullpath/push_rule"]] rules=[]
{"name":{"ok":true,"command":"name","format":"feature/PROJ-123-{name}","kind":"slice","branch":"feature/PROJ-123-S-001"},"preflight":{"ok":true,"format":"feature/PROJ-123-{name}","given":true,"samples":[{"kind":"slice","name":"feature/PROJ-123-S-001","result":"unchecked","rule":null},{"kind":"state","name":"feature/PROJ-123-state-20261010095600","result":"unchecked","rule":null},{"kind":"e2e","name":"feature/PROJ-123-M-1-e2e","result":"unchecked","rule":null}]}}
✔ verify contract: surface lists the exports a consumer sees (40.931708ms)
✔ verify contract: VS-1 spec examples verbatim (40.491542ms)
✔ verify contract: VS-1 corners (39.225875ms)
✔ verify contract: VS-1 property regex search matches reference model (53.155708ms)
✔ verify contract: VS-1 property determinism and purity (84.268375ms)
✔ verify contract: VS-3 spec example verbatim (261.548333ms)
✔ verify contract: VS-3 property literal prefix and suffix are kept byte for byte (6437.038833ms)
✔ verify contract: VS-1 consumer view preflight with regex rule from GitHub (889.410958ms)
✔ verify contract: VS-1 consumer view invalid regex is unevaluated not an exception (580.701042ms)
✔ verify contract: VS-2 pr branch_name_regex body calls only the project push rule (488.049875ms)
✔ verify contract: VS-2 pr empty body calls only the project push rule (531.323625ms)
✔ verify contract: VS-2 pr null body calls only the project push rule (510.596458ms)
✔ verify contract: VS-2 pr glab failure calls only the project push rule (559.225125ms)
✔ verify contract: VS-2 stack branch_name_regex body calls only the project push rule (469.75775ms)
✔ verify contract: VS-2 stack empty body calls only the project push rule (529.160208ms)
✔ verify contract: VS-2 stack null body calls only the project push rule (535.396458ms)
✔ verify contract: VS-2 stack glab failure calls only the project push rule (530.996917ms)
✔ verify contract: VS-3 consumer view preflight and name (521.944167ms)
ℹ tests 18
ℹ suites 0
ℹ pass 18
ℹ fail 0
ℹ cancelled 0
ℹ skipped 0
ℹ todo 0
ℹ duration_ms 13196.71425
