npm notice run test
npm notice run node --test skills/sdlc/test/*.test.mjs
✔ clean audit reports pass and records all audited ids (3.064416ms)
✔ majority-refuted requirements are reopened (1.565625ms)
✔ repeated audit abort returns stalled (0.44425ms)
✔ livelock writes STUCK.md and ends the run as livelock (0.906917ms)
✔ seven lens finders, dedupe against seen, judge fresh ideas, write verdicts (3.332583ms)
✔ behavior-changing ideas become proposals without judging (1.407667ms)
✔ overflow is deferred and the round is not dry (2.234709ms)
✔ empty round is dry (0.663167ms)
✔ a backlog that fills a judging batch is drained before any finder runs (1.105166ms)
✔ judges receive the round number so they can raise the bar (0.551792ms)
✔ bar raiser is off by default: a barRaiserRound action ends the run as done without running it (0.473416ms)
✔ the state reader is told the bar-raiser round budget (1.307542ms)
✔ bootstrap runs env, extractor, three critics per round until a dry round, slicer, then commits (3.043542ms)
✔ a critic that fails to report keeps the round from counting as dry (1.604625ms)
✔ bootstrap passes mr mode and the commit format to the env-detector, whose schema allows mr (0.634292ms)
✔ the env-detector vars carry the driver-resolved defaultBranch, empty when the driver had none (1.024958ms)
✔ critic that never goes dry is capped and the cap is logged (0.610416ms)
✔ the documented git modes and the workflow script agree (1.214042ms)
✔ bootstrap aborts without committing when the extractor fails (0.313625ms)
✔ T-R-052a the env-detector carries args.branchFormat when set (0.31725ms)
✔ branches.py imports from its path and exposes the public functions (179.954167ms)
✔ branches.py imports only standard library modules (92.805041ms)
✔ every command runs and prints one JSON object (980.043667ms)
✔ a flag that a command does not name is bad input (390.434583ms)
✔ bad input exits 2 with one JSON error object (1094.264541ms)
✔ load_format returns the config value or the default (599.394792ms)
✔ a command without --format uses the config format (485.732334ms)
✔ the three scripts import branches from their own directory (205.78075ms)
✔ a script run through a symlink imports branches from its real directory (211.364792ms)
✔ a git-modes.json that cannot be read fails preflight with one JSON error (296.049167ms)
✔ a missing or malformed git-modes.json fails preflight with one JSON error, and name, parse and list still run (3633.5095ms)
✔ a deeply nested config.json is bad input, not a crash (304.850834ms)
✔ the three scripts run with the working directory outside the skill directory (255.712625ms)
✔ branch recognition in the three scripts still resolves from a scratch working directory (1344.93625ms)
✔ validate_format accepts one placeholder with a valid literal part (221.668917ms)
✔ validate_format rejects two placeholders, none, whitespace and an invalid ref (74.829ms)
✔ validate_format rejects Unicode whitespace that git accepts (48.853375ms)
✔ validate_format rejects the literal parts that git refuses (182.876667ms)
✔ an invalid-ref format is bad input on the CLI (337.015375ms)
✔ split returns the prefix, the suffix and the lower flag (50.050166ms)
✔ name puts the tail in the placeholder and lowercases only the tail (51.346584ms)
✔ validate_format without git is a Fail, not a crash (58.912083ms)
✔ tail builds the slice, state and e2e-area tails and fails on a missing part (47.610417ms)
✔ an explicit state ts is used as given under a prefixed format, and an empty ts generates one (56.653834ms)
✔ the state tail is the current UTC time (47.64925ms)
✔ name --kind state prints sdlc/state- and the current UTC time (197.613875ms)
✔ name without a required part exits 2 with one JSON error and no traceback (545.669ms)
✔ name takes the format from the flag, then the config, then the default (781.943708ms)
✔ preflight reports the resolved format and whether it was given (1847.246708ms)
✔ the --format flag wins over a broken config in name and preflight (2486.751291ms)
✔ name prints the default branch for the run, slice, milestone, e2e, e2e-area, verify and attempt kinds (1077.945084ms)
✔ tail builds the run, milestone, e2e, verify and attempt tails and fails on a missing part (48.950166ms)
✔ name for the run, milestone, e2e, verify and attempt kinds follows a prefixed and a lowercased format and fails without its part (468.799792ms)
✔ T-R-011a name lowercases only the tail under {name:lower} (252.192917ms)
✔ T-R-068a name and split round-trip every kind under the default, a prefixed and a lowercased format (1002.75525ms)
✔ T-R-068b the CLI name matches the Python name for all 24 cases (2633.059084ms)
✔ T-R-021a parse returns null for a foreign branch (658.3155ms)
✔ T-R-021b a branch that passes the prefix and suffix test but matches no row gives null (48.769709ms)
✔ T-R-022a classification follows rows 1 to 8 (51.498083ms)
✔ T-R-022b under {name:lower} the regexes ignore case (98.937709ms)
✔ T-R-023a the result holds the parts that apply (50.320084ms)
✔ T-R-023b the CLI prints the same result (1031.020541ms)
✔ T-R-024a ids resolve the ledger spelling (65.0935ms)
✔ T-R-024b case-insensitive matching only under lower (52.044958ms)
✔ T-R-102a row 1 run (548.970458ms)
✔ T-R-103a row 2 milestone (269.457333ms)
✔ T-R-104a row 3 e2e (138.71825ms)
✔ T-R-105a row 4 e2e-area (342.984875ms)
✔ T-R-105b area with dashes stays whole (44.121167ms)
✔ T-R-105c precedence and prefixed formats (195.589292ms)
✔ T-R-070a parse keeps the table precedence (45.955917ms)
✔ T-R-069a parse returns null for a foreign branch and resolves ids against the ledger (50.359541ms)
✔ T-R-120a no push or pull-request site names an e2e-area branch (1.927417ms)
✔ T-R-120b a planted e2e-area push is caught (0.10225ms)
✔ T-R-102b a run number beyond the int string limit still parses to one JSON object (183.696708ms)
✔ T-R-106a row 5 state (242.094334ms)
✔ T-R-106b state needs exactly 14 digits (225.967958ms)
✔ T-R-107a row 6 verify (260.04475ms)
✔ T-R-107b verify beats slice (42.552042ms)
✔ T-R-107c verify boundaries (202.449083ms)
✔ T-R-108a row 7 attempt (353.002125ms)
✔ T-R-108b attempt beats slice (224.050083ms)
✔ T-R-109a row 8 slice (417.830458ms)
✔ T-R-109b slice boundaries (262.889125ms)
✔ T-R-109c rows 5 to 8 under prefixed and suffixed formats (239.274333ms)
✔ T-R-109d ledger ids on the last four rows (57.397916ms)
✔ T-R-025a list returns one kind, sorted by name (698.557125ms)
✔ T-R-025b list works for each kind (1876.46775ms)
✔ T-R-025c list sorts run branches by n (398.062416ms)
✔ T-R-025d list honors the format (1078.651542ms)
✔ T-R-025e list reads local branches only (459.2895ms)
✔ T-R-025f list in an empty repo and in a bad repo (449.840541ms)
✔ T-R-094a attempt sorts by n numerically (917.642625ms)
✔ T-R-094b the attempt sort is not a string sort (488.593625ms)
✔ T-R-033a each operator follows its definition (48.346125ms)
✔ T-R-033b starts_with is case-sensitive (50.353541ms)
✔ T-R-033c regex uses search, not match (53.605625ms)
✔ T-R-095a ends_with is case-sensitive (61.58475ms)
✔ T-R-095b contains is case-sensitive (50.20475ms)
✔ T-R-034a negate flips a boolean (52.262959ms)
✔ T-R-034b negate keeps None (48.20675ms)
✔ T-U-001 an unknown kind gives None and does not raise (54.49ms)
✔ T-U-002 regex_error gives the compile error (50.8065ms)
✔ T-R-072a evaluate follows each operator, negate flips, and a bad regex gives null (52.957833ms)
✔ T-R-035a a pattern Python cannot compile gives an unevaluated sample (133.007709ms)
✔ T-R-035b the note carries the rule label (120.56575ms)
✔ T-R-035c a bad pattern never blocks (133.771875ms)
✔ T-R-035d judge does not raise on a bad pattern (136.565625ms)
✔ T-R-036a one False fails the sample (45.261208ms)
✔ T-R-036b all True passes (102.922958ms)
✔ T-R-036c no failure plus one None is unevaluated (72.324167ms)
✔ T-R-036d a failure beats a None (43.299708ms)
✔ T-R-036e negate counts (70.6785ms)
✔ T-R-037a an invalid ref fails with the git rule (274.849375ms)
✔ T-R-037b a valid sample passes the ref check (222.11925ms)
✔ T-R-037c a forge rule keeps the first label (66.965709ms)
✔ T-R-035e a deeply nested pattern never blocks and never raises (162.596875ms)
✔ T-R-035g a pattern with a repeat count too large never blocks and never raises (225.068125ms)
✔ T-R-035f a first failing rule without a label is not replaced by a later one (43.450333ms)
✔ T-R-027a read_rules makes one gh call per sample with the encoded path (547.859125ms)
✔ T-R-027b the gh call runs in the repo and the forge comes from config (754.066292ms)
✔ T-R-027c odd samples stay one path segment (651.24475ms)
✔ T-R-028a only branch_name_pattern objects become rules (775.398291ms)
✔ T-R-028b field mapping and the negate default (843.532459ms)
✔ T-R-028c the label falls back from the name to the ruleset id to a fixed text (762.933041ms)
✔ T-R-028d an empty list gives no rules and no notes (762.080417ms)
✔ T-R-028e every rule has exactly the five keys (1036.144333ms)
✔ T-R-028f rules stay with their sample (1029.314375ms)
✔ T-R-029a a failing gh gives one note and unchecked samples (1001.132375ms)
✔ T-R-029b an empty stderr still gives a reason (668.846583ms)
✔ T-R-029c output that is not a JSON list is a failure (1355.083667ms)
✔ T-R-084a a missing gh does not crash (120.198667ms)
✔ T-R-030a read_rules makes one glab call for many samples (562.974583ms)
✔ T-R-030b a branch_name_regex gives one regex rule under every sample (658.349416ms)
✔ T-R-030c a null body, no regex and an empty regex give no rule (3666.707375ms)
✔ T-R-030e a JSON error body from a glab that exits 0 is no rule (1034.603667ms)
✔ T-R-030d other push rule fields are ignored (990.76575ms)
✔ T-R-031a a failing glab gives one note and unchecked samples (682.394125ms)
✔ T-R-031b an empty stderr still gives a reason (670.163458ms)
✔ T-R-031c output that is not JSON is a failure (654.472291ms)
✔ T-R-031d a timeout is a failure (1122.22725ms)
✔ T-R-032a no forge makes no call (248.901666ms)
✔ T-R-026a every rule has exactly the spec keys (1274.692875ms)
✔ T-R-084b a missing glab does not crash (123.779959ms)
✔ T-R-038a the flag gives given true and the flag format (259.052917ms)
✔ T-R-038b the config gives given true and the config format (255.804292ms)
✔ T-R-038c neither flag nor config gives given false and the default format (273.178417ms)
✔ T-R-038d an invalid format exits 2 with an error object (154.906791ms)
✔ T-R-039a the pr mode samples a slice, a state and an e2e branch (265.430959ms)
✔ T-R-039b the stack mode samples a run, a milestone and a slice branch (291.470791ms)
✔ T-R-039c the mr and direct modes sample nothing without --branch (345.467416ms)
✔ T-R-039d samples follow the format (312.183667ms)
✔ T-R-040a the mr mode adds a working sample last (208.869667ms)
✔ T-R-040b the working branch is judged as given (663.820584ms)
✔ T-R-040c the other modes ignore --branch (1148.796334ms)
✔ T-R-041a a repo with no forge gives ok, exit 0 and unchecked samples (258.688334ms)
✔ T-R-041b passing and unevaluated samples never block (1348.879666ms)
✔ T-R-041c unchecked samples never block (636.88875ms)
✔ T-R-041d notes merge without duplicates, in first-seen order (722.525458ms)
✔ T-R-044a the output has the spec keys (666.678125ms)
✔ T-R-044b a failed sample names the first failing rule (672.666042ms)
✔ T-R-044c the exit code follows the verdict (951.996875ms)
✔ T-R-044d a bad ref name fails when the forge rules pass (1333.885542ms)
✔ T-R-044e a bad ref name fails without a forge (350.104958ms)
✔ T-R-044f a bad ref name fails when the rules are unknown (848.060625ms)
✔ T-R-084a preflight with no gh and no glab gives unchecked samples and one note (521.733791ms)
✔ T-R-042a one starts_with rule derives the format and passes (785.759292ms)
✔ T-R-042b ends_with and contains derive their table formats (1426.040584ms)
✔ T-R-042c no derivation when the format is given, the rule is negated or regex, or two rules exist (3579.425292ms)
✔ T-R-042d a rule the default format passes gives no derivation (739.664625ms)
✔ T-R-042e a derived format that git refuses is a failed verdict with exit 1 (604.130458ms)
✔ T-R-042f derive returns the table formats and None for every other input (35.5835ms)
✔ T-R-042g mr mode has no loop-kind sample, so a failed working branch derives nothing (582.382208ms)
✔ T-R-042h the loop-kind guard derives in pr mode and not for a working failure alone (173.665291ms)
✔ T-R-042i a failed derivation keeps the first-verdict samples and rules (563.480125ms)
✔ T-R-087a an ends_with .lock rule gives the derived format as the suggestion (701.766292ms)
✔ T-R-043a the suggestion starts with --branch-format (688.225291ms)
✔ T-R-043b a regex rule gives a --branch-format line that quotes the pattern (633.360792ms)
✔ T-R-043c mr mode with a GitLab regex gives one rename line (622.143458ms)
✔ T-R-043d two rules give a generic --branch-format line that names both labels (705.071167ms)
✔ T-R-043e a given format still gets the derived suggestion (664.5575ms)
✔ T-R-043f a negated rule gives a generic line that names the label (679.665ms)
✔ T-R-043g suggest puts the format line first and the rename line second (56.851208ms)
✔ T-R-043h suggest with no rules names git check-ref-format (36.730583ms)
✔ T-R-122a a regex with a group and a repeat gives an accepted literal (607.869334ms)
✔ T-R-122b other patterns give an accepted literal in pr and stack mode (2023.767417ms)
✔ T-R-122c a pattern with no accepted literal gives the text fallback (1343.618042ms)
✔ T-R-073b a derived format with a brace or whitespace is not reported as ok (8031.532666ms)
✔ T-R-091a one regex rule the default passes needs no format and no suggestion (732.223625ms)
✔ T-R-091b the same regex rule through glab gives the same keys (649.304084ms)
✔ T-R-092a two rules and no format give a generic suggestion and no derived format (649.463875ms)
✔ T-R-092b every failing sample names one of the two rules (665.360625ms)
✔ T-R-092c a negated contains rule the default fails gives no derived format (661.130625ms)
✔ T-R-100a rules of another type leave the run ok with no rules (753.468708ms)
✔ T-R-100b an empty list gives pass on every sample, not unchecked (655.722833ms)
✔ T-R-100c a rule that answers for one sample name can fail only that sample (681.461667ms)
✔ T-R-100d a rule whose pattern is not a string is unevaluated and never crashes preflight (4205.081375ms)
✔ T-R-074a preflight through gh and glab shims covers the seven scenarios (4191.92875ms)
✔ T-R-118 parse with a plain prefix format returns the slice kind and id (149.31675ms)
✔ T-R-050a BRANCH_FORMAT defaults to sdlc/{name} and follows args.branchFormat (2.25225ms)
✔ T-R-050b branchName fills the format and lowercases the whole name for the lower modifier (0.704209ms)
✔ T-R-051c branchName inserts tails with replacement patterns literally (0.832375ms)
✔ T-R-116a the internals export branchName and BRANCH_FORMAT (0.243458ms)
✔ T-R-051b the loop script builds no sdlc/ branch literal, and the verify branch matches branches.py (148.188208ms)
✔ T-R-075a the loop script and the module name branches the same way (434.676084ms)
✔ a stop action without a stop-file reason ends the run as stopped (2.354833ms)
✔ done returns the summary (1.033583ms)
✔ wait returns waiting (0.720083ms)
✔ state reader failing twice in a run that did nothing returns stalled after exactly one retry (0.386958ms)
✔ maxIterations 0 starts no agents (0.415833ms)
✔ agent cap stops before an iteration that does not fit (0.493583ms)
✔ low remaining budget stops before the next iteration (0.555708ms)
✔ the agent cap holds inside one milestone: a fixing round of the same milestone gets no headroom (1.715875ms)
✔ crossing a milestone boundary restores the cap: the next milestone gets a whole allowance (0.981375ms)
✔ the run total is not reset at a milestone boundary, and the pause message says which number it means (1.446917ms)
✔ the money brake still stops a run whose milestone allowance was just made whole (0.89675ms)
✔ unknown action in a run that did nothing returns stalled (0.3745ms)
✔ a run that completed an action before the state reader failed returns continue (0.386666ms)
✔ each stalled run adds one to stalledRuns, carried through args (0.463542ms)
✔ the 24th stalled run in a row returns stuck (0.7755ms)
✔ a repeated outcome that stalls counts toward stuck, and does not reset stalledRuns (0.54875ms)
✔ stop, done and wait leave stalledRuns as it came in (0.248333ms)
✔ an error from the state reader ends a run that did nothing as stalled, with the reason (0.254583ms)
✔ the state reader is given the decision script path (0.565917ms)
✔ prompt names the common and role prompt files and embeds inputs (0.268083ms)
✔ run() counts every attempt and returns null after two failures (1.066ms)
✔ every phase title used in the script is declared in meta.phases (1.322375ms)
✔ the Gate phase is declared after the verify group and before Integrate (0.8035ms)
✔ plan passes both critics, tests fail correctly, slice advances to implement (5.858792ms)
✔ ambiguities go to the decision panel and the planner re-runs with the ADRs (3.523ms)
✔ plan refuted three times escalates to replan (0.933042ms)
✔ tests that never fail for the right reason escalate after three attempts (0.489541ms)
✔ happy path runs implement, core verifiers, the profile group, three reviewers, the report, integrate (0.845916ms)
✔ resume at implement skips plan and tests (1.317333ms)
✔ resume at integrate goes straight to the integrator with persisted seeds (0.501375ms)
✔ a profile verifier failing test forces a fix round carrying the evidence (0.745ms)
✔ three failed fix rounds escalate (0.611666ms)
✔ an inconclusive implementer run is re-run without spending a fix round (0.608416ms)
✔ a fix round is spent only when the implementer stays inconclusive after its re-run (1.261667ms)
✔ a blocking finding that survives refutation forces a fix round (0.829834ms)
✔ a blocking finding refuted by the majority is dropped and non-blocking ones become seeds (0.463083ms)
✔ reviewer that fails to report blocks the slice (0.460542ms)
✔ integration failure escalates (0.49925ms)
✔ an inconclusive final check is re-run, and never escalates (0.780875ms)
✔ a final check still inconclusive after its re-run leaves the slice in integrate (0.795709ms)
✔ parkedRetry unparks then runs the slice from plan with reset counters (0.7225ms)
✔ retryMerge calls the integrator in retry-merge mode (0.263667ms)
✔ a low-risk slice skips the verify battery and ships on a clean review (0.35375ms)
✔ a low-risk slice resumed at implement still skips the battery (0.752791ms)
✔ a reviewer demanding verification turns the battery on for the same round (0.601084ms)
✔ a demanding review with blocking findings fixes first; the battery judges the fix (0.532ms)
✔ a demanded battery that refutes sends the slice into a fix round with the verify evidence (0.765541ms)
✔ no-progress guard force-parks a slice after three identical outcomes (0.570375ms)
✔ an infra vote never counts as a refutation, but stops the round from passing (1.666709ms)
✔ a refuting vote wins over infra classification (infra must not mask a real bug) (1.145333ms)
✔ profileVote folds blocked scenarios and silent agents into infra, not refutation (0.58225ms)
✔ a battery slice runs the gate before integrate, and a gate fail goes back to the build loop (0.840417ms)
✔ a slice already at phase gate resumes at the gate, not the build loop (0.294ms)
✔ each verify round appends one ledger row to a single cumulative persist (0.426375ms)
✔ an infra round appends an infra row and replays without spending a fix round (0.468459ms)
✔ a gate fail appends its row and the retry carries the ledger through the recursion (0.849ms)
✔ a round the implementer could not finish still appends its refuted row (0.805625ms)
✔ the integrator sending regate re-runs the gate (0.592042ms)
✔ three consecutive infra rounds park the slice with infra debt, without escalating (1.190833ms)
✔ gatePhase returns an infra verdict on a silent gate agent, and parks on the third (0.672792ms)
✔ a blocked-only profile round replays at the same fix round and parks after three (0.923709ms)
✔ a round whose only anomaly is a failed-to-report verifier replays without consuming a fix round (0.684791ms)
✔ three consecutive gate infra failures park the slice without escalating (0.552417ms)
✔ a parked-at-gate slice resumed via parkedRetry re-runs the gate, not the build loop (0.479917ms)
✔ a stopRequested implementer pauses the run without spending a fix round (0.366458ms)
✔ an agent already running finishes, the next one does not start (0.37ms)
✔ a stopRequested agent deep in a parallel group unwinds cleanly (0.409292ms)
✔ an iteration-top stop action still ends stopped, not paused (0.527833ms)
✔ a stop-file stop at the iteration top pauses, and any other stop reason still ends stopped (1.634417ms)
✔ a stopRequested state-reader pauses instead of stalling into the relaunch loop (0.372834ms)
✔ every dispatched prompt carries the stop check, resolved at the main root (0.680958ms)
✔ a stopRequested state-writer mid-buildLoop stops the run before the next agent dispatches (0.600792ms)
✔ lifecycle: a profile refutation promotes into the fix round, the gate commits, the integrator merges (1.127125ms)
✔ every log string in sdlc-loop.js follows the STE rules (154.711959ms)
✔ first escalation is replan (2.251708ms)
✔ step 4 runs a three-angle decision panel and passes the ADR to the escalator (1.294083ms)
✔ panel with no proposals skips the judge and passes adr null (0.465916ms)
✔ step 5 parks a spec slice and reverts an improvement slice (1.035042ms)
✔ ladder never goes past park (0.386958ms)
✔ escalator that fails to confirm is reported in the outcome (0.32025ms)
✔ plan passes both critics, tests fail correctly, slice advances to implement (4.40025ms)
✔ ambiguities go to the decision panel and the planner re-runs with the ADRs (3.071875ms)
✔ plan refuted three times escalates to replan (0.971875ms)
✔ tests that never fail for the right reason escalate after three attempts (0.717209ms)
✔ happy path runs implement, core verifiers, the profile group, three reviewers, the report, integrate (0.766334ms)
✔ resume at implement skips plan and tests (0.521625ms)
✔ resume at integrate goes straight to the integrator with persisted seeds (0.678209ms)
✔ a profile verifier failing test forces a fix round carrying the evidence (0.50675ms)
✔ three failed fix rounds escalate (0.352166ms)
✔ an inconclusive implementer run is re-run without spending a fix round (0.511208ms)
✔ a fix round is spent only when the implementer stays inconclusive after its re-run (0.526917ms)
✔ a blocking finding that survives refutation forces a fix round (0.994209ms)
✔ a blocking finding refuted by the majority is dropped and non-blocking ones become seeds (0.4875ms)
✔ reviewer that fails to report blocks the slice (0.59925ms)
✔ integration failure escalates (0.6645ms)
✔ an inconclusive final check is re-run, and never escalates (0.787667ms)
✔ a final check still inconclusive after its re-run leaves the slice in integrate (1.143ms)
✔ parkedRetry unparks then runs the slice from plan with reset counters (0.8095ms)
✔ retryMerge calls the integrator in retry-merge mode (0.418542ms)
✔ a low-risk slice skips the verify battery and ships on a clean review (0.480125ms)
✔ a low-risk slice resumed at implement still skips the battery (0.496208ms)
✔ a reviewer demanding verification turns the battery on for the same round (1.223459ms)
✔ a demanding review with blocking findings fixes first; the battery judges the fix (0.773375ms)
✔ a demanded battery that refutes sends the slice into a fix round with the verify evidence (0.786167ms)
✔ no-progress guard force-parks a slice after three identical outcomes (0.523625ms)
✔ I1: a blocking finding whose refuters all die is kept, not dropped (0.793ms)
✔ I1: bar raiser round where every finder died is not dry (1.167584ms)
✔ I1: an idea whose judges died is deferred, not rejected (0.679667ms)
✔ I3: a retryMerge that keeps waiting returns waiting instead of force-parking (0.373208ms)
✔ I3: a force-park that fails ends the run as stalled (0.432333ms)
✔ I4: the no-progress streak carries across runs through args and is returned (0.585291ms)
✔ I4: a bar-raiser writer failure yields a constant outcome (0.420833ms)
✔ I5: at most five blocking findings are judged per round (0.681625ms)
✔ I5: when the first five blocking findings are all refuted, the rest are judged too (0.885209ms)
✔ I5: a blocking finding past the first five still forces a fix round when it holds (1.088084ms)
✔ I5: at most three ambiguities go to decision panels per planner round (1.646625ms)
✔ I5: a build loop that would pass the agent cap pauses without escalating (0.443541ms)
✔ I9: a lone regression refutation fails verification (0.385417ms)
✔ git-modes.json holds an ordered list of mode names (69.866375ms)
✔ the workflow script mode list is the one in git-modes.json (60.69975ms)
✔ each python script resolves its modes from the file beside it, not from a literal (354.392708ms)
✔ a missing or malformed git-modes.json stops the scripts instead of falling back to a list (2227.904083ms)
✔ the hook pokes the watcher of the project it runs in, from any subfolder (55.822084ms)
✔ the hook does nothing when no watcher is running (152.600417ms)
✔ the hook exits 0 silently on empty, garbage or odd input (441.421333ms)
✔ hooks.json registers the poke on agent start and stop, through the plugin root (0.33275ms)
✔ the hub answers its health marker, 404s the unknown, and says when no run is registered (132.0685ms)
✔ the index lists live runs and greys stale ones, and serves each run page from its tracker dir (170.625208ms)
✔ the index is a status board: counts band, phase chip, slice progress and relative times (113.981042ms)
✔ the index shows each run's verify economics from its slices' ledger rows (115.932084ms)
✔ a run page never serves a file outside its tracker directory (118.850625ms)
✔ a corrupt registration is skipped, never 500s the index (112.774208ms)
✔ a registration with the wrong shape is skipped, and its run page 404s (118.447084ms)
✔ an embedded null byte in a run path is a 404, never a traceback (112.14325ms)
✔ an entry with a null repo or a non-string status title never 500s the index (112.458792ms)
✔ an entry quiet for a day is pruned from the registry and the index (111.184291ms)
✔ run_id slugs the repo dir and the spec path, and a same-named repo elsewhere gets a hash suffix (113.432125ms)
✔ run_id slugs a repo dir whose name is outside the hub id alphabet (94.22225ms)
✔ register writes the registration atomically, and heartbeat refreshes its mtime (139.10325ms)
✔ an unwritable registry warns and carries on, reporting failure (130.129292ms)
✔ the hub contract: port 8787 and ~/.sdlc/hub when the test overrides are absent (104.246875ms)
✔ --publish registers the run and the hub serves its page at the fixed url (4421.549292ms)
✔ a foreign process on the hub port is an error, never a silent move to another port (5795.561208ms)
✔ a foreign 200 with the wrong body is still a foreign server, never a doomed hub spawn (5864.028416ms)
✔ a hub dir blocked by a plain file warns, and the watcher carries on unpublished (4376.22825ms)
✔ a watcher that started behind a squatter publishes once a real hub appears (5383.635833ms)
✔ two runs publish side by side through the one hub (6931.821791ms)
✔ the docs speak of the hub and the fixed port, never of per-run serving (1.090708ms)
✔ the hub's rendered strings follow the STE rules (127.293167ms)
✔ plan passes both critics, tests fail correctly, slice advances to implement (4.1965ms)
✔ ambiguities go to the decision panel and the planner re-runs with the ADRs (2.793166ms)
✔ plan refuted three times escalates to replan (0.838708ms)
✔ tests that never fail for the right reason escalate after three attempts (0.626875ms)
✔ happy path runs implement, core verifiers, the profile group, three reviewers, the report, integrate (0.66075ms)
✔ resume at implement skips plan and tests (0.825917ms)
✔ resume at integrate goes straight to the integrator with persisted seeds (1.0605ms)
✔ a profile verifier failing test forces a fix round carrying the evidence (0.830166ms)
✔ three failed fix rounds escalate (0.434334ms)
✔ an inconclusive implementer run is re-run without spending a fix round (0.708ms)
✔ a fix round is spent only when the implementer stays inconclusive after its re-run (0.718292ms)
✔ a blocking finding that survives refutation forces a fix round (1.331291ms)
✔ a blocking finding refuted by the majority is dropped and non-blocking ones become seeds (0.621333ms)
✔ reviewer that fails to report blocks the slice (0.518459ms)
✔ integration failure escalates (0.559334ms)
✔ an inconclusive final check is re-run, and never escalates (0.741792ms)
✔ a final check still inconclusive after its re-run leaves the slice in integrate (0.976292ms)
✔ parkedRetry unparks then runs the slice from plan with reset counters (0.453916ms)
✔ retryMerge calls the integrator in retry-merge mode (0.256ms)
✔ a low-risk slice skips the verify battery and ships on a clean review (0.317959ms)
✔ a low-risk slice resumed at implement still skips the battery (0.255ms)
✔ a reviewer demanding verification turns the battery on for the same round (0.79675ms)
✔ a demanding review with blocking findings fixes first; the battery judges the fix (0.483042ms)
✔ a demanded battery that refutes sends the slice into a fix round with the verify evidence (0.499584ms)
✔ no-progress guard force-parks a slice after three identical outcomes (0.380625ms)
✔ milestonePlan runs the milestone-planner (0.238875ms)
✔ a clean campaign plans, reviews coverage, boots the stack, runs every area and reports verified (1.159958ms)
✔ coverage gaps send the scenario plan back with the critiques (0.438167ms)
✔ critics that never go dry stop after the round limit and the last revision still runs (0.328208ms)
✔ a failure confirmed by the judges becomes a bug for the writer (0.418083ms)
✔ a failure the judges refute is dismissed with their classification (0.302167ms)
✔ dead judges never dismiss a failure (0.289625ms)
✔ failures beyond the judge limit carry over as unjudged (0.43125ms)
✔ a runner that dies marks its scenarios blocked and the outcome partial (0.287583ms)
✔ a stack that cannot boot is reported blocked without running scenarios (0.259083ms)
✔ runners go in batches of three so one laptop is not flooded (17.7125ms)
✔ a re-run after fixes replays the planned scenarios without new coverage critique (1.360333ms)
✔ dismissalClass picks the majority classification among refuting voters (1.169834ms)
✔ verifier seeds reach the integrator alongside review seeds (0.669417ms)
✔ a planner that judges the slice too big goes straight to split without critics (0.327083ms)
✔ a too-big verdict after an earlier split escalates one rung further, never back down (0.317125ms)
fatal: refusing to fetch into branch 'refs/heads/main' checked out at '/private/var/folders/b_/kllw7bcd59sbstn3r2yv6r6m0000gp/T/sdlc-test-B0MOT8/sdlc-owner-4w0on5'
From /var/folders/b_/kllw7bcd59sbstn3r2yv6r6m0000gp/T/sdlc-test-B0MOT8/sdlc-remote-Uvp7Ju
 * branch            main       -> FETCH_HEAD
✔ A: a STOP file wins over everything, even a missing config (133.0655ms)
✔ A: the stop probe resolves at the main root when --main-root is given, at the repo otherwise (421.806208ms)
✔ A: bootstrap when the config is missing, the spec changed, or an override was added (443.186417ms)
✔ A: in pr mode a ready state PR is merged first, and one that is not ready means wait (451.801625ms)
✔ B: a slice whose PR is mergeable, approved and green is merged; a failing check or pending review is not (1107.998125ms)
✔ B: a slice PR that a human merged is recorded, not rebuilt and not waited on (142.000584ms)
✔ B: a slice in progress resumes, with only the fields the workflow uses (149.873166ms)
✔ C: milestones are planned when the file is missing, and verified once every member is finished (376.589667ms)
✔ C: a fixing milestone runs again when its fix slices are finished, and never past three attempts (457.334875ms)
✔ D: the next todo slice needs its dependencies done, awaiting merge or parked; a missing or split one counts through (617.515083ms)
✔ D: a parked slice is retried while it has retries left, after every todo slice (132.948375ms)
✔ E: todo slices that nothing can unblock are a livelock that names them (173.5235ms)
✔ F: the audit runs when it is missing, failed or older than the ledger (516.520666ms)
✔ F: parked slices out of retries are a livelock; an unfinished requirement nobody owns is an error (281.730125ms)
✔ F: a milestone that is neither verified nor exhausted blocks done with an error (129.477625ms)
✔ F: the bar raiser runs only while rounds are left and it has not gone dry twice (691.260208ms)
✔ a gitMode this script does not know is an error, not a mode it falls through (1050.085208ms)
✔ slim_slice passes a slice's risk through to the loop, and old slices stay unrated (247.092042ms)
✔ a state file that is not valid JSON is an error; a wrapped slices list is read (250.019666ms)
✔ the ledger hash matches the jq command in state-schema.md (235.740333ms)
✔ worktree world: a stale local default ref triggers no sync, and the decision reads origin/<defaultBranch> (1227.332625ms)
✔ worktree world: the sync round fetches without a refspec, the command succeeds, and one round is enough (1312.790167ms)
✔ a slice in progress on its own branch is found from the default branch, and stays the decision after a merge (831.751958ms)
✔ an open PR left by an attempt that was replanned does not hold the slice (559.890208ms)
✔ stack mode waits while a milestone pull request is open (142.905208ms)
✔ stack mode waits on a milestone pull request that is green but unreviewed (147.903083ms)
✔ stack mode does not wait once the milestone pull request has merged (141.551208ms)
✔ stack mode ignores an sdlc/M-1-e2e pull request when deciding whether to wait (163.636ms)
✔ stack mode does not hold on an unreviewed e2e pull request left by a run that changed mode (423.006375ms)
✔ pr mode still merges a ready e2e pull request itself (100.543791ms)
✔ stack mode holds on a milestone pull request before the milestone is recorded as verified (182.142ms)
✔ stack mode holds on a milestone pull request that is green and ready to merge (418.561375ms)
✔ stack mode holds on a milestone pull request whose milestone is not on the default branch yet (485.891042ms)
✔ stack mode stops holding once the milestone pull request is merged into the default branch (440.947458ms)
✔ active slice branch is found by parse under a custom format (1118.993458ms)
✔ state, e2e, slice and milestone heads are recognized under a custom format (850.347416ms)
✔ a lowercased head resolves to the ledger id (843.319709ms)
✔ a missing or empty branchFormat falls back to sdlc/{name} (1480.227208ms)
✔ the active slice branch, slice PR heads, the state PR, the e2e PR and the stack milestone hold are recognized under a custom format (969.705208ms)
✔ a slice-shaped branch without an in-progress ledger entry stays inactive (657.425209ms)
✔ the checked-out branch wins over another in-progress branch (726.829041ms)
✔ the reviewer can demand the verification battery for a mis-rated slice, and the schema passes the flag (1.731917ms)
✔ every agent role used by the script has a prompt file (0.992792ms)
✔ shared prompt files exist (0.103083ms)
✔ script avoids APIs the workflow runtime forbids (0.405ms)
✔ the slicer rates each slice's verification risk, low only for harmless changes (0.40075ms)
✔ every prompt that branches on the git mode says what mr mode does (0.551375ms)
✔ the mode-agnostic prompts cover stack mode (0.109792ms)
✔ the skill documents the stack flag, its remote requirement and its resume path (0.124166ms)
✔ config.json documents runBranch, and milestones document their pr field (0.107209ms)
✔ the common rules scope the relayed user request to the driver (0.111834ms)
✔ the e2e harness cuts its branch from the milestone branch in stack mode, and names a base for every mode (0.160333ms)
✔ the env-detector adopts the driver-created run branch, and numbers a fresh one the way the driver does (0.198875ms)
✔ the env-detector resolves stack from the input or an existing config, and stores a bare defaultBranch (0.148791ms)
✔ direct mode ships from the run worktree: sync, squash, push to the default branch (0.107083ms)
✔ the default-branch state commit runs from the worktree and pushes, instead of checking the branch out (0.185042ms)
✔ slice creation cuts from refs, and no prompt presents the default branch as a place to be (0.185625ms)
✔ the pr state-commit arm syncs the run branch too, and no arm checks the default branch out (0.067958ms)
✔ the worktree returns to the run branch before every run-branch operation (ruling B) (0.44575ms)
✔ the pr blocked-merge fallback writes in the run worktree and never returns to the default branch (0.096958ms)
✔ the schema documents the mainRoot input and the direct mode push it now implies (0.1715ms)
✔ the pr after-merge step syncs the run branch onto the base and pushes, and no held branch is ever checked out (0.144459ms)
✔ the integrator deletes archived attempt branches once a slice ships (0.077583ms)
✔ the integrator asks the code for the slice base branch instead of naming it in prose (0.107ms)
✔ the milestone-writer opens the milestone pull request and retargets the e2e merge (0.094833ms)
✔ the milestone-writer defers the milestone branch to its owner rather than creating it (0.060542ms)
✔ the milestone-writer leaves both branch transitions to the code (0.069292ms)
✔ the stack commit rule states when the run branch is actually pushed (0.063708ms)
✔ the implementer times the suite against the slice base branch in stack mode (0.052542ms)
✔ the stack commit rule names the branch instead of guessing it from a milestone status (0.214958ms)
✔ the escalator and force-park ask for the branch rather than naming it, and never the default branch (0.136292ms)
✔ the escalator returns to the run branch in direct and pr mode, and never checks out the default branch (0.063708ms)
✔ every agent writes comment-free code in the target repo, and its prose in STE (0.267791ms)
✔ the regression lens is slice-scoped during build rounds and full only at the gate (0.618417ms)
✔ profile agents write their tests as evidence in the main tree, and the collector only files and cleans (0.433542ms)
✔ verifier tests promote into the suite only with a demonstrated catch, under a quality bar (0.189708ms)
✔ the regression lens holds the suite slot in full scope, and the slice scope survives an impact.py failure (0.256416ms)
✔ the campaign covers slices that skipped verification, and the integrator receipt note is scoped to them (0.355208ms)
✔ the integrator trusts the gate receipt, regates after a product-code CI fix, and prunes bulk at merge (0.306292ms)
✔ the state-reader runs the janitor once per run without letting it block the decision (0.10425ms)
✔ the state-reader passes the main root to the stop probe (0.060458ms)
✔ every agent is told to check the stop file before it starts and to no-op into stopRequested (0.251542ms)
✔ the state schema documents the verify economy the loop implements (0.157875ms)
✔ the driver resolves the default branch in the owner checkout and hands it to the loop per mode (0.097291ms)
✔ the env-detector applies the defaultBranch input per mode, and mr ignores it (0.192167ms)
✔ the driver ensures the run worktree before the config checks, and points the loop at it (0.221ms)
✔ the stop wording promises a pause, and the paused bullet keeps the worktree (0.101ms)
✔ the loop-end cleanup removes the worktree and the run branch, and reports a refusal (0.128791ms)
✔ the tracker reads run state from the worktree and writes to the owner's checkout (0.154416ms)
✔ every prompt file passes the STE linter, with no allowlist and no skips (164.882042ms)
✔ the schema pins the merge prune and the run request names the moved reports (0.356833ms)
✔ the README documents the run worktree, the step-boundary pause and the STE rule (0.3165ms)
✔ the README worktree claims hold for direct mode, the driver counters, and the STE scope (0.115208ms)
✔ T-R-045: the Commands line and a flag bullet document --branch-format (0.085291ms)
✔ T-R-046a: the Branch format bullet runs the preflight after the Git mode bullet (0.124333ms)
✔ T-R-046b: the old branch name bullet and its GitLab push rule text are gone (0.205625ms)
✔ T-R-097: the Branch format bullet reports a derived format and resumes from config.json (0.153209ms)
✔ T-R-048: the Run worktree bullet ends the run on a worktree format mismatch (0.130542ms)
✔ T-R-049: the Launch args carry branchFormat between commitFormat and maxIterations (0.101667ms)
✔ T-R-047a: the Run worktree bullet names the run branch through branches.py name (0.19475ms)
✔ T-R-047b: the Run worktree bullet comes after the Branch format bullet and uses RUN_BRANCH (0.271708ms)
✔ T-R-121: on a relaunch the run branch is the last listed one and HEAD goes back onto it (0.411958ms)
✔ T-R-047c: the mismatch sentence sits inside the Run worktree bullet after the Branch format bullet (0.092083ms)
✔ T-R-047d: the Run worktree and specPath bullets come after the Branch format bullet (0.241791ms)
✔ T-R-047e: WT is set before the Git mode and Branch format bullets, and Git mode reads both config paths (0.181166ms)
✔ T-R-101b: the Branch format bullet asks nothing when parse prints no kind (0.107959ms)
✔ T-R-118b: the Branch format bullet asks for a rename when parse prints a kind (0.187ms)
✔ patch-slice creates the slice branch, merges the patch, marks requirements, writes STATUS.md and commits (1578.575833ms)
✔ patch-slice uses the commit format, and branches from an awaiting-merge dependency (1016.35775ms)
✔ patch-slice fails without committing when the slice or the input is wrong (655.708708ms)
✔ status lists what needs a human eye (248.007ms)
✔ add-requirements assigns the next ids and refuses a quote already in the ledger unless it is distinct (517.34225ms)
✔ critics adding at the same time never lose an entry or reuse an id (356.874625ms)
✔ a receipt covers the same code through state commits and a squash merge, and not a code change (1517.997292ms)
✔ a failed or partial receipt never stands in for the final check (1011.163458ms)
✔ stack mode cuts a slice branch from its milestone branch, creating and pushing that branch when it is absent (1695.060875ms)
✔ stack mode cuts an audit fix slice from the run branch, since it belongs to no milestone (960.99775ms)
✔ stack mode uses a milestone fix slice as an ordinary milestone slice (1152.952917ms)
✔ stack mode cuts a fix slice whose milestone is already verified from the run branch, and creates no milestone branch (1001.113333ms)
✔ stack mode bases the slice on a dependency awaiting merge, as pr mode does (896.766959ms)
✔ stack mode ignores an awaiting-merge dependency whose branch is gone, and uses the milestone branch (936.004083ms)
✔ stack mode finds the milestone that owns the slice, not the first one (2820.420791ms)
✔ the suite slot is exclusive, and slot-release frees it from another process (778.124791ms)
Automatic merge went well; stopped before committing as requested
Automatic merge went well; stopped before committing as requested
error: cannot delete branch 'sdlc/M-1' used by worktree at '/private/var/folders/b_/kllw7bcd59sbstn3r2yv6r6m0000gp/T/sdlc-test-i3CNvj/sdlc-wt-IGLuu6'
error: cannot delete branch 'sdlc/S-001-v1' used by worktree at '/private/var/folders/b_/kllw7bcd59sbstn3r2yv6r6m0000gp/T/sdlc-test-i3CNvj/sdlc-wt-mE5P9g'
Automatic merge went well; stopped before committing as requested
✔ the suite slot is self-healing: it works without .sdlc and after a killed holder (236.147209ms)
✔ stack mode aborts a conflicting merge of the default branch into the run branch (1972.50075ms)
✔ stack mode merges the default branch into the run branch when it moves without conflicting (2520.210625ms)
✔ stack mode refuses to cut a slice when there is no run branch to fall back on (321.442ms)
✔ pr, direct and mr mode are untouched by the stack arm (1826.138667ms)
✔ direct mode cuts from the fetched default-branch tip, mr from the local ref; neither moves the local branch (2386.20375ms)
✔ direct mode with a remote cuts the slice from origin/<defaultBranch> and keeps the committed state (1414.252458ms)
✔ pr mode with a remote cuts the slice from origin/<defaultBranch> without checking the branch out (1598.53025ms)
✔ a dependency whose branch exists but which is not awaiting merge is not used as a base (997.796083ms)
✔ stack mode names the missing run branch rather than letting git fail (402.186708ms)
✔ an unknown gitMode fails loudly instead of committing the slice to the default branch (4102.514542ms)
✔ after a milestone PR merges, the run branch carries it before the next branch is cut from it (1832.014917ms)
✔ the run branch is advanced onto the default branch when a milestone branch is cut too (1878.710459ms)
✔ advancing the run branch merges rather than rebasing, and never force-pushes it (1521.576458ms)
✔ a milestone branch left behind by an earlier attempt does not win over the verified rule (687.625083ms)
✔ a second run cuts its own M-1 instead of building on the first run's leftover milestone branch (2565.307833ms)
✔ pruning deletes a shipped milestone branch and nothing else (4439.835125ms)
✔ the prune does not delete a remote milestone branch that is ahead of the local one (2711.902083ms)
✔ the prune deletes the remote milestone branch only while the remote still holds what it proved (3806.675917ms)
✔ a milestone branch whose only unshipped change is a file mode is kept (1863.505208ms)
✔ a milestone branch checked out in another worktree is not deleted (2407.222875ms)
✔ a milestone branch with a slice pull request still open against it is not deleted (3751.420458ms)
✔ a milestone branch that moved between the proof and the delete survives the delete (3602.767292ms)
✔ the prune fetches the default branch before deciding, so a shipped milestone is not left behind (2716.910458ms)
✔ an earlier run's milestone branch holding unshipped work is kept, and never built on (1820.965334ms)
✔ base-branch names the milestone branch for a slice that belongs to a milestone (960.061792ms)
✔ base-branch names the run branch for an audit fix that belongs to no milestone (986.012458ms)
✔ base-branch names the run branch for a fix of a milestone that already shipped (384.102958ms)
✔ base-branch names the dependency branch for a slice whose dependency is awaiting merge (818.701958ms)
✔ pr, direct and mr mode answer with the default branch, and stay there (2118.374ms)
✔ base-branch names a milestone branch that does not exist yet, without creating it (328.290917ms)
✔ base-branch reads the repo and changes nothing at all (1202.318917ms)
✔ base-branch fails loudly rather than printing a plausible branch (867.152625ms)
✔ impact maps a changed source file to its package tests and reverse-dependency packages (300.084959ms)
﹣ impact follows Go imports to reverse-dependent packages when a go.mod exists (0.036666ms) # go not installed
✔ impact falls back to the test files in the changed paths when no package graph exists (280.180333ms)
✔ impact answers exit 0 with a note when the repo or git itself is unusable (48.744875ms)
✔ the janitor reaps an old sdlc- scratch dir in the real temp dir and keeps a fresh one (113.511042ms)
✔ the janitor reaps by janitorDays from config.json when --days is not given (244.746125ms)
✔ the janitor deletes v-branches of finished and unknown slices and keeps live ones (570.987833ms)
✔ the janitor prunes a stale worktree registration before sweeping, so the branch is not pinned forever (368.350875ms)
✔ the janitor notes missing or unreadable state instead of deleting, and still runs (363.651667ms)
✔ ste-check passes the rule sources it gates (32.626166ms)
✔ ste-check prints one file:line: rule — text line per violation and exits 1 (29.367125ms)
✔ ste-check keeps the exempt lines clean (29.512584ms)
✔ ste-check flags each rule on its own line (210.920042ms)
✔ state-write creates the slice and milestone branches under a custom format (1105.207917ms)
✔ state-write finds the dependency branch through the module under a custom format (799.353167ms)
✔ base-branch names the milestone branch through the format (677.142583ms)
✔ a milestone branch with a slice pull request open against it is kept under a custom format (2623.060666ms)
✔ milestone_branches_with_open_slice_pr returns the milestone branch name from the format (175.271375ms)
✔ the prune deletes a shipped milestone branch recognized by kind, under a custom format (2176.892292ms)
✔ the prune keeps a branch of another kind under the default format (2138.631208ms)
✔ state-write.py holds no MILESTONE_BRANCH regex (0.234208ms)
✔ a run branch with a custom format is advanced and kept as a full name (1530.363041ms)
✔ patch-slice refuses a branch format with no placeholder (635.878209ms)
✔ base-branch refuses a branch format with no placeholder (609.776375ms)
✔ patch-slice refuses a branch format with two placeholders (612.071584ms)
✔ base-branch refuses a branch format with two placeholders (635.754208ms)
✔ patch-slice refuses a branch format with mixed placeholders (628.421875ms)
✔ base-branch refuses a branch format with mixed placeholders (626.104292ms)
✔ patch-slice refuses a branch format with unknown placeholder (621.793083ms)
✔ base-branch refuses a branch format with unknown placeholder (629.6915ms)
✔ patch-slice refuses a branch format with double dots and moves no ref (876.147917ms)
✔ patch-slice refuses a branch format with a lock suffix and moves no ref (901.537666ms)
✔ patch-slice refuses a branch format with a space and moves no ref (894.495083ms)
✔ patch-slice refuses a branch format with a tilde and moves no ref (862.20425ms)
✔ patch-slice refuses a branch format with a leading dash and moves no ref (873.660208ms)
✔ plan passes both critics, tests fail correctly, slice advances to implement (5.273375ms)
✔ ambiguities go to the decision panel and the planner re-runs with the ADRs (2.688459ms)
✔ plan refuted three times escalates to replan (0.751125ms)
✔ tests that never fail for the right reason escalate after three attempts (0.97225ms)
✔ happy path runs implement, core verifiers, the profile group, three reviewers, the report, integrate (0.845791ms)
✔ resume at implement skips plan and tests (0.69725ms)
✔ resume at integrate goes straight to the integrator with persisted seeds (0.731708ms)
✔ a profile verifier failing test forces a fix round carrying the evidence (0.726167ms)
✔ three failed fix rounds escalate (0.554667ms)
✔ an inconclusive implementer run is re-run without spending a fix round (0.876584ms)
✔ a fix round is spent only when the implementer stays inconclusive after its re-run (0.495125ms)
✔ a blocking finding that survives refutation forces a fix round (0.988458ms)
✔ a blocking finding refuted by the majority is dropped and non-blocking ones become seeds (0.398833ms)
✔ reviewer that fails to report blocks the slice (0.501708ms)
✔ integration failure escalates (0.4095ms)
✔ an inconclusive final check is re-run, and never escalates (0.32725ms)
✔ a final check still inconclusive after its re-run leaves the slice in integrate (0.680583ms)
✔ parkedRetry unparks then runs the slice from plan with reset counters (0.385791ms)
✔ retryMerge calls the integrator in retry-merge mode (0.215125ms)
✔ a low-risk slice skips the verify battery and ships on a clean review (0.324709ms)
✔ a low-risk slice resumed at implement still skips the battery (0.261333ms)
✔ a reviewer demanding verification turns the battery on for the same round (0.81025ms)
✔ a demanding review with blocking findings fixes first; the battery judges the fix (0.488083ms)
✔ a demanded battery that refutes sends the slice into a fix round with the verify evidence (0.876292ms)
✔ no-progress guard force-parks a slice after three identical outcomes (0.584625ms)
✔ tallyVerify passes only when no vote refutes and there is no failing test (0.700375ms)
✔ tallyVerify: a spec-fidelity refutation with no failing test fails verification on its own (0.087041ms)
✔ tallyVerify: one failing test beats any number of approvals (0.468ms)
✔ tallyVerify treats a silent verifier as infra, not a refutation (0.101ms)
✔ allClear needs every vote present and not refuted (0.081333ms)
✔ survives needs a strict majority of non-refuting votes (0.069375ms)
✔ dedupeIdeas drops seen keys and in-batch duplicates, normalizing keys (0.165291ms)
✔ tallyAudit reopens a requirement only when a majority of auditors refute it (0.108833ms)
✔ tallyAudit treats a failed auditor as refuting every id in its chunk (0.067833ms)
✔ normalizeCounters fills missing counters with zero and keeps given ones (0.126542ms)
✔ chunk splits into fixed-size groups (0.072417ms)
✔ groupScenarios gives each profile its scenarios, splitting only past the agent limit (1.275709ms)
✔ profileVote refutes on a failing test and folds blocked scenarios and silent agents into infra (1.182375ms)
✔ collector turns .sdlc state into a self-contained tracker page (2344.395209ms)
✔ collector builds an empty page for a repo without .sdlc, and creates the out dir (2140.990791ms)
✔ verifier test reports render as pages with the referenced test source (2143.473375ms)
✔ a slice test report leads the page, with the verification rounds as an appendix and screenshots inline (2220.683833ms)
✔ a pre-existing slice keeps its report at the old location under the slice (2292.73625ms)
✔ collector adds the workflow view: phases, agents with status, model, tokens and time, and earlier runs (2222.587125ms)
✔ collector leaves the workflow view out when the run folder cannot be read (2213.972291ms)
✔ a watcher keeps rebuilding until --stop-watch, and a newer watcher replaces it (5450.460084ms)
✔ a build writes live.js with the same workflow block the page embeds, safe inside a script tag (2180.0095ms)
✔ a poke rebuilds live.js within a second or two without rebuilding the page, and live.js refreshes on its own every 5 s (10461.053375ms)
✔ the page redraws the workflow card only for a newer live payload, and flags a live run gone quiet (0.862792ms)
✔ the page keeps its last card for an empty live payload, and never flags a finished run (0.390333ms)
✔ the page redraws again only when the workflow data changed, not for a payload that differs in builtAt alone (0.54425ms)
✔ a payload with unchanged data still resets the paused clock, with exactly one redraw (0.567708ms)
✔ --stop-watch marks the run as not running in status.json and live.js, and fixes its end time (2239.685167ms)
✔ an agent cut off in an earlier run is read once, not on every rebuild (56.148125ms)
✔ the agent list is the scroll box, and a redraw keeps where the person scrolled to (15.353458ms)
✔ picking a phase and following the live phase bring that phase into view (3.144875ms)
✔ the list tails the newest agent while the live phase is followed, and pauses when the person scrolls up (2.0525ms)
✔ the running agents' clocks still tick between redraws, inside the list (2.110959ms)
✔ a redraw puts the focus back on the same control without moving the page or the list (2.500583ms)
✔ the follow brings the newest running agent into view when finished agents sit below it (2.571042ms)
✔ the phase column keeps its own scroll position across a redraw (1.710042ms)
✔ the agents, milestones and pace chart are plain open regions, so a reload never folds them shut (2.5605ms)
✔ the stats row carries the verify economics next to the existing counts (4.126084ms)
✔ the card body is capped, the agent list scrolls under a sticky heading, and the head stays out of it (1.361375ms)
✔ the tracker's rendered strings follow the STE rules (93.456917ms)
✔ plan passes both critics, tests fail correctly, slice advances to implement (4.487917ms)
✔ ambiguities go to the decision panel and the planner re-runs with the ADRs (2.839208ms)
✔ plan refuted three times escalates to replan (1.116291ms)
✔ tests that never fail for the right reason escalate after three attempts (0.938041ms)
✔ happy path runs implement, core verifiers, the profile group, three reviewers, the report, integrate (1.087834ms)
✔ resume at implement skips plan and tests (0.936667ms)
✔ resume at integrate goes straight to the integrator with persisted seeds (1.128958ms)
✔ a profile verifier failing test forces a fix round carrying the evidence (0.894208ms)
✔ three failed fix rounds escalate (0.623375ms)
✔ an inconclusive implementer run is re-run without spending a fix round (0.915792ms)
✔ a fix round is spent only when the implementer stays inconclusive after its re-run (0.672292ms)
✔ a blocking finding that survives refutation forces a fix round (1.31025ms)
✔ a blocking finding refuted by the majority is dropped and non-blocking ones become seeds (0.721666ms)
✔ reviewer that fails to report blocks the slice (0.787292ms)
✔ integration failure escalates (0.61175ms)
✔ an inconclusive final check is re-run, and never escalates (0.4885ms)
✔ a final check still inconclusive after its re-run leaves the slice in integrate (0.97725ms)
✔ parkedRetry unparks then runs the slice from plan with reset counters (0.525834ms)
✔ retryMerge calls the integrator in retry-merge mode (0.306875ms)
✔ a low-risk slice skips the verify battery and ships on a clean review (0.32875ms)
✔ a low-risk slice resumed at implement still skips the battery (0.240667ms)
✔ a reviewer demanding verification turns the battery on for the same round (0.867709ms)
✔ a demanding review with blocking findings fixes first; the battery judges the fix (0.460792ms)
✔ a demanded battery that refutes sends the slice into a fix round with the verify evidence (0.572208ms)
✔ no-progress guard force-parks a slice after three identical outcomes (0.532541ms)
✔ the profile group gets its scenarios, branch and unavailable tools; the toolsmith runs only for missing tools (1.79875ms)
✔ no missing tools means no toolsmith, and a clean group passes (1.578333ms)
✔ a collector that fails only logs; the round still fails or passes on the verifiers alone (0.533333ms)
✔ a planner that fails to report refutes the profiles vote without running any profile agent (0.444125ms)
✔ a fix round reuses the round-0 plan and re-runs only the failed (scenario, profile) pairs (0.721417ms)
✔ a fix round after a review finding runs no profile agent when every scenario held (0.611292ms)
✔ a blocked tool is rebuilt in the fix round and its scenario re-run (1.305792ms)
✔ the planner's risk rating caps the profile group (0.507375ms)
✔ capProfiles keeps the profiles that cover most scenarios, and pendingPairs picks failed and blocked ones (0.334416ms)
✔ capProfiles breaks a tie by the order the planner tagged the profiles, not by catalog order (0.346084ms)
✔ every profile has a prompt file that reads the shared profile rules (1.306292ms)
✔ by default every agent runs on the session model (0.556208ms)
✔ with a review model set, the spec-fidelity verifier and the reviewers run on it; everyone else inherits (0.554833ms)
✔ reviewModel null keeps every agent on the session model (0.506208ms)
✔ a review model that fails falls back to the session model (0.494334ms)
✔ a list of review models is tried in order before the session model (0.442209ms)
✔ the session model gets its two attempts after every review model failed (1.016958ms)
✔ a review model that failed twice in a row is skipped for the rest of the run, and one success resets the count (0.557292ms)
✔ reviewModel accepts one model name or a list (0.63425ms)
✔ profile agents run in batches of four (10.92625ms)
✔ after a review fix, the planner adds scenarios for the fix and only those run (0.995166ms)
✔ after a review fix that changed no behavior, the planner adds nothing and no profile agent runs (0.677208ms)
✔ after a review fix, a planner that fails to report falls back to the earlier plan (0.805333ms)
✔ a fix round after a verification failure does not plan again (0.670125ms)
✔ the regression verifier runs after the collector, and alongside spec-fidelity when there are no profile tests (1.83625ms)
✔ a failed collector still gets a regression run (0.36275ms)
✔ the review runs next to the regression verifier when everything before it held, and only once (0.49725ms)
✔ no review is started when a profile verifier or the spec-fidelity verifier refuted the slice (0.845708ms)
✔ a regression failure and a blocking review finding reach the implementer in the same round (0.822625ms)
✔ with no profile tests the review still runs, after verification (0.489959ms)
✔ T-R-051a verifyPhase names the verify branches through args.branchFormat (0.491625ms)
ℹ tests 707
ℹ suites 0
ℹ pass 706
ℹ fail 0
ℹ cancelled 0
ℹ skipped 1
ℹ todo 0
ℹ duration_ms 113024.4855
