npm notice run test
npm notice run node --test skills/sdlc/test/*.test.mjs
✔ clean audit reports pass and records all audited ids (2.924708ms)
✔ majority-refuted requirements are reopened (1.416458ms)
✔ repeated audit abort returns stalled (0.452292ms)
✔ livelock writes STUCK.md and ends the run as livelock (1.005417ms)
✔ seven lens finders, dedupe against seen, judge fresh ideas, write verdicts (3.204042ms)
✔ behavior-changing ideas become proposals without judging (1.684083ms)
✔ overflow is deferred and the round is not dry (2.054375ms)
✔ empty round is dry (0.599667ms)
✔ a backlog that fills a judging batch is drained before any finder runs (0.834542ms)
✔ judges receive the round number so they can raise the bar (0.402416ms)
✔ bar raiser is off by default: a barRaiserRound action ends the run as done without running it (0.312625ms)
✔ the state reader is told the bar-raiser round budget (1.035458ms)
✔ bootstrap runs env, extractor, three critics per round until a dry round, slicer, then commits (2.920708ms)
✔ a critic that fails to report keeps the round from counting as dry (1.449125ms)
✔ bootstrap passes mr mode and the commit format to the env-detector, whose schema allows mr (0.475959ms)
✔ the env-detector vars carry the driver-resolved defaultBranch, empty when the driver had none (1.1495ms)
✔ critic that never goes dry is capped and the cap is logged (0.467834ms)
✔ the documented git modes and the workflow script agree (1.242208ms)
✔ bootstrap aborts without committing when the extractor fails (0.324125ms)
✔ branches.py imports from its path and exposes the public functions (108.491334ms)
✔ branches.py imports only standard library modules (49.307417ms)
✔ every command runs and prints one JSON object (484.521792ms)
✔ a flag that a command does not name is bad input (271.035792ms)
✔ bad input exits 2 with one JSON error object (716.158167ms)
✔ load_format returns the config value or the default (518.364084ms)
✔ a command without --format uses the config format (524.493834ms)
✔ the three scripts import branches from their own directory (149.588958ms)
✔ a script run through a symlink imports branches from its real directory (195.256ms)
✔ a git-modes.json that cannot be read fails preflight with one JSON error (209.09ms)
✔ a missing or malformed git-modes.json fails preflight with one JSON error, and name, parse and list still run (2695.279541ms)
✔ a deeply nested config.json is bad input, not a crash (279.696083ms)
✔ the three scripts run with the working directory outside the skill directory (195.071625ms)
✔ branch recognition in the three scripts still resolves from a scratch working directory (1174.848708ms)
✔ validate_format accepts one placeholder with a valid literal part (118.24375ms)
✔ validate_format rejects two placeholders, none, whitespace and an invalid ref (68.380542ms)
✔ validate_format rejects Unicode whitespace that git accepts (44.799958ms)
✔ validate_format rejects the literal parts that git refuses (165.18925ms)
✔ an invalid-ref format is bad input on the CLI (289.816916ms)
✔ split returns the prefix, the suffix and the lower flag (42.480833ms)
✔ name puts the tail in the placeholder and lowercases only the tail (46.841833ms)
✔ validate_format without git is a Fail, not a crash (46.057917ms)
✔ tail builds the slice, state and e2e-area tails and fails on a missing part (43.220375ms)
✔ an explicit state ts is used as given under a prefixed format, and an empty ts generates one (44.935042ms)
✔ the state tail is the current UTC time (41.344458ms)
✔ name --kind state prints sdlc/state- and the current UTC time (176.26875ms)
✔ name without a required part exits 2 with one JSON error and no traceback (451.108167ms)
✔ name takes the format from the flag, then the config, then the default (649.469625ms)
✔ preflight reports the resolved format and whether it was given (1099.549917ms)
✔ the --format flag wins over a broken config in name and preflight (1611.311917ms)
✔ name prints the default branch for the run, slice, milestone, e2e, e2e-area, verify and attempt kinds (801.715542ms)
✔ tail builds the run, milestone, e2e, verify and attempt tails and fails on a missing part (44.176333ms)
✔ name for the run, milestone, e2e, verify and attempt kinds follows a prefixed and a lowercased format and fails without its part (367.926334ms)
✔ a stop action without a stop-file reason ends the run as stopped (1.978375ms)
✔ done returns the summary (1.005542ms)
✔ wait returns waiting (1.055958ms)
✔ state reader failing twice in a run that did nothing returns stalled after exactly one retry (0.529416ms)
✔ maxIterations 0 starts no agents (0.297875ms)
✔ agent cap stops before an iteration that does not fit (0.311166ms)
✔ low remaining budget stops before the next iteration (0.341208ms)
✔ the agent cap holds inside one milestone: a fixing round of the same milestone gets no headroom (1.611875ms)
✔ crossing a milestone boundary restores the cap: the next milestone gets a whole allowance (1.228584ms)
✔ the run total is not reset at a milestone boundary, and the pause message says which number it means (1.243208ms)
✔ the money brake still stops a run whose milestone allowance was just made whole (0.973167ms)
✔ unknown action in a run that did nothing returns stalled (0.326625ms)
✔ a run that completed an action before the state reader failed returns continue (0.48425ms)
✔ each stalled run adds one to stalledRuns, carried through args (0.563083ms)
✔ the 24th stalled run in a row returns stuck (0.74775ms)
✔ a repeated outcome that stalls counts toward stuck, and does not reset stalledRuns (0.6365ms)
✔ stop, done and wait leave stalledRuns as it came in (0.259917ms)
✔ an error from the state reader ends a run that did nothing as stalled, with the reason (0.365792ms)
✔ the state reader is given the decision script path (0.757708ms)
✔ prompt names the common and role prompt files and embeds inputs (0.378667ms)
✔ run() counts every attempt and returns null after two failures (0.966333ms)
✔ every phase title used in the script is declared in meta.phases (1.541625ms)
✔ the Gate phase is declared after the verify group and before Integrate (0.811791ms)
✔ plan passes both critics, tests fail correctly, slice advances to implement (4.374417ms)
✔ ambiguities go to the decision panel and the planner re-runs with the ADRs (2.931583ms)
✔ plan refuted three times escalates to replan (0.847125ms)
✔ tests that never fail for the right reason escalate after three attempts (0.599292ms)
✔ happy path runs implement, core verifiers, the profile group, three reviewers, the report, integrate (0.645709ms)
✔ resume at implement skips plan and tests (0.485542ms)
✔ resume at integrate goes straight to the integrator with persisted seeds (1.108709ms)
✔ a profile verifier failing test forces a fix round carrying the evidence (0.91175ms)
✔ three failed fix rounds escalate (0.536667ms)
✔ an inconclusive implementer run is re-run without spending a fix round (0.739292ms)
✔ a fix round is spent only when the implementer stays inconclusive after its re-run (0.752959ms)
✔ a blocking finding that survives refutation forces a fix round (1.249208ms)
✔ a blocking finding refuted by the majority is dropped and non-blocking ones become seeds (0.518334ms)
✔ reviewer that fails to report blocks the slice (0.444125ms)
✔ integration failure escalates (0.351625ms)
✔ an inconclusive final check is re-run, and never escalates (0.463875ms)
✔ a final check still inconclusive after its re-run leaves the slice in integrate (1.071542ms)
✔ parkedRetry unparks then runs the slice from plan with reset counters (0.733375ms)
✔ retryMerge calls the integrator in retry-merge mode (0.583708ms)
✔ a low-risk slice skips the verify battery and ships on a clean review (0.90675ms)
✔ a low-risk slice resumed at implement still skips the battery (0.633667ms)
✔ a reviewer demanding verification turns the battery on for the same round (1.186375ms)
✔ a demanding review with blocking findings fixes first; the battery judges the fix (0.581792ms)
✔ a demanded battery that refutes sends the slice into a fix round with the verify evidence (0.718666ms)
✔ no-progress guard force-parks a slice after three identical outcomes (0.711834ms)
✔ an infra vote never counts as a refutation, but stops the round from passing (0.994291ms)
✔ a refuting vote wins over infra classification (infra must not mask a real bug) (1.1325ms)
✔ profileVote folds blocked scenarios and silent agents into infra, not refutation (0.477375ms)
✔ a battery slice runs the gate before integrate, and a gate fail goes back to the build loop (0.68175ms)
✔ a slice already at phase gate resumes at the gate, not the build loop (0.335292ms)
✔ each verify round appends one ledger row to a single cumulative persist (0.52275ms)
✔ an infra round appends an infra row and replays without spending a fix round (0.988125ms)
✔ a gate fail appends its row and the retry carries the ledger through the recursion (0.408667ms)
✔ a round the implementer could not finish still appends its refuted row (0.567042ms)
✔ the integrator sending regate re-runs the gate (0.534959ms)
✔ three consecutive infra rounds park the slice with infra debt, without escalating (0.800125ms)
✔ gatePhase returns an infra verdict on a silent gate agent, and parks on the third (0.621333ms)
✔ a blocked-only profile round replays at the same fix round and parks after three (0.761167ms)
✔ a round whose only anomaly is a failed-to-report verifier replays without consuming a fix round (0.427625ms)
✔ three consecutive gate infra failures park the slice without escalating (0.63875ms)
✔ a parked-at-gate slice resumed via parkedRetry re-runs the gate, not the build loop (0.353375ms)
✔ a stopRequested implementer pauses the run without spending a fix round (1.158209ms)
✔ an agent already running finishes, the next one does not start (0.454125ms)
✔ a stopRequested agent deep in a parallel group unwinds cleanly (0.419458ms)
✔ an iteration-top stop action still ends stopped, not paused (0.519625ms)
✔ a stop-file stop at the iteration top pauses, and any other stop reason still ends stopped (0.883917ms)
✔ a stopRequested state-reader pauses instead of stalling into the relaunch loop (0.291083ms)
✔ every dispatched prompt carries the stop check, resolved at the main root (0.96675ms)
✔ a stopRequested state-writer mid-buildLoop stops the run before the next agent dispatches (0.59825ms)
✔ lifecycle: a profile refutation promotes into the fix round, the gate commits, the integrator merges (1.690084ms)
✔ every log string in sdlc-loop.js follows the STE rules (59.079458ms)
✔ first escalation is replan (2.506209ms)
✔ step 4 runs a three-angle decision panel and passes the ADR to the escalator (1.381292ms)
✔ panel with no proposals skips the judge and passes adr null (0.508916ms)
✔ step 5 parks a spec slice and reverts an improvement slice (0.816917ms)
✔ ladder never goes past park (0.368083ms)
✔ escalator that fails to confirm is reported in the outcome (0.478166ms)
✔ plan passes both critics, tests fail correctly, slice advances to implement (4.683667ms)
✔ ambiguities go to the decision panel and the planner re-runs with the ADRs (2.131875ms)
✔ plan refuted three times escalates to replan (0.579166ms)
✔ tests that never fail for the right reason escalate after three attempts (0.674292ms)
✔ happy path runs implement, core verifiers, the profile group, three reviewers, the report, integrate (0.657125ms)
✔ resume at implement skips plan and tests (0.488209ms)
✔ resume at integrate goes straight to the integrator with persisted seeds (0.825833ms)
✔ a profile verifier failing test forces a fix round carrying the evidence (0.612667ms)
✔ three failed fix rounds escalate (0.620334ms)
✔ an inconclusive implementer run is re-run without spending a fix round (0.660584ms)
✔ a fix round is spent only when the implementer stays inconclusive after its re-run (0.396875ms)
✔ a blocking finding that survives refutation forces a fix round (1.011625ms)
✔ a blocking finding refuted by the majority is dropped and non-blocking ones become seeds (0.46325ms)
✔ reviewer that fails to report blocks the slice (0.527375ms)
✔ integration failure escalates (0.384083ms)
✔ an inconclusive final check is re-run, and never escalates (0.305875ms)
✔ a final check still inconclusive after its re-run leaves the slice in integrate (0.91475ms)
✔ parkedRetry unparks then runs the slice from plan with reset counters (0.462333ms)
✔ retryMerge calls the integrator in retry-merge mode (0.239958ms)
✔ a low-risk slice skips the verify battery and ships on a clean review (0.295125ms)
✔ a low-risk slice resumed at implement still skips the battery (0.226417ms)
✔ a reviewer demanding verification turns the battery on for the same round (0.6685ms)
✔ a demanding review with blocking findings fixes first; the battery judges the fix (0.392625ms)
✔ a demanded battery that refutes sends the slice into a fix round with the verify evidence (0.366667ms)
✔ no-progress guard force-parks a slice after three identical outcomes (0.297417ms)
✔ I1: a blocking finding whose refuters all die is kept, not dropped (0.333333ms)
✔ I1: bar raiser round where every finder died is not dry (0.753ms)
✔ I1: an idea whose judges died is deferred, not rejected (0.376208ms)
✔ I3: a retryMerge that keeps waiting returns waiting instead of force-parking (0.185334ms)
✔ I3: a force-park that fails ends the run as stalled (0.26475ms)
✔ I4: the no-progress streak carries across runs through args and is returned (0.348417ms)
✔ I4: a bar-raiser writer failure yields a constant outcome (0.283166ms)
✔ I5: at most five blocking findings are judged per round (0.401042ms)
✔ I5: when the first five blocking findings are all refuted, the rest are judged too (0.39275ms)
✔ I5: a blocking finding past the first five still forces a fix round when it holds (0.720042ms)
✔ I5: at most three ambiguities go to decision panels per planner round (1.497334ms)
✔ I5: a build loop that would pass the agent cap pauses without escalating (0.400166ms)
✔ I9: a lone regression refutation fails verification (0.3615ms)
✔ git-modes.json holds an ordered list of mode names (49.775583ms)
✔ the workflow script mode list is the one in git-modes.json (69.098125ms)
✔ each python script resolves its modes from the file beside it, not from a literal (131.831458ms)
✔ a missing or malformed git-modes.json stops the scripts instead of falling back to a list (1388.636958ms)
✔ the hook pokes the watcher of the project it runs in, from any subfolder (70.014791ms)
✔ the hook does nothing when no watcher is running (62.346292ms)
✔ the hook exits 0 silently on empty, garbage or odd input (184.421125ms)
✔ hooks.json registers the poke on agent start and stop, through the plugin root (0.288ms)
✔ the hub answers its health marker, 404s the unknown, and says when no run is registered (129.7215ms)
✔ the index lists live runs and greys stale ones, and serves each run page from its tracker dir (118.87825ms)
✔ the index is a status board: counts band, phase chip, slice progress and relative times (113.463917ms)
✔ the index shows each run's verify economics from its slices' ledger rows (59.623959ms)
✔ a run page never serves a file outside its tracker directory (111.906416ms)
✔ a corrupt registration is skipped, never 500s the index (109.630584ms)
✔ a registration with the wrong shape is skipped, and its run page 404s (60.273291ms)
✔ an embedded null byte in a run path is a 404, never a traceback (57.891541ms)
✔ an entry with a null repo or a non-string status title never 500s the index (108.815125ms)
✔ an entry quiet for a day is pruned from the registry and the index (109.396583ms)
✔ run_id slugs the repo dir and the spec path, and a same-named repo elsewhere gets a hash suffix (92.473333ms)
✔ run_id slugs a repo dir whose name is outside the hub id alphabet (78.765125ms)
✔ register writes the registration atomically, and heartbeat refreshes its mtime (141.658459ms)
✔ an unwritable registry warns and carries on, reporting failure (88.908459ms)
✔ the hub contract: port 8787 and ~/.sdlc/hub when the test overrides are absent (66.233167ms)
✔ --publish registers the run and the hub serves its page at the fixed url (4737.643958ms)
✔ a foreign process on the hub port is an error, never a silent move to another port (6153.849583ms)
✔ a foreign 200 with the wrong body is still a foreign server, never a doomed hub spawn (5809.336375ms)
✔ a hub dir blocked by a plain file warns, and the watcher carries on unpublished (4054.667208ms)
✔ a watcher that started behind a squatter publishes once a real hub appears (4889.297917ms)
✔ two runs publish side by side through the one hub (6206.933417ms)
✔ the docs speak of the hub and the fixed port, never of per-run serving (1.001541ms)
✔ the hub's rendered strings follow the STE rules (68.827792ms)
✔ plan passes both critics, tests fail correctly, slice advances to implement (3.767667ms)
✔ ambiguities go to the decision panel and the planner re-runs with the ADRs (2.112ms)
✔ plan refuted three times escalates to replan (0.621584ms)
✔ tests that never fail for the right reason escalate after three attempts (0.417292ms)
✔ happy path runs implement, core verifiers, the profile group, three reviewers, the report, integrate (0.617625ms)
✔ resume at implement skips plan and tests (0.547708ms)
✔ resume at integrate goes straight to the integrator with persisted seeds (1.007208ms)
✔ a profile verifier failing test forces a fix round carrying the evidence (0.584ms)
✔ three failed fix rounds escalate (0.413792ms)
✔ an inconclusive implementer run is re-run without spending a fix round (0.714958ms)
✔ a fix round is spent only when the implementer stays inconclusive after its re-run (0.609208ms)
✔ a blocking finding that survives refutation forces a fix round (1.343708ms)
✔ a blocking finding refuted by the majority is dropped and non-blocking ones become seeds (0.641709ms)
✔ reviewer that fails to report blocks the slice (0.712709ms)
✔ integration failure escalates (0.37925ms)
✔ an inconclusive final check is re-run, and never escalates (0.315416ms)
✔ a final check still inconclusive after its re-run leaves the slice in integrate (0.7515ms)
✔ parkedRetry unparks then runs the slice from plan with reset counters (0.422792ms)
✔ retryMerge calls the integrator in retry-merge mode (0.226292ms)
✔ a low-risk slice skips the verify battery and ships on a clean review (0.323875ms)
✔ a low-risk slice resumed at implement still skips the battery (0.257958ms)
✔ a reviewer demanding verification turns the battery on for the same round (0.875833ms)
✔ a demanding review with blocking findings fixes first; the battery judges the fix (0.467291ms)
✔ a demanded battery that refutes sends the slice into a fix round with the verify evidence (0.415ms)
✔ no-progress guard force-parks a slice after three identical outcomes (0.323875ms)
✔ milestonePlan runs the milestone-planner (0.213916ms)
✔ a clean campaign plans, reviews coverage, boots the stack, runs every area and reports verified (0.99925ms)
✔ coverage gaps send the scenario plan back with the critiques (0.677208ms)
✔ critics that never go dry stop after the round limit and the last revision still runs (0.352709ms)
✔ a failure confirmed by the judges becomes a bug for the writer (0.335917ms)
✔ a failure the judges refute is dismissed with their classification (0.275041ms)
✔ dead judges never dismiss a failure (0.3705ms)
✔ failures beyond the judge limit carry over as unjudged (0.569666ms)
✔ a runner that dies marks its scenarios blocked and the outcome partial (0.348875ms)
✔ a stack that cannot boot is reported blocked without running scenarios (0.322584ms)
✔ runners go in batches of three so one laptop is not flooded (17.006916ms)
✔ a re-run after fixes replays the planned scenarios without new coverage critique (1.340583ms)
✔ dismissalClass picks the majority classification among refuting voters (0.864666ms)
✔ verifier seeds reach the integrator alongside review seeds (0.407209ms)
✔ a planner that judges the slice too big goes straight to split without critics (0.207625ms)
✔ a too-big verdict after an earlier split escalates one rung further, never back down (0.206583ms)
fatal: refusing to fetch into branch 'refs/heads/main' checked out at '/private/var/folders/b_/kllw7bcd59sbstn3r2yv6r6m0000gp/T/sdlc-test-zAGd9k/sdlc-owner-OsAArQ'
From /var/folders/b_/kllw7bcd59sbstn3r2yv6r6m0000gp/T/sdlc-test-zAGd9k/sdlc-remote-Mo6dg5
 * branch            main       -> FETCH_HEAD
✔ A: a STOP file wins over everything, even a missing config (120.339375ms)
✔ A: the stop probe resolves at the main root when --main-root is given, at the repo otherwise (247.1165ms)
✔ A: bootstrap when the config is missing, the spec changed, or an override was added (262.797791ms)
✔ A: in pr mode a ready state PR is merged first, and one that is not ready means wait (314.250167ms)
✔ B: a slice whose PR is mergeable, approved and green is merged; a failing check or pending review is not (697.434791ms)
✔ B: a slice PR that a human merged is recorded, not rebuilt and not waited on (121.923375ms)
✔ B: a slice in progress resumes, with only the fields the workflow uses (106.043042ms)
✔ C: milestones are planned when the file is missing, and verified once every member is finished (364.6495ms)
✔ C: a fixing milestone runs again when its fix slices are finished, and never past three attempts (426.001916ms)
✔ D: the next todo slice needs its dependencies done, awaiting merge or parked; a missing or split one counts through (505.99675ms)
✔ D: a parked slice is retried while it has retries left, after every todo slice (117.286042ms)
✔ E: todo slices that nothing can unblock are a livelock that names them (140.129917ms)
✔ F: the audit runs when it is missing, failed or older than the ledger (487.276ms)
✔ F: parked slices out of retries are a livelock; an unfinished requirement nobody owns is an error (238.979583ms)
✔ F: a milestone that is neither verified nor exhausted blocks done with an error (115.920208ms)
✔ F: the bar raiser runs only while rounds are left and it has not gone dry twice (591.949541ms)
✔ a gitMode this script does not know is an error, not a mode it falls through (821.538291ms)
✔ slim_slice passes a slice's risk through to the loop, and old slices stay unrated (229.807833ms)
✔ a state file that is not valid JSON is an error; a wrapped slices list is read (250.179166ms)
✔ the ledger hash matches the jq command in state-schema.md (192.870458ms)
✔ worktree world: a stale local default ref triggers no sync, and the decision reads origin/<defaultBranch> (1051.923458ms)
✔ worktree world: the sync round fetches without a refspec, the command succeeds, and one round is enough (1068.728042ms)
✔ a slice in progress on its own branch is found from the default branch, and stays the decision after a merge (675.377459ms)
✔ an open PR left by an attempt that was replanned does not hold the slice (436.986958ms)
✔ stack mode waits while a milestone pull request is open (136.732459ms)
✔ stack mode waits on a milestone pull request that is green but unreviewed (126.641375ms)
✔ stack mode does not wait once the milestone pull request has merged (119.104709ms)
✔ stack mode ignores an sdlc/M-1-e2e pull request when deciding whether to wait (120.196ms)
✔ stack mode does not hold on an unreviewed e2e pull request left by a run that changed mode (399.729417ms)
✔ pr mode still merges a ready e2e pull request itself (98.855417ms)
✔ stack mode holds on a milestone pull request before the milestone is recorded as verified (138.245333ms)
✔ stack mode holds on a milestone pull request that is green and ready to merge (391.937958ms)
✔ stack mode holds on a milestone pull request whose milestone is not on the default branch yet (394.129541ms)
✔ stack mode stops holding once the milestone pull request is merged into the default branch (406.808416ms)
✔ the reviewer can demand the verification battery for a mis-rated slice, and the schema passes the flag (1.085917ms)
✔ every agent role used by the script has a prompt file (0.707708ms)
✔ shared prompt files exist (0.072542ms)
✔ script avoids APIs the workflow runtime forbids (0.43425ms)
✔ the slicer rates each slice's verification risk, low only for harmless changes (0.488125ms)
✔ every prompt that branches on the git mode says what mr mode does (0.41925ms)
✔ the mode-agnostic prompts cover stack mode (0.217542ms)
✔ the skill documents the stack flag, its remote requirement and its resume path (0.169125ms)
✔ config.json documents runBranch, and milestones document their pr field (0.133708ms)
✔ the common rules scope the relayed user request to the driver (0.137709ms)
✔ the e2e harness cuts its branch from the milestone branch in stack mode, and names a base for every mode (0.1655ms)
✔ the env-detector adopts the driver-created run branch, and numbers a fresh one the way the driver does (0.184334ms)
✔ the env-detector resolves stack from the input or an existing config, and stores a bare defaultBranch (0.178584ms)
✔ direct mode ships from the run worktree: sync, squash, push to the default branch (0.090917ms)
✔ the default-branch state commit runs from the worktree and pushes, instead of checking the branch out (0.06ms)
✔ slice creation cuts from refs, and no prompt presents the default branch as a place to be (0.141583ms)
✔ the pr state-commit arm syncs the run branch too, and no arm checks the default branch out (0.0625ms)
✔ the worktree returns to the run branch before every run-branch operation (ruling B) (0.270417ms)
✔ the pr blocked-merge fallback writes in the run worktree and never returns to the default branch (0.081292ms)
✔ the schema documents the mainRoot input and the direct mode push it now implies (0.156333ms)
✔ the pr after-merge step syncs the run branch onto the base and pushes, and no held branch is ever checked out (0.155291ms)
✔ the integrator deletes archived attempt branches once a slice ships (0.124375ms)
✔ the integrator asks the code for the slice base branch instead of naming it in prose (0.240416ms)
✔ the milestone-writer opens the milestone pull request and retargets the e2e merge (0.1025ms)
✔ the milestone-writer defers the milestone branch to its owner rather than creating it (0.074291ms)
✔ the milestone-writer leaves both branch transitions to the code (0.087ms)
✔ the stack commit rule states when the run branch is actually pushed (0.054042ms)
✔ the implementer times the suite against the slice base branch in stack mode (0.096625ms)
✔ the stack commit rule names the branch instead of guessing it from a milestone status (0.2275ms)
✔ the escalator and force-park ask for the branch rather than naming it, and never the default branch (0.183542ms)
✔ the escalator returns to the run branch in direct and pr mode, and never checks out the default branch (0.081875ms)
✔ every agent writes comment-free code in the target repo, and its prose in STE (0.407542ms)
✔ the regression lens is slice-scoped during build rounds and full only at the gate (0.149041ms)
✔ profile agents write their tests as evidence in the main tree, and the collector only files and cleans (0.625041ms)
✔ verifier tests promote into the suite only with a demonstrated catch, under a quality bar (0.282666ms)
✔ the regression lens holds the suite slot in full scope, and the slice scope survives an impact.py failure (0.462917ms)
✔ the campaign covers slices that skipped verification, and the integrator receipt note is scoped to them (0.22275ms)
✔ the integrator trusts the gate receipt, regates after a product-code CI fix, and prunes bulk at merge (0.31675ms)
✔ the state-reader runs the janitor once per run without letting it block the decision (0.122875ms)
✔ the state-reader passes the main root to the stop probe (0.175541ms)
✔ every agent is told to check the stop file before it starts and to no-op into stopRequested (0.262125ms)
✔ the state schema documents the verify economy the loop implements (0.2095ms)
✔ the driver resolves the default branch in the owner checkout and hands it to the loop per mode (0.237ms)
✔ the env-detector applies the defaultBranch input per mode, and mr ignores it (0.242417ms)
✔ the driver ensures the run worktree before the config checks, and points the loop at it (0.248625ms)
✔ the stop wording promises a pause, and the paused bullet keeps the worktree (0.155083ms)
✔ the loop-end cleanup removes the worktree and the run branch, and reports a refusal (0.13675ms)
✔ the tracker reads run state from the worktree and writes to the owner's checkout (0.19375ms)
✔ every prompt file passes the STE linter, with no allowlist and no skips (159.025958ms)
✔ the schema pins the merge prune and the run request names the moved reports (0.3755ms)
✔ the README documents the run worktree, the step-boundary pause and the STE rule (0.3705ms)
✔ the README worktree claims hold for direct mode, the driver counters, and the STE scope (0.144292ms)
✔ every process and network call in the scripts sits at a pinned site (124.428542ms)
✔ every wrapper call gives a constant verb, and only the three reviewed calls push (110.632083ms)
✔ the loop script has no process or network access (301.644208ms)
✔ the loop gives its verify branch builder only to the profile agent and the collector (0.619792ms)
✔ each known push and pull-request form fails the guard (13881.152833ms)
✔ a spec-required forge read changes only a pin and hits no ban (198.3195ms)
✔ a comment or a blank line in a wrapper body keeps every pin (186.776917ms)
✔ patch-slice creates the slice branch, merges the patch, marks requirements, writes STATUS.md and commits (916.162375ms)
✔ patch-slice uses the commit format, and branches from an awaiting-merge dependency (663.285541ms)
✔ patch-slice fails without committing when the slice or the input is wrong (507.256916ms)
✔ status lists what needs a human eye (252.000167ms)
✔ add-requirements assigns the next ids and refuses a quote already in the ledger unless it is distinct (477.651375ms)
✔ critics adding at the same time never lose an entry or reuse an id (296.2065ms)
✔ a receipt covers the same code through state commits and a squash merge, and not a code change (1298.422833ms)
✔ a failed or partial receipt never stands in for the final check (850.68325ms)
✔ stack mode cuts a slice branch from its milestone branch, creating and pushing that branch when it is absent (1462.66725ms)
✔ stack mode cuts an audit fix slice from the run branch, since it belongs to no milestone (862.048417ms)
✔ stack mode uses a milestone fix slice as an ordinary milestone slice (890.009583ms)
✔ stack mode cuts a fix slice whose milestone is already verified from the run branch, and creates no milestone branch (845.674ms)
✔ stack mode bases the slice on a dependency awaiting merge, as pr mode does (765.761583ms)
✔ stack mode ignores an awaiting-merge dependency whose branch is gone, and uses the milestone branch (752.075917ms)
✔ stack mode finds the milestone that owns the slice, not the first one (2181.866875ms)
✔ the suite slot is exclusive, and slot-release frees it from another process (668.791417ms)
Automatic merge went well; stopped before committing as requested
Automatic merge went well; stopped before committing as requested
error: cannot delete branch 'sdlc/M-1' used by worktree at '/private/var/folders/b_/kllw7bcd59sbstn3r2yv6r6m0000gp/T/sdlc-test-3M5MO5/sdlc-wt-v37muH'
error: cannot delete branch 'sdlc/S-001-v1' used by worktree at '/private/var/folders/b_/kllw7bcd59sbstn3r2yv6r6m0000gp/T/sdlc-test-3M5MO5/sdlc-wt-CifePX'
✔ the suite slot is self-healing: it works without .sdlc and after a killed holder (164.747208ms)
✔ stack mode aborts a conflicting merge of the default branch into the run branch (1307.350792ms)
✔ stack mode merges the default branch into the run branch when it moves without conflicting (1658.912833ms)
✔ stack mode refuses to cut a slice when there is no run branch to fall back on (258.103708ms)
✔ pr, direct and mr mode are untouched by the stack arm (1389.66225ms)
✔ direct mode cuts from the fetched default-branch tip, mr from the local ref; neither moves the local branch (1912.723041ms)
✔ direct mode with a remote cuts the slice from origin/<defaultBranch> and keeps the committed state (1127.418916ms)
✔ pr mode with a remote cuts the slice from origin/<defaultBranch> without checking the branch out (1154.753334ms)
✔ a dependency whose branch exists but which is not awaiting merge is not used as a base (764.512333ms)
✔ stack mode names the missing run branch rather than letting git fail (269.8885ms)
✔ an unknown gitMode fails loudly instead of committing the slice to the default branch (2930.532833ms)
✔ after a milestone PR merges, the run branch carries it before the next branch is cut from it (1371.917167ms)
✔ the run branch is advanced onto the default branch when a milestone branch is cut too (1618.242166ms)
✔ advancing the run branch merges rather than rebasing, and never force-pushes it (1397.327209ms)
✔ a milestone branch left behind by an earlier attempt does not win over the verified rule (717.128042ms)
✔ a second run cuts its own M-1 instead of building on the first run's leftover milestone branch (2608.937125ms)
✔ pruning deletes a shipped milestone branch and nothing else (3911.265708ms)
✔ the prune does not delete a remote milestone branch that is ahead of the local one (2438.310208ms)
✔ the prune deletes the remote milestone branch only while the remote still holds what it proved (3330.143542ms)
✔ a milestone branch whose only unshipped change is a file mode is kept (1852.489875ms)
✔ a milestone branch checked out in another worktree is not deleted (2046.138083ms)
✔ a milestone branch with a slice pull request still open against it is not deleted (2946.119333ms)
✔ a milestone branch that moved between the proof and the delete survives the delete (2854.002666ms)
✔ the prune fetches the default branch before deciding, so a shipped milestone is not left behind (2195.62475ms)
✔ an earlier run's milestone branch holding unshipped work is kept, and never built on (1395.149958ms)
✔ base-branch names the milestone branch for a slice that belongs to a milestone (732.266125ms)
✔ base-branch names the run branch for an audit fix that belongs to no milestone (753.3945ms)
✔ base-branch names the run branch for a fix of a milestone that already shipped (255.592167ms)
✔ base-branch names the dependency branch for a slice whose dependency is awaiting merge (641.66875ms)
✔ pr, direct and mr mode answer with the default branch, and stay there (1816.961625ms)
✔ base-branch names a milestone branch that does not exist yet, without creating it (325.635958ms)
✔ base-branch reads the repo and changes nothing at all (1115.871916ms)
✔ base-branch fails loudly rather than printing a plausible branch (774.479083ms)
✔ impact maps a changed source file to its package tests and reverse-dependency packages (272.7275ms)
﹣ impact follows Go imports to reverse-dependent packages when a go.mod exists (0.038042ms) # go not installed
✔ impact falls back to the test files in the changed paths when no package graph exists (269.750791ms)
✔ impact answers exit 0 with a note when the repo or git itself is unusable (45.892417ms)
✔ the janitor reaps an old sdlc- scratch dir in the real temp dir and keeps a fresh one (102.226333ms)
✔ the janitor reaps by janitorDays from config.json when --days is not given (216.964583ms)
✔ the janitor deletes v-branches of finished and unknown slices and keeps live ones (549.652584ms)
✔ the janitor prunes a stale worktree registration before sweeping, so the branch is not pinned forever (340.411875ms)
✔ the janitor notes missing or unreadable state instead of deleting, and still runs (365.564916ms)
✔ ste-check passes the rule sources it gates (33.160625ms)
✔ ste-check prints one file:line: rule — text line per violation and exits 1 (27.123917ms)
✔ ste-check keeps the exempt lines clean (28.100958ms)
✔ ste-check flags each rule on its own line (192.928459ms)
✔ plan passes both critics, tests fail correctly, slice advances to implement (4.575542ms)
✔ ambiguities go to the decision panel and the planner re-runs with the ADRs (2.617208ms)
✔ plan refuted three times escalates to replan (0.593ms)
✔ tests that never fail for the right reason escalate after three attempts (0.4765ms)
✔ happy path runs implement, core verifiers, the profile group, three reviewers, the report, integrate (0.62075ms)
✔ resume at implement skips plan and tests (0.897333ms)
✔ resume at integrate goes straight to the integrator with persisted seeds (0.802084ms)
✔ a profile verifier failing test forces a fix round carrying the evidence (0.618292ms)
✔ three failed fix rounds escalate (0.402792ms)
✔ an inconclusive implementer run is re-run without spending a fix round (0.738291ms)
✔ a fix round is spent only when the implementer stays inconclusive after its re-run (0.468875ms)
✔ a blocking finding that survives refutation forces a fix round (1.129209ms)
✔ a blocking finding refuted by the majority is dropped and non-blocking ones become seeds (0.469541ms)
✔ reviewer that fails to report blocks the slice (0.42ms)
✔ integration failure escalates (0.328ms)
✔ an inconclusive final check is re-run, and never escalates (0.304791ms)
✔ a final check still inconclusive after its re-run leaves the slice in integrate (0.914292ms)
✔ parkedRetry unparks then runs the slice from plan with reset counters (0.459541ms)
✔ retryMerge calls the integrator in retry-merge mode (0.245459ms)
✔ a low-risk slice skips the verify battery and ships on a clean review (0.369333ms)
✔ a low-risk slice resumed at implement still skips the battery (0.552417ms)
✔ a reviewer demanding verification turns the battery on for the same round (0.879292ms)
✔ a demanding review with blocking findings fixes first; the battery judges the fix (0.671542ms)
✔ a demanded battery that refutes sends the slice into a fix round with the verify evidence (0.740541ms)
✔ no-progress guard force-parks a slice after three identical outcomes (0.658541ms)
✔ tallyVerify passes only when no vote refutes and there is no failing test (0.503542ms)
✔ tallyVerify: a spec-fidelity refutation with no failing test fails verification on its own (0.1185ms)
✔ tallyVerify: one failing test beats any number of approvals (0.35025ms)
✔ tallyVerify treats a silent verifier as infra, not a refutation (0.08025ms)
✔ allClear needs every vote present and not refuted (0.059875ms)
✔ survives needs a strict majority of non-refuting votes (0.084458ms)
✔ dedupeIdeas drops seen keys and in-batch duplicates, normalizing keys (0.14475ms)
✔ tallyAudit reopens a requirement only when a majority of auditors refute it (0.101917ms)
✔ tallyAudit treats a failed auditor as refuting every id in its chunk (0.063959ms)
✔ normalizeCounters fills missing counters with zero and keeps given ones (0.101ms)
✔ chunk splits into fixed-size groups (0.06125ms)
✔ groupScenarios gives each profile its scenarios, splitting only past the agent limit (1.096334ms)
✔ profileVote refutes on a failing test and folds blocked scenarios and silent agents into infra (1.016042ms)
✔ collector turns .sdlc state into a self-contained tracker page (2286.752583ms)
✔ collector builds an empty page for a repo without .sdlc, and creates the out dir (2332.298ms)
✔ verifier test reports render as pages with the referenced test source (2285.888125ms)
✔ a slice test report leads the page, with the verification rounds as an appendix and screenshots inline (2309.864708ms)
✔ a pre-existing slice keeps its report at the old location under the slice (2315.477833ms)
✔ collector adds the workflow view: phases, agents with status, model, tokens and time, and earlier runs (2272.3415ms)
✔ collector leaves the workflow view out when the run folder cannot be read (2107.977625ms)
✔ a watcher keeps rebuilding until --stop-watch, and a newer watcher replaces it (5187.076958ms)
✔ a build writes live.js with the same workflow block the page embeds, safe inside a script tag (1906.66125ms)
✔ a poke rebuilds live.js within a second or two without rebuilding the page, and live.js refreshes on its own every 5 s (9960.058959ms)
✔ the page redraws the workflow card only for a newer live payload, and flags a live run gone quiet (0.889083ms)
✔ the page keeps its last card for an empty live payload, and never flags a finished run (0.382042ms)
✔ the page redraws again only when the workflow data changed, not for a payload that differs in builtAt alone (0.367ms)
✔ a payload with unchanged data still resets the paused clock, with exactly one redraw (0.307208ms)
✔ --stop-watch marks the run as not running in status.json and live.js, and fixes its end time (1950.421667ms)
✔ an agent cut off in an earlier run is read once, not on every rebuild (42.868625ms)
✔ the agent list is the scroll box, and a redraw keeps where the person scrolled to (12.217958ms)
✔ picking a phase and following the live phase bring that phase into view (2.28ms)
✔ the list tails the newest agent while the live phase is followed, and pauses when the person scrolls up (2.026125ms)
✔ the running agents' clocks still tick between redraws, inside the list (1.315666ms)
✔ a redraw puts the focus back on the same control without moving the page or the list (1.487333ms)
✔ the follow brings the newest running agent into view when finished agents sit below it (1.235542ms)
✔ the phase column keeps its own scroll position across a redraw (0.868084ms)
✔ the agents, milestones and pace chart are plain open regions, so a reload never folds them shut (1.44725ms)
✔ the stats row carries the verify economics next to the existing counts (2.306875ms)
✔ the card body is capped, the agent list scrolls under a sticky heading, and the head stays out of it (0.942958ms)
✔ the tracker's rendered strings follow the STE rules (74.944ms)
✔ plan passes both critics, tests fail correctly, slice advances to implement (3.60525ms)
✔ ambiguities go to the decision panel and the planner re-runs with the ADRs (2.235541ms)
✔ plan refuted three times escalates to replan (0.633791ms)
✔ tests that never fail for the right reason escalate after three attempts (0.467292ms)
✔ happy path runs implement, core verifiers, the profile group, three reviewers, the report, integrate (0.56575ms)
✔ resume at implement skips plan and tests (0.422708ms)
✔ resume at integrate goes straight to the integrator with persisted seeds (0.6245ms)
✔ a profile verifier failing test forces a fix round carrying the evidence (0.467792ms)
✔ three failed fix rounds escalate (0.484084ms)
✔ an inconclusive implementer run is re-run without spending a fix round (0.594917ms)
✔ a fix round is spent only when the implementer stays inconclusive after its re-run (0.373625ms)
✔ a blocking finding that survives refutation forces a fix round (0.935583ms)
✔ a blocking finding refuted by the majority is dropped and non-blocking ones become seeds (0.399292ms)
✔ reviewer that fails to report blocks the slice (0.376042ms)
✔ integration failure escalates (0.339416ms)
✔ an inconclusive final check is re-run, and never escalates (0.309459ms)
✔ a final check still inconclusive after its re-run leaves the slice in integrate (0.779917ms)
✔ parkedRetry unparks then runs the slice from plan with reset counters (0.463459ms)
✔ retryMerge calls the integrator in retry-merge mode (0.25075ms)
✔ a low-risk slice skips the verify battery and ships on a clean review (0.3255ms)
✔ a low-risk slice resumed at implement still skips the battery (0.439667ms)
✔ a reviewer demanding verification turns the battery on for the same round (0.809917ms)
✔ a demanding review with blocking findings fixes first; the battery judges the fix (0.430584ms)
✔ a demanded battery that refutes sends the slice into a fix round with the verify evidence (0.386083ms)
✔ no-progress guard force-parks a slice after three identical outcomes (0.371ms)
✔ the profile group gets its scenarios, branch and unavailable tools; the toolsmith runs only for missing tools (1.308958ms)
✔ no missing tools means no toolsmith, and a clean group passes (1.137417ms)
✔ a collector that fails only logs; the round still fails or passes on the verifiers alone (0.335209ms)
✔ a planner that fails to report refutes the profiles vote without running any profile agent (0.319125ms)
✔ a fix round reuses the round-0 plan and re-runs only the failed (scenario, profile) pairs (0.679917ms)
✔ a fix round after a review finding runs no profile agent when every scenario held (0.554375ms)
✔ a blocked tool is rebuilt in the fix round and its scenario re-run (1.426625ms)
✔ the planner's risk rating caps the profile group (0.507708ms)
✔ capProfiles keeps the profiles that cover most scenarios, and pendingPairs picks failed and blocked ones (0.352667ms)
✔ capProfiles breaks a tie by the order the planner tagged the profiles, not by catalog order (0.298958ms)
✔ every profile has a prompt file that reads the shared profile rules (1.113ms)
✔ by default every agent runs on the session model (0.370417ms)
✔ with a review model set, the spec-fidelity verifier and the reviewers run on it; everyone else inherits (0.445708ms)
✔ reviewModel null keeps every agent on the session model (0.300125ms)
✔ a review model that fails falls back to the session model (0.337458ms)
✔ a list of review models is tried in order before the session model (0.411084ms)
✔ the session model gets its two attempts after every review model failed (0.786625ms)
✔ a review model that failed twice in a row is skipped for the rest of the run, and one success resets the count (0.435125ms)
✔ reviewModel accepts one model name or a list (0.570042ms)
✔ profile agents run in batches of four (11.540542ms)
✔ after a review fix, the planner adds scenarios for the fix and only those run (0.947542ms)
✔ after a review fix that changed no behavior, the planner adds nothing and no profile agent runs (0.513166ms)
✔ after a review fix, a planner that fails to report falls back to the earlier plan (0.427083ms)
✔ a fix round after a verification failure does not plan again (0.358375ms)
✔ the regression verifier runs after the collector, and alongside spec-fidelity when there are no profile tests (1.685833ms)
✔ a failed collector still gets a regression run (0.345917ms)
✔ the review runs next to the regression verifier when everything before it held, and only once (0.66075ms)
✔ no review is started when a profile verifier or the spec-fidelity verifier refuted the slice (0.8965ms)
✔ a regression failure and a blocking review finding reach the implementer in the same round (0.669959ms)
✔ with no profile tests the review still runs, after verification (0.440875ms)
ℹ tests 517
ℹ suites 0
ℹ pass 516
ℹ fail 0
ℹ cancelled 0
ℹ skipped 1
ℹ todo 0
ℹ duration_ms 67227.14925
