✔ verify cli: TC-cli-1 state name is sdlc/state- plus 14 UTC digits under far time zones (941.942166ms)
✔ verify cli: TC-cli-2 state name keeps its tail under custom formats and ignores extra flags (772.182416ms)
✔ verify cli: TC-cli-3 verify name matches the spec example, the loop builder and every catalog profile (8300.169625ms)
✔ verify cli: TC-cli-4 verify name with a missing or empty part exits 2 with one JSON error naming it (1077.145833ms)
✔ verify cli: TC-cli-5 malformed --round and --part are refused or give an ASCII integer (14068.388041ms)
✔ verify cli: TC-cli-6 hostile --profile and --id values never crash and never escape the format prefix (30356.688083ms)
✔ verify cli: TC-cli-7 attempt name matches the spec example for plain and fix ids, and extra flags do not leak (829.351416ms)
✔ verify cli: TC-cli-8 attempt name with a missing or malformed number exits 2 or gives an ASCII integer (6373.765125ms)
✔ verify cli: TC-cli-9 custom branch formats wrap verify and attempt tails, --format wins, a bad format exits 2 (2953.543666ms)
✖ verify cli: TC-cli-10 push_guard.py output equals the pins and each pinned push site is in the source (97.741209ms)
✖ verify cli: TC-cli-11 push-guard.test.mjs passes from the repo root, from another cwd and from a copied path with spaces (14162.559334ms)
✔ verify cli: TC-cli-19 the loop gives its verify branch builder only to the profile agent and the collector (0.63575ms)
✔ verify cli: TC-cli-20 the verify prompts hold no push or pull-request command (1.042666ms)
ℹ tests 13
ℹ suites 0
ℹ pass 11
ℹ fail 2
ℹ cancelled 0
ℹ skipped 0
ℹ todo 0
ℹ duration_ms 80062.870417

✖ failing tests:

test at .sdlc/slices/S-005/verification/r0/tests/cli-0/branches.verify-cli.test.mjs:287:1
✖ verify cli: TC-cli-10 push_guard.py output equals the pins and each pinned push site is in the source (97.741209ms)
  AssertionError [ERR_ASSERTION]: Expected values to be strictly equal:
  
  9 !== 6
  
      at TestContext.<anonymous> (file:///private/var/folders/b_/kllw7bcd59sbstn3r2yv6r6m0000gp/T/sdlc-S-005b-regression-r1/.sdlc/slices/S-005/verification/r0/tests/cli-0/branches.verify-cli.test.mjs:292:10)
      at Test.runInAsyncScope (node:async_hooks:227:14)
      at Test.run (node:internal/test_runner/test:1382:25)
      at Test.processPendingSubtests (node:internal/test_runner/test:960:18)
      at Test.postRun (node:internal/test_runner/test:1522:19)
      at Test.run (node:internal/test_runner/test:1447:12)
      at async Test.processPendingSubtests (node:internal/test_runner/test:960:7) {
    generatedMessage: true,
    code: 'ERR_ASSERTION',
    actual: 9,
    expected: 6,
    operator: 'strictEqual',
    diff: 'simple'
  }

test at .sdlc/slices/S-005/verification/r0/tests/cli-0/branches.verify-cli.test.mjs:316:1
✖ verify cli: TC-cli-11 push-guard.test.mjs passes from the repo root, from another cwd and from a copied path with spaces (14162.559334ms)
  AssertionError [ERR_ASSERTION]: $ cd /private/var/folders/b_/kllw7bcd59sbstn3r2yv6r6m0000gp/T/sdlc-S-005b-regression-r1
  $ node --test /private/var/folders/b_/kllw7bcd59sbstn3r2yv6r6m0000gp/T/sdlc-S-005b-regression-r1/skills/sdlc/test/push-guard.test.mjs
  exit: 0 (14124 ms)
  --- stdout
  ✔ every process and network call in the scripts sits at a pinned site (88.492166ms)
  ✔ every wrapper call gives a constant verb, and only the three reviewed calls push (89.350958ms)
  ✔ the loop script has no process or network access (278.830959ms)
  ✔ the loop gives its verify branch builder only to the profile agent and the collector (0.497083ms)
  ✔ each known push and pull-request form fails the guard (13038.0415ms)
  ✔ a spec-required forge read changes only a pin and hits no ban (186.629875ms)
  ✔ a comment or a blank line in a wrapper body keeps every pin (188.074791ms)
  ℹ tests 7
  ℹ suites 0
  ℹ pass 7
  ℹ fail 0
  ℹ cancelled 0
  ℹ skipped 0
  ℹ todo 0
  ℹ duration_ms 14089.461584
  --- stderr
  
      at TestContext.<anonymous> (file:///private/var/folders/b_/kllw7bcd59sbstn3r2yv6r6m0000gp/T/sdlc-S-005b-regression-r1/.sdlc/slices/S-005/verification/r0/tests/cli-0/branches.verify-cli.test.mjs:326:12)
      at Test.runInAsyncScope (node:async_hooks:227:14)
      at Test.run (node:internal/test_runner/test:1382:25)
      at Test.processPendingSubtests (node:internal/test_runner/test:960:18)
      at Test.postRun (node:internal/test_runner/test:1522:19)
      at Test.run (node:internal/test_runner/test:1447:12)
      at async Test.processPendingSubtests (node:internal/test_runner/test:960:7) {
    generatedMessage: false,
    code: 'ERR_ASSERTION',
    actual: '✔ every process and network call in the scripts sits at a pinned site (88.492166ms)\n✔ every wrapper call gives a constant verb, and only the three reviewed calls push (89.350958ms)\n✔ the loop script has no process or network access (278.830959ms)\n✔ the loop gives its verify branch builder only to the profile agent and the collector (0.497083ms)\n✔ each known push and pull-request form fails the guard (13038.0415ms)\n✔ a spec-required forge read changes only a pin and hits no ban (186.629875ms)\n✔ a comment or a blank line in a wrapper body keeps every pin (188.074791ms)\nℹ tests 7\nℹ suites 0\nℹ pass 7\nℹ fail 0\nℹ cancelled 0\nℹ skipped 0\nℹ todo 0\nℹ duration_ms 14089.461584\n',
    expected: /ℹ tests 6\b/,
    operator: 'match',
    diff: 'simple'
  }
