npm notice run test
npm notice run node --test skills/sdlc/test/*.test.mjs
✔ clean audit reports pass and records all audited ids (2.493333ms)
✔ majority-refuted requirements are reopened (1.543959ms)
✔ repeated audit abort returns stalled (0.464667ms)
✔ livelock writes STUCK.md and ends the run as livelock (0.771209ms)
✔ seven lens finders, dedupe against seen, judge fresh ideas, write verdicts (2.692875ms)
✔ behavior-changing ideas become proposals without judging (1.959791ms)
✔ overflow is deferred and the round is not dry (2.346958ms)
✔ empty round is dry (0.552542ms)
✔ a backlog that fills a judging batch is drained before any finder runs (0.736709ms)
✔ judges receive the round number so they can raise the bar (0.495292ms)
✔ bar raiser is off by default: a barRaiserRound action ends the run as done without running it (0.356666ms)
✔ the state reader is told the bar-raiser round budget (1.002209ms)
✔ bootstrap runs env, extractor, three critics per round until a dry round, slicer, then commits (2.720125ms)
✔ a critic that fails to report keeps the round from counting as dry (1.464833ms)
✔ bootstrap passes mr mode and the commit format to the env-detector, whose schema allows mr (0.644208ms)
✔ the env-detector vars carry the driver-resolved defaultBranch, empty when the driver had none (0.889542ms)
✔ critic that never goes dry is capped and the cap is logged (0.459875ms)
✔ the documented git modes and the workflow script agree (1.589667ms)
✔ bootstrap aborts without committing when the extractor fails (0.551ms)
✔ T-R-052a the env-detector carries args.branchFormat when set (0.419459ms)
✔ branches.py imports from its path and exposes the public functions (80.01425ms)
✔ branches.py imports only standard library modules (43.941ms)
✔ every command runs and prints one JSON object (578.032083ms)
✔ a flag that a command does not name is bad input (292.94125ms)
✔ bad input exits 2 with one JSON error object (796.495458ms)
✔ load_format returns the config value or the default (527.132ms)
✔ a command without --format uses the config format (439.161458ms)
✔ the three scripts import branches from their own directory (166.992833ms)
✔ a script run through a symlink imports branches from its real directory (164.443583ms)
✔ a git-modes.json that cannot be read fails preflight with one JSON error (234.014833ms)
✔ a missing or malformed git-modes.json fails preflight with one JSON error, and name, parse and list still run (3353.438792ms)
✔ a deeply nested config.json is bad input, not a crash (273.8315ms)
✔ the three scripts run with the working directory outside the skill directory (191.419584ms)
✔ branch recognition in the three scripts still resolves from a scratch working directory (1099.224792ms)
✔ validate_format accepts one placeholder with a valid literal part (106.126167ms)
✔ validate_format rejects two placeholders, none, whitespace and an invalid ref (63.730583ms)
✔ validate_format rejects Unicode whitespace that git accepts (53.402209ms)
✔ validate_format rejects the literal parts that git refuses (177.315125ms)
✔ an invalid-ref format is bad input on the CLI (237.70525ms)
✔ split returns the prefix, the suffix and the lower flag (39.777208ms)
✔ name puts the tail in the placeholder and lowercases only the tail (44.669875ms)
✔ validate_format without git is a Fail, not a crash (41.063084ms)
✔ tail builds the slice, state and e2e-area tails and fails on a missing part (39.493542ms)
✔ an explicit state ts is used as given under a prefixed format, and an empty ts generates one (37.378209ms)
✔ the state tail is the current UTC time (40.379541ms)
✔ name --kind state prints sdlc/state- and the current UTC time (184.430167ms)
✔ name without a required part exits 2 with one JSON error and no traceback (423.114709ms)
✔ name takes the format from the flag, then the config, then the default (627.936625ms)
✔ preflight reports the resolved format and whether it was given (1451.75275ms)
✔ the --format flag wins over a broken config in name and preflight (1985.704916ms)
✔ name prints the default branch for the run, slice, milestone, e2e, e2e-area, verify and attempt kinds (876.513209ms)
✔ tail builds the run, milestone, e2e, verify and attempt tails and fails on a missing part (43.131875ms)
✔ name for the run, milestone, e2e, verify and attempt kinds follows a prefixed and a lowercased format and fails without its part (371.465083ms)
✔ T-R-011a name lowercases only the tail under {name:lower} (238.719ms)
✔ T-R-068a name and split round-trip every kind under the default, a prefixed and a lowercased format (784.144083ms)
✔ T-R-068b the CLI name matches the Python name for all 24 cases (2203.153166ms)
✔ T-R-021a parse returns null for a foreign branch (565.897584ms)
✔ T-R-021b a branch that passes the prefix and suffix test but matches no row gives null (52.225084ms)
✔ T-R-022a classification follows rows 1 to 8 (57.297542ms)
✔ T-R-022b under {name:lower} the regexes ignore case (93.90975ms)
✔ T-R-023a the result holds the parts that apply (45.919875ms)
✔ T-R-023b the CLI prints the same result (861.65225ms)
✔ T-R-024a ids resolve the ledger spelling (41.752542ms)
✔ T-R-024b case-insensitive matching only under lower (46.25175ms)
✔ T-R-102a row 1 run (446.922958ms)
✔ T-R-103a row 2 milestone (247.765333ms)
✔ T-R-104a row 3 e2e (117.433208ms)
✔ T-R-105a row 4 e2e-area (272.79175ms)
✔ T-R-105b area with dashes stays whole (48.126625ms)
✔ T-R-105c precedence and prefixed formats (171.467958ms)
✔ T-R-070a parse keeps the table precedence (40.728167ms)
✔ T-R-069a parse returns null for a foreign branch and resolves ids against the ledger (43.955375ms)
✔ T-R-120a no push or pull-request site names an e2e-area branch (1.912417ms)
✔ T-R-120b a planted e2e-area push is caught (0.083959ms)
✔ T-R-102b a run number beyond the int string limit still parses to one JSON object (179.61625ms)
✔ T-R-106a row 5 state (204.181917ms)
✔ T-R-106b state needs exactly 14 digits (211.512417ms)
✔ T-R-107a row 6 verify (233.012291ms)
✔ T-R-107b verify beats slice (44.317833ms)
✔ T-R-107c verify boundaries (159.650917ms)
✔ T-R-108a row 7 attempt (280.58475ms)
✔ T-R-108b attempt beats slice (160.127417ms)
✔ T-R-109a row 8 slice (310.727208ms)
✔ T-R-109b slice boundaries (224.411834ms)
✔ T-R-109c rows 5 to 8 under prefixed and suffixed formats (170.282208ms)
✔ T-R-109d ledger ids on the last four rows (37.539084ms)
✔ T-R-025a list returns one kind, sorted by name (549.270541ms)
✔ T-R-025b list works for each kind (1673.807542ms)
✔ T-R-025c list sorts run branches by n (340.708167ms)
✔ T-R-025d list honors the format (963.298417ms)
✔ T-R-025e list reads local branches only (349.662334ms)
✔ T-R-025f list in an empty repo and in a bad repo (380.143333ms)
✔ T-R-094a attempt sorts by n numerically (724.710584ms)
✔ T-R-094b the attempt sort is not a string sort (452.024625ms)
✔ T-R-033a each operator follows its definition (46.03275ms)
✔ T-R-033b starts_with is case-sensitive (41.9675ms)
✔ T-R-033c regex uses search, not match (37.912ms)
✔ T-R-095a ends_with is case-sensitive (38.857666ms)
✔ T-R-095b contains is case-sensitive (39.245167ms)
✔ T-R-034a negate flips a boolean (38.928583ms)
✔ T-R-034b negate keeps None (37.661292ms)
✔ T-U-001 an unknown kind gives None and does not raise (40.835542ms)
✔ T-U-002 regex_error gives the compile error (45.929791ms)
✔ T-R-072a evaluate follows each operator, negate flips, and a bad regex gives null (41.096917ms)
✔ T-R-035a a pattern Python cannot compile gives an unevaluated sample (95.556042ms)
✔ T-R-035b the note carries the rule label (97.021708ms)
✔ T-R-035c a bad pattern never blocks (100.287916ms)
✔ T-R-035d judge does not raise on a bad pattern (94.158833ms)
✔ T-R-036a one False fails the sample (40.89275ms)
✔ T-R-036b all True passes (82.008375ms)
✔ T-R-036c no failure plus one None is unevaluated (61.856917ms)
✔ T-R-036d a failure beats a None (41.299542ms)
✔ T-R-036e negate counts (68.0825ms)
✔ T-R-037a an invalid ref fails with the git rule (257.359ms)
✔ T-R-037b a valid sample passes the ref check (182.625541ms)
✔ T-R-037c a forge rule keeps the first label (62.195625ms)
✔ T-R-035e a deeply nested pattern never blocks and never raises (160.430125ms)
✔ T-R-035g a pattern with a repeat count too large never blocks and never raises (240.090791ms)
✔ T-R-035f a first failing rule without a label is not replaced by a later one (37.657375ms)
✔ T-R-027a read_rules makes one gh call per sample with the encoded path (548.98575ms)
✔ T-R-027b the gh call runs in the repo and the forge comes from config (624.562292ms)
✔ T-R-027c odd samples stay one path segment (509.872625ms)
✔ T-R-028a only branch_name_pattern objects become rules (463.367042ms)
✔ T-R-028b field mapping and the negate default (466.11325ms)
✔ T-R-028c the label falls back from the name to the ruleset id to a fixed text (471.861792ms)
✔ T-R-028d an empty list gives no rules and no notes (492.657208ms)
✔ T-R-028e every rule has exactly the five keys (464.916042ms)
✔ T-R-028f rules stay with their sample (485.80975ms)
✔ T-R-029a a failing gh gives one note and unchecked samples (514.16375ms)
✔ T-R-029b an empty stderr still gives a reason (488.350917ms)
✔ T-R-029c output that is not a JSON list is a failure (979.683ms)
✔ T-R-084a a missing gh does not crash (118.416458ms)
✔ T-R-030a read_rules makes one glab call for many samples (473.064958ms)
✔ T-R-030b a branch_name_regex gives one regex rule under every sample (451.933333ms)
✔ T-R-030c a null body, no regex and an empty regex give no rule (1810.190208ms)
✔ T-R-030e a JSON error body from a glab that exits 0 is no rule (449.772875ms)
✔ T-R-030d other push rule fields are ignored (455.646375ms)
✔ T-R-031a a failing glab gives one note and unchecked samples (465.99925ms)
✔ T-R-031b an empty stderr still gives a reason (452.409875ms)
✔ T-R-031c output that is not JSON is a failure (455.945875ms)
✔ T-R-031d a timeout is a failure (1103.549584ms)
✔ T-R-032a no forge makes no call (211.963333ms)
✔ T-R-026a every rule has exactly the spec keys (917.977334ms)
✔ T-R-084b a missing glab does not crash (105.687208ms)
✔ T-R-038a the flag gives given true and the flag format (218.762583ms)
✔ T-R-038b the config gives given true and the config format (200.3895ms)
✔ T-R-038c neither flag nor config gives given false and the default format (209.732209ms)
✔ T-R-038d an invalid format exits 2 with an error object (110.343208ms)
✔ T-R-039a the pr mode samples a slice, a state and an e2e branch (214.189625ms)
✔ T-R-039b the stack mode samples a run, a milestone and a slice branch (197.702834ms)
✔ T-R-039c the mr and direct modes sample nothing without --branch (273.470041ms)
✔ T-R-039d samples follow the format (197.852583ms)
✔ T-R-040a the mr mode adds a working sample last (168.224083ms)
✔ T-R-040b the working branch is judged as given (592.279542ms)
✔ T-R-040c the other modes ignore --branch (868.356375ms)
✔ T-R-041a a repo with no forge gives ok, exit 0 and unchecked samples (196.426584ms)
✔ T-R-041b passing and unevaluated samples never block (1063.2905ms)
✔ T-R-041c unchecked samples never block (574.36475ms)
✔ T-R-041d notes merge without duplicates, in first-seen order (587.253542ms)
✔ T-R-044a the output has the spec keys (600.784584ms)
✔ T-R-044b a failed sample names the first failing rule (567.733125ms)
✔ T-R-044c the exit code follows the verdict (1176.626042ms)
✔ T-R-044d a bad ref name fails when the forge rules pass (1078.681ms)
✔ T-R-044e a bad ref name fails without a forge (237.725709ms)
✔ T-R-044f a bad ref name fails when the rules are unknown (737.152958ms)
✔ T-R-084a preflight with no gh and no glab gives unchecked samples and one note (383.723958ms)
✔ T-R-042a one starts_with rule derives the format and passes (639.38625ms)
✔ T-R-042b ends_with and contains derive their table formats (1260.829541ms)
✔ T-R-042c no derivation when the format is given, the rule is negated or regex, or two rules exist (2587.91775ms)
✔ T-R-042d a rule the default format passes gives no derivation (598.749791ms)
✔ T-R-042e a derived format that git refuses is a failed verdict with exit 1 (546.985458ms)
✔ T-R-042f derive returns the table formats and None for every other input (35.153667ms)
✔ T-R-042g mr mode has no loop-kind sample, so a failed working branch derives nothing (486.604667ms)
✔ T-R-042h the loop-kind guard derives in pr mode and not for a working failure alone (165.447792ms)
✔ T-R-042i a failed derivation keeps the first-verdict samples and rules (562.62575ms)
✔ T-R-087a an ends_with .lock rule gives the derived format as the suggestion (540.925083ms)
✔ T-R-043a the suggestion starts with --branch-format (529.973792ms)
✔ T-R-043b a regex rule gives a --branch-format line that quotes the pattern (588.958334ms)
✔ T-R-043c mr mode with a GitLab regex gives one rename line (533.364417ms)
✔ T-R-043d two rules give a generic --branch-format line that names both labels (552.25225ms)
✔ T-R-043e a given format still gets the derived suggestion (548.5365ms)
✔ T-R-043f a negated rule gives a generic line that names the label (559.5075ms)
✔ T-R-043g suggest puts the format line first and the rename line second (67.818667ms)
✔ T-R-043h suggest with no rules names git check-ref-format (45.963125ms)
✔ T-R-122a a regex with a group and a repeat gives an accepted literal (583.821667ms)
✔ T-R-122b other patterns give an accepted literal in pr and stack mode (1656.212375ms)
✔ T-R-122c a pattern with no accepted literal gives the text fallback (1057.357791ms)
✔ T-R-073b a derived format with a brace or whitespace is not reported as ok (6892.094708ms)
✔ T-R-091a one regex rule the default passes needs no format and no suggestion (586.584417ms)
✔ T-R-091b the same regex rule through glab gives the same keys (546.592083ms)
✔ T-R-092a two rules and no format give a generic suggestion and no derived format (508.914125ms)
✔ T-R-092b every failing sample names one of the two rules (509.462209ms)
✔ T-R-092c a negated contains rule the default fails gives no derived format (526.717583ms)
✔ T-R-100a rules of another type leave the run ok with no rules (560.894916ms)
✔ T-R-100b an empty list gives pass on every sample, not unchecked (564.508875ms)
✔ T-R-100c a rule that answers for one sample name can fail only that sample (552.09075ms)
✔ T-R-100d a rule whose pattern is not a string is unevaluated and never crashes preflight (3557.001708ms)
✔ T-R-074a preflight through gh and glab shims covers the seven scenarios (3638.526083ms)
✔ T-R-118 parse with a plain prefix format returns the slice kind and id (138.603625ms)
✔ T-R-050a BRANCH_FORMAT defaults to sdlc/{name} and follows args.branchFormat (2.357041ms)
✔ T-R-050b branchName fills the format and lowercases the whole name for the lower modifier (0.773708ms)
✔ T-R-051c branchName inserts tails with replacement patterns literally (1.075292ms)
✔ T-R-116a the internals export branchName and BRANCH_FORMAT (0.316834ms)
✔ T-R-051b the loop script builds no sdlc/ branch literal, and the verify branch matches branches.py (141.432292ms)
✔ T-R-075a the loop script and the module name branches the same way (418.874458ms)
✔ a stop action without a stop-file reason ends the run as stopped (2.325917ms)
✔ done returns the summary (1.29675ms)
✔ wait returns waiting (1.148917ms)
✔ state reader failing twice in a run that did nothing returns stalled after exactly one retry (0.658292ms)
✔ maxIterations 0 starts no agents (0.351792ms)
✔ agent cap stops before an iteration that does not fit (0.452959ms)
✔ low remaining budget stops before the next iteration (0.466625ms)
✔ the agent cap holds inside one milestone: a fixing round of the same milestone gets no headroom (1.753542ms)
✔ crossing a milestone boundary restores the cap: the next milestone gets a whole allowance (1.200334ms)
✔ the run total is not reset at a milestone boundary, and the pause message says which number it means (1.572084ms)
✔ the money brake still stops a run whose milestone allowance was just made whole (0.585792ms)
✔ unknown action in a run that did nothing returns stalled (0.23925ms)
✔ a run that completed an action before the state reader failed returns continue (0.29925ms)
✔ each stalled run adds one to stalledRuns, carried through args (0.441708ms)
✔ the 24th stalled run in a row returns stuck (0.724875ms)
✔ a repeated outcome that stalls counts toward stuck, and does not reset stalledRuns (0.569458ms)
✔ stop, done and wait leave stalledRuns as it came in (0.225709ms)
✔ an error from the state reader ends a run that did nothing as stalled, with the reason (0.281292ms)
✔ the state reader is given the decision script path (0.829292ms)
✔ prompt names the common and role prompt files and embeds inputs (0.349ms)
✔ run() counts every attempt and returns null after two failures (1.037417ms)
✔ every phase title used in the script is declared in meta.phases (1.113208ms)
✔ the Gate phase is declared after the verify group and before Integrate (0.618458ms)
✔ plan passes both critics, tests fail correctly, slice advances to implement (4.734458ms)
✔ ambiguities go to the decision panel and the planner re-runs with the ADRs (2.577333ms)
✔ plan refuted three times escalates to replan (0.764291ms)
✔ tests that never fail for the right reason escalate after three attempts (0.47475ms)
✔ happy path runs implement, core verifiers, the profile group, three reviewers, the report, integrate (0.621292ms)
✔ resume at implement skips plan and tests (0.836208ms)
✔ resume at integrate goes straight to the integrator with persisted seeds (0.335333ms)
✔ a profile verifier failing test forces a fix round carrying the evidence (0.958125ms)
✔ three failed fix rounds escalate (0.456542ms)
✔ an inconclusive implementer run is re-run without spending a fix round (0.550292ms)
✔ a fix round is spent only when the implementer stays inconclusive after its re-run (0.994333ms)
✔ a blocking finding that survives refutation forces a fix round (0.757209ms)
✔ a blocking finding refuted by the majority is dropped and non-blocking ones become seeds (0.492833ms)
✔ reviewer that fails to report blocks the slice (0.416583ms)
✔ integration failure escalates (0.331625ms)
✔ an inconclusive final check is re-run, and never escalates (0.845292ms)
✔ a final check still inconclusive after its re-run leaves the slice in integrate (0.607333ms)
✔ parkedRetry unparks then runs the slice from plan with reset counters (0.724375ms)
✔ retryMerge calls the integrator in retry-merge mode (0.378541ms)
✔ a low-risk slice skips the verify battery and ships on a clean review (0.554875ms)
✔ a low-risk slice resumed at implement still skips the battery (0.994458ms)
✔ a reviewer demanding verification turns the battery on for the same round (0.598167ms)
✔ a demanding review with blocking findings fixes first; the battery judges the fix (0.64725ms)
✔ a demanded battery that refutes sends the slice into a fix round with the verify evidence (0.623917ms)
✔ no-progress guard force-parks a slice after three identical outcomes (0.609625ms)
✔ an infra vote never counts as a refutation, but stops the round from passing (1.340875ms)
✔ a refuting vote wins over infra classification (infra must not mask a real bug) (1.438083ms)
✔ profileVote folds blocked scenarios and silent agents into infra, not refutation (0.529708ms)
✔ a battery slice runs the gate before integrate, and a gate fail goes back to the build loop (0.857959ms)
✔ a slice already at phase gate resumes at the gate, not the build loop (0.4845ms)
✔ each verify round appends one ledger row to a single cumulative persist (1.294333ms)
✔ an infra round appends an infra row and replays without spending a fix round (0.454167ms)
✔ a gate fail appends its row and the retry carries the ledger through the recursion (0.518333ms)
✔ a round the implementer could not finish still appends its refuted row (0.799792ms)
✔ the integrator sending regate re-runs the gate (0.564125ms)
✔ three consecutive infra rounds park the slice with infra debt, without escalating (0.837209ms)
✔ gatePhase returns an infra verdict on a silent gate agent, and parks on the third (0.795791ms)
✔ a blocked-only profile round replays at the same fix round and parks after three (0.951708ms)
✔ a round whose only anomaly is a failed-to-report verifier replays without consuming a fix round (0.501542ms)
✔ three consecutive gate infra failures park the slice without escalating (0.401083ms)
✔ a parked-at-gate slice resumed via parkedRetry re-runs the gate, not the build loop (1.298834ms)
✔ a stopRequested implementer pauses the run without spending a fix round (0.553708ms)
✔ an agent already running finishes, the next one does not start (0.388583ms)
✔ a stopRequested agent deep in a parallel group unwinds cleanly (0.33825ms)
✔ an iteration-top stop action still ends stopped, not paused (0.390417ms)
✔ a stop-file stop at the iteration top pauses, and any other stop reason still ends stopped (0.590375ms)
✔ a stopRequested state-reader pauses instead of stalling into the relaunch loop (0.261792ms)
✔ every dispatched prompt carries the stop check, resolved at the main root (0.427083ms)
✔ a stopRequested state-writer mid-buildLoop stops the run before the next agent dispatches (0.762625ms)
✔ lifecycle: a profile refutation promotes into the fix round, the gate commits, the integrator merges (0.656791ms)
✔ every log string in sdlc-loop.js follows the STE rules (47.391833ms)
✔ first escalation is replan (3.324792ms)
✔ step 4 runs a three-angle decision panel and passes the ADR to the escalator (1.427666ms)
✔ panel with no proposals skips the judge and passes adr null (0.619916ms)
✔ step 5 parks a spec slice and reverts an improvement slice (0.883791ms)
✔ ladder never goes past park (0.512875ms)
✔ escalator that fails to confirm is reported in the outcome (0.443167ms)
✔ plan passes both critics, tests fail correctly, slice advances to implement (4.020416ms)
✔ ambiguities go to the decision panel and the planner re-runs with the ADRs (2.565041ms)
✔ plan refuted three times escalates to replan (0.528958ms)
✔ tests that never fail for the right reason escalate after three attempts (0.375416ms)
✔ happy path runs implement, core verifiers, the profile group, three reviewers, the report, integrate (0.615959ms)
✔ resume at implement skips plan and tests (0.476417ms)
✔ resume at integrate goes straight to the integrator with persisted seeds (0.678125ms)
✔ a profile verifier failing test forces a fix round carrying the evidence (0.639958ms)
✔ three failed fix rounds escalate (0.365667ms)
✔ an inconclusive implementer run is re-run without spending a fix round (0.486708ms)
✔ a fix round is spent only when the implementer stays inconclusive after its re-run (0.351542ms)
✔ a blocking finding that survives refutation forces a fix round (0.755583ms)
✔ a blocking finding refuted by the majority is dropped and non-blocking ones become seeds (0.352875ms)
✔ reviewer that fails to report blocks the slice (0.349417ms)
✔ integration failure escalates (0.272417ms)
✔ an inconclusive final check is re-run, and never escalates (0.265ms)
✔ a final check still inconclusive after its re-run leaves the slice in integrate (0.564166ms)
✔ parkedRetry unparks then runs the slice from plan with reset counters (0.422709ms)
✔ retryMerge calls the integrator in retry-merge mode (0.2475ms)
✔ a low-risk slice skips the verify battery and ships on a clean review (0.304833ms)
✔ a low-risk slice resumed at implement still skips the battery (0.287041ms)
✔ a reviewer demanding verification turns the battery on for the same round (1.433542ms)
✔ a demanding review with blocking findings fixes first; the battery judges the fix (0.7155ms)
✔ a demanded battery that refutes sends the slice into a fix round with the verify evidence (0.571125ms)
✔ no-progress guard force-parks a slice after three identical outcomes (0.3305ms)
✔ I1: a blocking finding whose refuters all die is kept, not dropped (0.441375ms)
✔ I1: bar raiser round where every finder died is not dry (0.827458ms)
✔ I1: an idea whose judges died is deferred, not rejected (0.460166ms)
✔ I3: a retryMerge that keeps waiting returns waiting instead of force-parking (0.242083ms)
✔ I3: a force-park that fails ends the run as stalled (0.334209ms)
✔ I4: the no-progress streak carries across runs through args and is returned (0.574458ms)
✔ I4: a bar-raiser writer failure yields a constant outcome (0.30975ms)
✔ I5: at most five blocking findings are judged per round (0.561041ms)
✔ I5: when the first five blocking findings are all refuted, the rest are judged too (0.454583ms)
✔ I5: a blocking finding past the first five still forces a fix round when it holds (0.64425ms)
✔ I5: at most three ambiguities go to decision panels per planner round (1.5095ms)
✔ I5: a build loop that would pass the agent cap pauses without escalating (0.526667ms)
✔ I9: a lone regression refutation fails verification (0.396708ms)
✔ git-modes.json holds an ordered list of mode names (101.081083ms)
✔ the workflow script mode list is the one in git-modes.json (75.446625ms)
✔ each python script resolves its modes from the file beside it, not from a literal (166.1955ms)
✔ a missing or malformed git-modes.json stops the scripts instead of falling back to a list (1565.721916ms)
✔ the hook pokes the watcher of the project it runs in, from any subfolder (73.377583ms)
✔ the hook does nothing when no watcher is running (54.1605ms)
✔ the hook exits 0 silently on empty, garbage or odd input (261.458208ms)
✔ hooks.json registers the poke on agent start and stop, through the plugin root (0.465042ms)
✔ the hub answers its health marker, 404s the unknown, and says when no run is registered (131.159042ms)
✔ the index lists live runs and greys stale ones, and serves each run page from its tracker dir (170.669209ms)
✔ the index is a status board: counts band, phase chip, slice progress and relative times (117.381208ms)
✔ the index shows each run's verify economics from its slices' ledger rows (113.188708ms)
✔ a run page never serves a file outside its tracker directory (111.308792ms)
✔ a corrupt registration is skipped, never 500s the index (58.438375ms)
✔ a registration with the wrong shape is skipped, and its run page 404s (60.401583ms)
✔ an embedded null byte in a run path is a 404, never a traceback (59.356833ms)
✔ an entry with a null repo or a non-string status title never 500s the index (114.044333ms)
✔ an entry quiet for a day is pruned from the registry and the index (59.753666ms)
✔ run_id slugs the repo dir and the spec path, and a same-named repo elsewhere gets a hash suffix (107.327792ms)
✔ run_id slugs a repo dir whose name is outside the hub id alphabet (99.500542ms)
✔ register writes the registration atomically, and heartbeat refreshes its mtime (164.47725ms)
✔ an unwritable registry warns and carries on, reporting failure (81.006167ms)
✔ the hub contract: port 8787 and ~/.sdlc/hub when the test overrides are absent (64.677541ms)
✔ --publish registers the run and the hub serves its page at the fixed url (4318.293333ms)
✔ a foreign process on the hub port is an error, never a silent move to another port (5872.779792ms)
✔ a foreign 200 with the wrong body is still a foreign server, never a doomed hub spawn (5709.098958ms)
✔ a hub dir blocked by a plain file warns, and the watcher carries on unpublished (4136.229583ms)
✔ a watcher that started behind a squatter publishes once a real hub appears (5179.100541ms)
✔ two runs publish side by side through the one hub (6266.743833ms)
✔ the docs speak of the hub and the fixed port, never of per-run serving (0.517083ms)
✔ the hub's rendered strings follow the STE rules (71.204666ms)
✔ plan passes both critics, tests fail correctly, slice advances to implement (5.037375ms)
✔ ambiguities go to the decision panel and the planner re-runs with the ADRs (2.733625ms)
✔ plan refuted three times escalates to replan (0.863292ms)
✔ tests that never fail for the right reason escalate after three attempts (0.721792ms)
✔ happy path runs implement, core verifiers, the profile group, three reviewers, the report, integrate (0.754458ms)
✔ resume at implement skips plan and tests (0.7845ms)
✔ resume at integrate goes straight to the integrator with persisted seeds (0.889333ms)
✔ a profile verifier failing test forces a fix round carrying the evidence (0.721833ms)
✔ three failed fix rounds escalate (0.659291ms)
✔ an inconclusive implementer run is re-run without spending a fix round (1.199375ms)
✔ a fix round is spent only when the implementer stays inconclusive after its re-run (0.716333ms)
✔ a blocking finding that survives refutation forces a fix round (1.20125ms)
✔ a blocking finding refuted by the majority is dropped and non-blocking ones become seeds (0.487083ms)
✔ reviewer that fails to report blocks the slice (0.427083ms)
✔ integration failure escalates (0.31925ms)
✔ an inconclusive final check is re-run, and never escalates (0.389375ms)
✔ a final check still inconclusive after its re-run leaves the slice in integrate (0.975208ms)
✔ parkedRetry unparks then runs the slice from plan with reset counters (0.616167ms)
✔ retryMerge calls the integrator in retry-merge mode (0.510625ms)
✔ a low-risk slice skips the verify battery and ships on a clean review (0.688125ms)
✔ a low-risk slice resumed at implement still skips the battery (0.380625ms)
✔ a reviewer demanding verification turns the battery on for the same round (0.85725ms)
✔ a demanding review with blocking findings fixes first; the battery judges the fix (0.493792ms)
✔ a demanded battery that refutes sends the slice into a fix round with the verify evidence (0.52025ms)
✔ no-progress guard force-parks a slice after three identical outcomes (0.349291ms)
✔ milestonePlan runs the milestone-planner (0.337625ms)
✔ a clean campaign plans, reviews coverage, boots the stack, runs every area and reports verified (1.336375ms)
✔ coverage gaps send the scenario plan back with the critiques (0.431833ms)
✔ critics that never go dry stop after the round limit and the last revision still runs (0.383292ms)
✔ a failure confirmed by the judges becomes a bug for the writer (0.382333ms)
✔ a failure the judges refute is dismissed with their classification (0.302333ms)
✔ dead judges never dismiss a failure (0.282292ms)
✔ failures beyond the judge limit carry over as unjudged (0.688459ms)
✔ a runner that dies marks its scenarios blocked and the outcome partial (0.5395ms)
✔ a stack that cannot boot is reported blocked without running scenarios (0.276542ms)
✔ runners go in batches of three so one laptop is not flooded (17.944375ms)
✔ a re-run after fixes replays the planned scenarios without new coverage critique (1.346583ms)
✔ dismissalClass picks the majority classification among refuting voters (0.99ms)
✔ verifier seeds reach the integrator alongside review seeds (0.452709ms)
✔ a planner that judges the slice too big goes straight to split without critics (0.285875ms)
✔ a too-big verdict after an earlier split escalates one rung further, never back down (0.239916ms)
fatal: refusing to fetch into branch 'refs/heads/main' checked out at '/private/var/folders/b_/kllw7bcd59sbstn3r2yv6r6m0000gp/T/sdlc-test-MzQCmo/sdlc-owner-1NkAsn'
From /var/folders/b_/kllw7bcd59sbstn3r2yv6r6m0000gp/T/sdlc-test-MzQCmo/sdlc-remote-OpWnnY
 * branch            main       -> FETCH_HEAD
✔ A: a STOP file wins over everything, even a missing config (121.391ms)
✔ A: the stop probe resolves at the main root when --main-root is given, at the repo otherwise (295.077333ms)
✔ A: bootstrap when the config is missing, the spec changed, or an override was added (288.415334ms)
✔ A: in pr mode a ready state PR is merged first, and one that is not ready means wait (331.277375ms)
✔ B: a slice whose PR is mergeable, approved and green is merged; a failing check or pending review is not (739.5905ms)
✔ B: a slice PR that a human merged is recorded, not rebuilt and not waited on (126.114417ms)
✔ B: a slice in progress resumes, with only the fields the workflow uses (134.044958ms)
✔ C: milestones are planned when the file is missing, and verified once every member is finished (387.703ms)
✔ C: a fixing milestone runs again when its fix slices are finished, and never past three attempts (339.831958ms)
✔ D: the next todo slice needs its dependencies done, awaiting merge or parked; a missing or split one counts through (466.234791ms)
✔ D: a parked slice is retried while it has retries left, after every todo slice (112.900125ms)
✔ E: todo slices that nothing can unblock are a livelock that names them (126.19ms)
✔ F: the audit runs when it is missing, failed or older than the ledger (540.639458ms)
✔ F: parked slices out of retries are a livelock; an unfinished requirement nobody owns is an error (242.561542ms)
✔ F: a milestone that is neither verified nor exhausted blocks done with an error (133.7945ms)
✔ F: the bar raiser runs only while rounds are left and it has not gone dry twice (559.897708ms)
✔ a gitMode this script does not know is an error, not a mode it falls through (825.612125ms)
✔ slim_slice passes a slice's risk through to the loop, and old slices stay unrated (232.045416ms)
✔ a state file that is not valid JSON is an error; a wrapped slices list is read (215.32275ms)
✔ the ledger hash matches the jq command in state-schema.md (437.587167ms)
✔ worktree world: a stale local default ref triggers no sync, and the decision reads origin/<defaultBranch> (1087.634667ms)
✔ worktree world: the sync round fetches without a refspec, the command succeeds, and one round is enough (1012.762333ms)
✔ a slice in progress on its own branch is found from the default branch, and stays the decision after a merge (584.096709ms)
✔ an open PR left by an attempt that was replanned does not hold the slice (401.2115ms)
✔ stack mode waits while a milestone pull request is open (120.496083ms)
✔ stack mode waits on a milestone pull request that is green but unreviewed (128.327167ms)
✔ stack mode does not wait once the milestone pull request has merged (109.994542ms)
✔ stack mode ignores an sdlc/M-1-e2e pull request when deciding whether to wait (125.250542ms)
✔ stack mode does not hold on an unreviewed e2e pull request left by a run that changed mode (335.220625ms)
✔ pr mode still merges a ready e2e pull request itself (82.1985ms)
✔ stack mode holds on a milestone pull request before the milestone is recorded as verified (102.954125ms)
✔ stack mode holds on a milestone pull request that is green and ready to merge (367.897375ms)
✔ stack mode holds on a milestone pull request whose milestone is not on the default branch yet (343.639125ms)
✔ stack mode stops holding once the milestone pull request is merged into the default branch (369.023667ms)
✔ active slice branch is found by parse under a custom format (820.939ms)
✔ state, e2e, slice and milestone heads are recognized under a custom format (707.783416ms)
✔ a lowercased head resolves to the ledger id (677.190041ms)
✔ a missing or empty branchFormat falls back to sdlc/{name} (1156.542334ms)
✔ the active slice branch, slice PR heads, the state PR, the e2e PR and the stack milestone hold are recognized under a custom format (826.19975ms)
✔ a slice-shaped branch without an in-progress ledger entry stays inactive (484.005792ms)
✔ the checked-out branch wins over another in-progress branch (581.075542ms)
✔ the reviewer can demand the verification battery for a mis-rated slice, and the schema passes the flag (1.0885ms)
✔ every agent role used by the script has a prompt file (0.796917ms)
✔ shared prompt files exist (0.081333ms)
✔ script avoids APIs the workflow runtime forbids (0.447791ms)
✔ the slicer rates each slice's verification risk, low only for harmless changes (0.632125ms)
✔ every prompt that branches on the git mode says what mr mode does (0.829625ms)
✔ the mode-agnostic prompts cover stack mode (0.4905ms)
✔ the skill documents the stack flag, its remote requirement and its resume path (0.408625ms)
✔ config.json documents runBranch, and milestones document their pr field (0.319083ms)
✔ the common rules scope the relayed user request to the driver (0.161292ms)
✔ the e2e harness cuts its branch from the milestone branch in stack mode, and names a base for every mode (0.186625ms)
✔ the env-detector adopts the driver-created run branch, and numbers a fresh one the way the driver does (0.272458ms)
✔ the env-detector resolves stack from the input or an existing config, and stores a bare defaultBranch (0.118875ms)
✔ direct mode ships from the run worktree: sync, squash, push to the default branch (0.228875ms)
✔ the default-branch state commit runs from the worktree and pushes, instead of checking the branch out (0.096667ms)
✔ slice creation cuts from refs, and no prompt presents the default branch as a place to be (0.234958ms)
✔ the pr state-commit arm syncs the run branch too, and no arm checks the default branch out (0.084833ms)
✔ the worktree returns to the run branch before every run-branch operation (ruling B) (0.558334ms)
✔ the pr blocked-merge fallback writes in the run worktree and never returns to the default branch (0.112166ms)
✔ the schema documents the mainRoot input and the direct mode push it now implies (0.184625ms)
✔ the pr after-merge step syncs the run branch onto the base and pushes, and no held branch is ever checked out (0.113208ms)
✔ the integrator deletes archived attempt branches once a slice ships (0.097042ms)
✔ the integrator asks the code for the slice base branch instead of naming it in prose (0.2105ms)
✔ the milestone-writer opens the milestone pull request and retargets the e2e merge (0.100625ms)
✔ the milestone-writer defers the milestone branch to its owner rather than creating it (0.077208ms)
✔ the milestone-writer leaves both branch transitions to the code (0.090709ms)
✔ the stack commit rule states when the run branch is actually pushed (0.076125ms)
✔ the implementer times the suite against the slice base branch in stack mode (0.060167ms)
✔ the stack commit rule names the branch instead of guessing it from a milestone status (0.275042ms)
✔ the escalator and force-park ask for the branch rather than naming it, and never the default branch (0.194291ms)
✔ the escalator returns to the run branch in direct and pr mode, and never checks out the default branch (0.181625ms)
✔ every agent writes comment-free code in the target repo, and its prose in STE (0.480167ms)
✔ the regression lens is slice-scoped during build rounds and full only at the gate (0.742833ms)
✔ profile agents write their tests as evidence in the main tree, and the collector only files and cleans (0.226084ms)
✔ verifier tests promote into the suite only with a demonstrated catch, under a quality bar (0.139042ms)
✔ the regression lens holds the suite slot in full scope, and the slice scope survives an impact.py failure (0.279666ms)
✔ the campaign covers slices that skipped verification, and the integrator receipt note is scoped to them (0.143791ms)
✔ the integrator trusts the gate receipt, regates after a product-code CI fix, and prunes bulk at merge (0.245958ms)
✔ the state-reader runs the janitor once per run without letting it block the decision (0.130291ms)
✔ the state-reader passes the main root to the stop probe (0.215875ms)
✔ every agent is told to check the stop file before it starts and to no-op into stopRequested (0.336417ms)
✔ the state schema documents the verify economy the loop implements (0.198958ms)
✔ the driver resolves the default branch in the owner checkout and hands it to the loop per mode (0.098167ms)
✔ the env-detector applies the defaultBranch input per mode, and mr ignores it (0.244958ms)
✔ the driver ensures the run worktree before the config checks, and points the loop at it (0.400833ms)
✔ the stop wording promises a pause, and the paused bullet keeps the worktree (0.130375ms)
✔ the loop-end cleanup removes the worktree and the run branch, and reports a refusal (0.228667ms)
✔ the tracker reads run state from the worktree and writes to the owner's checkout (0.226666ms)
✔ every prompt file passes the STE linter, with no allowlist and no skips (177.436875ms)
✔ the schema pins the merge prune and the run request names the moved reports (0.369ms)
✔ the README documents the run worktree, the step-boundary pause and the STE rule (0.475541ms)
✔ the README worktree claims hold for direct mode, the driver counters, and the STE scope (0.178792ms)
✔ T-R-045: the Commands line and a flag bullet document --branch-format (0.106958ms)
✔ T-R-046a: the Branch format bullet runs the preflight after the Git mode bullet (0.162125ms)
✔ T-R-046b: the old branch name bullet and its GitLab push rule text are gone (0.084584ms)
✔ T-R-097: the Branch format bullet reports a derived format and resumes from config.json (0.146541ms)
✔ T-R-048: the Run worktree bullet ends the run on a worktree format mismatch (0.136042ms)
✔ T-R-049: the Launch args carry branchFormat between commitFormat and maxIterations (0.098875ms)
✔ T-R-047a: the Run worktree bullet names the run branch through branches.py name (0.104166ms)
✔ T-R-047b: the Run worktree bullet comes after the Branch format bullet and uses RUN_BRANCH (0.087666ms)
✔ T-R-121: on a relaunch the run branch is the last listed one and HEAD goes back onto it (0.433458ms)
✔ T-R-047c: the mismatch sentence sits inside the Run worktree bullet after the Branch format bullet (0.141667ms)
✔ T-R-047d: the Run worktree and specPath bullets come after the Branch format bullet (0.098541ms)
✔ T-R-047e: WT is set before the Git mode and Branch format bullets, and Git mode reads both config paths (0.240209ms)
✔ T-R-101b: the Branch format bullet asks nothing when parse prints no kind (0.253792ms)
✔ T-R-118b: the Branch format bullet asks for a rename when parse prints a kind (0.190375ms)
✔ patch-slice creates the slice branch, merges the patch, marks requirements, writes STATUS.md and commits (1000.904917ms)
✔ patch-slice uses the commit format, and branches from an awaiting-merge dependency (666.261833ms)
✔ patch-slice fails without committing when the slice or the input is wrong (521.904959ms)
✔ status lists what needs a human eye (241.552791ms)
✔ add-requirements assigns the next ids and refuses a quote already in the ledger unless it is distinct (417.461833ms)
✔ critics adding at the same time never lose an entry or reuse an id (286.988667ms)
✔ a receipt covers the same code through state commits and a squash merge, and not a code change (1299.992041ms)
✔ a failed or partial receipt never stands in for the final check (812.850375ms)
✔ stack mode cuts a slice branch from its milestone branch, creating and pushing that branch when it is absent (1796.433916ms)
✔ stack mode cuts an audit fix slice from the run branch, since it belongs to no milestone (792.458917ms)
✔ stack mode uses a milestone fix slice as an ordinary milestone slice (866.58025ms)
✔ stack mode cuts a fix slice whose milestone is already verified from the run branch, and creates no milestone branch (754.336667ms)
✔ stack mode bases the slice on a dependency awaiting merge, as pr mode does (736.878083ms)
✔ stack mode ignores an awaiting-merge dependency whose branch is gone, and uses the milestone branch (654.355542ms)
✔ stack mode finds the milestone that owns the slice, not the first one (2177.337583ms)
✔ the suite slot is exclusive, and slot-release frees it from another process (654.983125ms)
Automatic merge went well; stopped before committing as requested
Automatic merge went well; stopped before committing as requested
error: cannot delete branch 'sdlc/M-1' used by worktree at '/private/var/folders/b_/kllw7bcd59sbstn3r2yv6r6m0000gp/T/sdlc-test-hnm7ke/sdlc-wt-Kbrey7'
error: cannot delete branch 'sdlc/S-001-v1' used by worktree at '/private/var/folders/b_/kllw7bcd59sbstn3r2yv6r6m0000gp/T/sdlc-test-hnm7ke/sdlc-wt-amArjh'
Automatic merge went well; stopped before committing as requested
✔ the suite slot is self-healing: it works without .sdlc and after a killed holder (162.653708ms)
✔ stack mode aborts a conflicting merge of the default branch into the run branch (1475.012583ms)
✔ stack mode merges the default branch into the run branch when it moves without conflicting (1990.985375ms)
✔ stack mode refuses to cut a slice when there is no run branch to fall back on (292.781791ms)
✔ pr, direct and mr mode are untouched by the stack arm (1565.663084ms)
✔ direct mode cuts from the fetched default-branch tip, mr from the local ref; neither moves the local branch (2014.629209ms)
✔ direct mode with a remote cuts the slice from origin/<defaultBranch> and keeps the committed state (1278.664125ms)
✔ pr mode with a remote cuts the slice from origin/<defaultBranch> without checking the branch out (1285.508083ms)
✔ a dependency whose branch exists but which is not awaiting merge is not used as a base (788.466125ms)
✔ stack mode names the missing run branch rather than letting git fail (297.709917ms)
✔ an unknown gitMode fails loudly instead of committing the slice to the default branch (3664.08675ms)
✔ after a milestone PR merges, the run branch carries it before the next branch is cut from it (1487.19325ms)
✔ the run branch is advanced onto the default branch when a milestone branch is cut too (1719.540083ms)
✔ advancing the run branch merges rather than rebasing, and never force-pushes it (1539.85275ms)
✔ a milestone branch left behind by an earlier attempt does not win over the verified rule (693.385584ms)
✔ a second run cuts its own M-1 instead of building on the first run's leftover milestone branch (2754.114667ms)
✔ pruning deletes a shipped milestone branch and nothing else (4046.118667ms)
✔ the prune does not delete a remote milestone branch that is ahead of the local one (2396.160125ms)
✔ the prune deletes the remote milestone branch only while the remote still holds what it proved (3241.216833ms)
✔ a milestone branch whose only unshipped change is a file mode is kept (1791.119083ms)
✔ a milestone branch checked out in another worktree is not deleted (2006.105041ms)
✔ a milestone branch with a slice pull request still open against it is not deleted (3288.986167ms)
✔ a milestone branch that moved between the proof and the delete survives the delete (2750.742667ms)
✔ the prune fetches the default branch before deciding, so a shipped milestone is not left behind (2236.178584ms)
✔ an earlier run's milestone branch holding unshipped work is kept, and never built on (1420.783041ms)
✔ base-branch names the milestone branch for a slice that belongs to a milestone (729.849417ms)
✔ base-branch names the run branch for an audit fix that belongs to no milestone (757.170709ms)
✔ base-branch names the run branch for a fix of a milestone that already shipped (249.843083ms)
✔ base-branch names the dependency branch for a slice whose dependency is awaiting merge (634.939416ms)
✔ pr, direct and mr mode answer with the default branch, and stay there (1916.363208ms)
✔ base-branch names a milestone branch that does not exist yet, without creating it (394.111542ms)
✔ base-branch reads the repo and changes nothing at all (1258.030916ms)
✔ base-branch fails loudly rather than printing a plausible branch (895.199791ms)
✔ impact maps a changed source file to its package tests and reverse-dependency packages (303.459917ms)
﹣ impact follows Go imports to reverse-dependent packages when a go.mod exists (0.04325ms) # go not installed
✔ impact falls back to the test files in the changed paths when no package graph exists (315.516667ms)
✔ impact answers exit 0 with a note when the repo or git itself is unusable (55.582833ms)
✔ the janitor reaps an old sdlc- scratch dir in the real temp dir and keeps a fresh one (123.94325ms)
✔ the janitor reaps by janitorDays from config.json when --days is not given (244.90425ms)
✔ the janitor deletes v-branches of finished and unknown slices and keeps live ones (561.98725ms)
✔ the janitor prunes a stale worktree registration before sweeping, so the branch is not pinned forever (340.712667ms)
✔ the janitor notes missing or unreadable state instead of deleting, and still runs (341.852541ms)
✔ ste-check passes the rule sources it gates (28.987708ms)
✔ ste-check prints one file:line: rule — text line per violation and exits 1 (25.595583ms)
✔ ste-check keeps the exempt lines clean (26.095375ms)
✔ ste-check flags each rule on its own line (179.915125ms)
✔ state-write creates the slice and milestone branches under a custom format (1002.693208ms)
✔ state-write finds the dependency branch through the module under a custom format (739.158417ms)
✔ base-branch names the milestone branch through the format (647.968083ms)
✔ a milestone branch with a slice pull request open against it is kept under a custom format (2696.640542ms)
✔ milestone_branches_with_open_slice_pr returns the milestone branch name from the format (183.319292ms)
✔ the prune deletes a shipped milestone branch recognized by kind, under a custom format (2343.626667ms)
✔ the prune keeps a branch of another kind under the default format (1986.796083ms)
✔ state-write.py holds no MILESTONE_BRANCH regex (0.221375ms)
✔ a run branch with a custom format is advanced and kept as a full name (1485.21625ms)
✔ patch-slice refuses a branch format with no placeholder (583.007125ms)
✔ base-branch refuses a branch format with no placeholder (586.325459ms)
✔ patch-slice refuses a branch format with two placeholders (605.555208ms)
✔ base-branch refuses a branch format with two placeholders (616.815209ms)
✔ patch-slice refuses a branch format with mixed placeholders (623.695083ms)
✔ base-branch refuses a branch format with mixed placeholders (643.92625ms)
✔ patch-slice refuses a branch format with unknown placeholder (632.580167ms)
✔ base-branch refuses a branch format with unknown placeholder (628.358417ms)
✔ patch-slice refuses a branch format with double dots and moves no ref (1131.339666ms)
✔ patch-slice refuses a branch format with a lock suffix and moves no ref (894.488584ms)
✔ patch-slice refuses a branch format with a space and moves no ref (820.933333ms)
✔ patch-slice refuses a branch format with a tilde and moves no ref (909.39325ms)
✔ patch-slice refuses a branch format with a leading dash and moves no ref (941.298334ms)
✔ main derives the format once and patch-slice uses it (643.275ms)
✔ main derives the format once and base-branch uses it (226.985334ms)
✔ patch_slice takes fmt as an argument (664.420292ms)
✔ a config without branchFormat falls back to load_format (663.176792ms)
✔ slice_side_branches matches verify and attempt tails under a custom format (287.256667ms)
✔ slice_side_branches matches under a lowercase format (268.383667ms)
✔ slice_side_branches does not match a slice id that is a prefix of another id (402.3225ms)
✔ slice_side_branches ignores case only under a lowercase format (343.954417ms)
✔ state-write.py holds no local regex for verify or attempt names (0.235958ms)
✔ plan passes both critics, tests fail correctly, slice advances to implement (4.029417ms)
✔ ambiguities go to the decision panel and the planner re-runs with the ADRs (2.687541ms)
✔ plan refuted three times escalates to replan (0.806875ms)
✔ tests that never fail for the right reason escalate after three attempts (0.602042ms)
✔ happy path runs implement, core verifiers, the profile group, three reviewers, the report, integrate (0.758958ms)
✔ resume at implement skips plan and tests (0.642583ms)
✔ resume at integrate goes straight to the integrator with persisted seeds (1.154584ms)
✔ a profile verifier failing test forces a fix round carrying the evidence (0.779666ms)
✔ three failed fix rounds escalate (0.764209ms)
✔ an inconclusive implementer run is re-run without spending a fix round (0.8455ms)
✔ a fix round is spent only when the implementer stays inconclusive after its re-run (0.456042ms)
✔ a blocking finding that survives refutation forces a fix round (1.166333ms)
✔ a blocking finding refuted by the majority is dropped and non-blocking ones become seeds (0.697791ms)
✔ reviewer that fails to report blocks the slice (0.586ms)
✔ integration failure escalates (0.616458ms)
✔ an inconclusive final check is re-run, and never escalates (0.540792ms)
✔ a final check still inconclusive after its re-run leaves the slice in integrate (1.1195ms)
✔ parkedRetry unparks then runs the slice from plan with reset counters (0.688584ms)
✔ retryMerge calls the integrator in retry-merge mode (0.387125ms)
✔ a low-risk slice skips the verify battery and ships on a clean review (0.423958ms)
✔ a low-risk slice resumed at implement still skips the battery (0.28275ms)
✔ a reviewer demanding verification turns the battery on for the same round (0.860208ms)
✔ a demanding review with blocking findings fixes first; the battery judges the fix (0.487334ms)
✔ a demanded battery that refutes sends the slice into a fix round with the verify evidence (0.444834ms)
✔ no-progress guard force-parks a slice after three identical outcomes (0.34125ms)
✔ tallyVerify passes only when no vote refutes and there is no failing test (0.4325ms)
✔ tallyVerify: a spec-fidelity refutation with no failing test fails verification on its own (0.065833ms)
✔ tallyVerify: one failing test beats any number of approvals (0.278291ms)
✔ tallyVerify treats a silent verifier as infra, not a refutation (0.060208ms)
✔ allClear needs every vote present and not refuted (0.057667ms)
✔ survives needs a strict majority of non-refuting votes (0.046708ms)
✔ dedupeIdeas drops seen keys and in-batch duplicates, normalizing keys (0.135708ms)
✔ tallyAudit reopens a requirement only when a majority of auditors refute it (0.096417ms)
✔ tallyAudit treats a failed auditor as refuting every id in its chunk (0.053667ms)
✔ normalizeCounters fills missing counters with zero and keeps given ones (0.106834ms)
✔ chunk splits into fixed-size groups (0.058667ms)
✔ groupScenarios gives each profile its scenarios, splitting only past the agent limit (1.182125ms)
✔ profileVote refutes on a failing test and folds blocked scenarios and silent agents into infra (0.531875ms)
✔ collector turns .sdlc state into a self-contained tracker page (2246.78625ms)
✔ collector builds an empty page for a repo without .sdlc, and creates the out dir (2073.293375ms)
✔ verifier test reports render as pages with the referenced test source (2319.097958ms)
✔ a slice test report leads the page, with the verification rounds as an appendix and screenshots inline (2092.000292ms)
✔ a pre-existing slice keeps its report at the old location under the slice (2086.6625ms)
✔ collector adds the workflow view: phases, agents with status, model, tokens and time, and earlier runs (2087.071125ms)
✔ collector leaves the workflow view out when the run folder cannot be read (2068.039375ms)
✔ a watcher keeps rebuilding until --stop-watch, and a newer watcher replaces it (5329.392916ms)
✔ a build writes live.js with the same workflow block the page embeds, safe inside a script tag (2018.703833ms)
✔ a poke rebuilds live.js within a second or two without rebuilding the page, and live.js refreshes on its own every 5 s (10056.407834ms)
✔ the page redraws the workflow card only for a newer live payload, and flags a live run gone quiet (0.927459ms)
✔ the page keeps its last card for an empty live payload, and never flags a finished run (0.378417ms)
✔ the page redraws again only when the workflow data changed, not for a payload that differs in builtAt alone (0.340667ms)
✔ a payload with unchanged data still resets the paused clock, with exactly one redraw (0.342167ms)
✔ --stop-watch marks the run as not running in status.json and live.js, and fixes its end time (1958.220792ms)
✔ an agent cut off in an earlier run is read once, not on every rebuild (48.574959ms)
✔ the agent list is the scroll box, and a redraw keeps where the person scrolled to (14.478ms)
✔ picking a phase and following the live phase bring that phase into view (2.972583ms)
✔ the list tails the newest agent while the live phase is followed, and pauses when the person scrolls up (2.343417ms)
✔ the running agents' clocks still tick between redraws, inside the list (1.382583ms)
✔ a redraw puts the focus back on the same control without moving the page or the list (1.973125ms)
✔ the follow brings the newest running agent into view when finished agents sit below it (1.610417ms)
✔ the phase column keeps its own scroll position across a redraw (1.071ms)
✔ the agents, milestones and pace chart are plain open regions, so a reload never folds them shut (2.091167ms)
✔ the stats row carries the verify economics next to the existing counts (4.020834ms)
✔ the card body is capped, the agent list scrolls under a sticky heading, and the head stays out of it (1.016458ms)
✔ the tracker's rendered strings follow the STE rules (79.904334ms)
✔ plan passes both critics, tests fail correctly, slice advances to implement (5.0245ms)
✔ ambiguities go to the decision panel and the planner re-runs with the ADRs (2.37675ms)
✔ plan refuted three times escalates to replan (0.612042ms)
✔ tests that never fail for the right reason escalate after three attempts (0.543667ms)
✔ happy path runs implement, core verifiers, the profile group, three reviewers, the report, integrate (1.460667ms)
✔ resume at implement skips plan and tests (0.817708ms)
✔ resume at integrate goes straight to the integrator with persisted seeds (1.068125ms)
✔ a profile verifier failing test forces a fix round carrying the evidence (0.812125ms)
✔ three failed fix rounds escalate (0.676875ms)
✔ an inconclusive implementer run is re-run without spending a fix round (1.11125ms)
✔ a fix round is spent only when the implementer stays inconclusive after its re-run (0.445375ms)
✔ a blocking finding that survives refutation forces a fix round (1.334125ms)
✔ a blocking finding refuted by the majority is dropped and non-blocking ones become seeds (0.558209ms)
✔ reviewer that fails to report blocks the slice (0.558333ms)
✔ integration failure escalates (0.478667ms)
✔ an inconclusive final check is re-run, and never escalates (0.473167ms)
✔ a final check still inconclusive after its re-run leaves the slice in integrate (0.78125ms)
✔ parkedRetry unparks then runs the slice from plan with reset counters (0.499209ms)
✔ retryMerge calls the integrator in retry-merge mode (0.373834ms)
✔ a low-risk slice skips the verify battery and ships on a clean review (0.471542ms)
✔ a low-risk slice resumed at implement still skips the battery (0.359416ms)
✔ a reviewer demanding verification turns the battery on for the same round (1.182375ms)
✔ a demanding review with blocking findings fixes first; the battery judges the fix (0.6345ms)
✔ a demanded battery that refutes sends the slice into a fix round with the verify evidence (1.061417ms)
✔ no-progress guard force-parks a slice after three identical outcomes (0.54775ms)
✔ the profile group gets its scenarios, branch and unavailable tools; the toolsmith runs only for missing tools (1.8045ms)
✔ no missing tools means no toolsmith, and a clean group passes (1.450334ms)
✔ a collector that fails only logs; the round still fails or passes on the verifiers alone (0.471083ms)
✔ a planner that fails to report refutes the profiles vote without running any profile agent (0.520459ms)
✔ a fix round reuses the round-0 plan and re-runs only the failed (scenario, profile) pairs (0.614459ms)
✔ a fix round after a review finding runs no profile agent when every scenario held (0.482ms)
✔ a blocked tool is rebuilt in the fix round and its scenario re-run (1.428875ms)
✔ the planner's risk rating caps the profile group (0.470916ms)
✔ capProfiles keeps the profiles that cover most scenarios, and pendingPairs picks failed and blocked ones (0.510208ms)
✔ capProfiles breaks a tie by the order the planner tagged the profiles, not by catalog order (0.408083ms)
✔ every profile has a prompt file that reads the shared profile rules (0.839916ms)
✔ by default every agent runs on the session model (0.399ms)
✔ with a review model set, the spec-fidelity verifier and the reviewers run on it; everyone else inherits (0.547125ms)
✔ reviewModel null keeps every agent on the session model (0.414292ms)
✔ a review model that fails falls back to the session model (0.420625ms)
✔ a list of review models is tried in order before the session model (0.631875ms)
✔ the session model gets its two attempts after every review model failed (0.947417ms)
✔ a review model that failed twice in a row is skipped for the rest of the run, and one success resets the count (0.597042ms)
✔ reviewModel accepts one model name or a list (0.73925ms)
✔ profile agents run in batches of four (12.724167ms)
✔ after a review fix, the planner adds scenarios for the fix and only those run (1.133333ms)
✔ after a review fix that changed no behavior, the planner adds nothing and no profile agent runs (0.581584ms)
✔ after a review fix, a planner that fails to report falls back to the earlier plan (0.466417ms)
✔ a fix round after a verification failure does not plan again (0.372084ms)
✔ the regression verifier runs after the collector, and alongside spec-fidelity when there are no profile tests (1.851209ms)
✔ a failed collector still gets a regression run (0.367916ms)
✔ the review runs next to the regression verifier when everything before it held, and only once (0.501875ms)
✔ no review is started when a profile verifier or the spec-fidelity verifier refuted the slice (0.780708ms)
✔ a regression failure and a blocking review finding reach the implementer in the same round (0.556625ms)
✔ with no profile tests the review still runs, after verification (0.312167ms)
✔ T-R-051a verifyPhase names the verify branches through args.branchFormat (0.298583ms)
ℹ tests 716
ℹ suites 0
ℹ pass 715
ℹ fail 0
ℹ cancelled 0
ℹ skipped 1
ℹ todo 0
ℹ duration_ms 94425.462791
