npm notice run test
npm notice run node --test skills/sdlc/test/*.test.mjs
✔ clean audit reports pass and records all audited ids (2.803792ms)
✔ majority-refuted requirements are reopened (1.457ms)
✔ repeated audit abort returns stalled (0.585333ms)
✔ livelock writes STUCK.md and ends the run as livelock (1.14375ms)
✔ seven lens finders, dedupe against seen, judge fresh ideas, write verdicts (3.061584ms)
✔ behavior-changing ideas become proposals without judging (1.441625ms)
✔ overflow is deferred and the round is not dry (1.76025ms)
✔ empty round is dry (0.485459ms)
✔ a backlog that fills a judging batch is drained before any finder runs (0.904208ms)
✔ judges receive the round number so they can raise the bar (0.499125ms)
✔ bar raiser is off by default: a barRaiserRound action ends the run as done without running it (0.389958ms)
✔ the state reader is told the bar-raiser round budget (1.224625ms)
✔ bootstrap runs env, extractor, three critics per round until a dry round, slicer, then commits (3.053041ms)
✔ a critic that fails to report keeps the round from counting as dry (1.474041ms)
✔ bootstrap passes mr mode and the commit format to the env-detector, whose schema allows mr (0.797792ms)
✔ the env-detector vars carry the driver-resolved defaultBranch, empty when the driver had none (1.371125ms)
✔ critic that never goes dry is capped and the cap is logged (0.575208ms)
✔ the documented git modes and the workflow script agree (1.565417ms)
✔ bootstrap aborts without committing when the extractor fails (0.409708ms)
✔ T-R-052a the env-detector carries args.branchFormat when set (0.414792ms)
✔ branches.py imports from its path and exposes the public functions (69.050042ms)
✔ branches.py imports only standard library modules (65.155417ms)
✔ every command runs and prints one JSON object (506.441375ms)
✔ a flag that a command does not name is bad input (284.001208ms)
✔ bad input exits 2 with one JSON error object (717.74775ms)
✔ load_format returns the config value or the default (457.290708ms)
✔ a command without --format uses the config format (389.34925ms)
✔ the three scripts import branches from their own directory (149.831458ms)
✔ a script run through a symlink imports branches from its real directory (136.687166ms)
✔ a git-modes.json that cannot be read fails preflight with one JSON error (190.853458ms)
✔ a missing or malformed git-modes.json fails preflight with one JSON error, and name, parse and list still run (2703.606375ms)
✔ a deeply nested config.json is bad input, not a crash (227.140375ms)
✔ the three scripts run with the working directory outside the skill directory (165.405041ms)
✔ branch recognition in the three scripts still resolves from a scratch working directory (1006.522791ms)
✔ validate_format accepts one placeholder with a valid literal part (100.703917ms)
✔ validate_format rejects two placeholders, none, whitespace and an invalid ref (64.285875ms)
✔ validate_format rejects Unicode whitespace that git accepts (36.16825ms)
✔ validate_format rejects the literal parts that git refuses (151.669541ms)
✔ an invalid-ref format is bad input on the CLI (220.304875ms)
✔ split returns the prefix, the suffix and the lower flag (42.261375ms)
✔ name puts the tail in the placeholder and lowercases only the tail (43.023875ms)
✔ validate_format without git is a Fail, not a crash (40.815625ms)
✔ tail builds the slice, state and e2e-area tails and fails on a missing part (42.249125ms)
✔ an explicit state ts is used as given under a prefixed format, and an empty ts generates one (37.526042ms)
✔ the state tail is the current UTC time (36.310584ms)
✔ name --kind state prints sdlc/state- and the current UTC time (133.689875ms)
✔ name without a required part exits 2 with one JSON error and no traceback (385.211375ms)
✔ name takes the format from the flag, then the config, then the default (506.422625ms)
✔ preflight reports the resolved format and whether it was given (1291.059834ms)
✔ the --format flag wins over a broken config in name and preflight (1721.363625ms)
✔ name prints the default branch for the run, slice, milestone, e2e, e2e-area, verify and attempt kinds (731.826333ms)
✔ tail builds the run, milestone, e2e, verify and attempt tails and fails on a missing part (48.208166ms)
✔ name for the run, milestone, e2e, verify and attempt kinds follows a prefixed and a lowercased format and fails without its part (324.109ms)
✔ T-R-011a name lowercases only the tail under {name:lower} (180.994167ms)
✔ T-R-068a name and split round-trip every kind under the default, a prefixed and a lowercased format (597.099042ms)
✔ T-R-068b the CLI name matches the Python name for all 24 cases (1946.1945ms)
✔ T-R-021a parse returns null for a foreign branch (450.83975ms)
✔ T-R-021b a branch that passes the prefix and suffix test but matches no row gives null (39.893792ms)
✔ T-R-022a classification follows rows 1 to 8 (38.92125ms)
✔ T-R-022b under {name:lower} the regexes ignore case (78.676208ms)
✔ T-R-023a the result holds the parts that apply (37.638666ms)
✔ T-R-023b the CLI prints the same result (754.728084ms)
✔ T-R-024a ids resolve the ledger spelling (39.846917ms)
✔ T-R-024b case-insensitive matching only under lower (37.428375ms)
✔ T-R-102a row 1 run (395.552333ms)
✔ T-R-103a row 2 milestone (217.79675ms)
✔ T-R-104a row 3 e2e (109.052167ms)
✔ T-R-105a row 4 e2e-area (252.287416ms)
✔ T-R-105b area with dashes stays whole (37.769166ms)
✔ T-R-105c precedence and prefixed formats (155.360084ms)
✔ T-R-070a parse keeps the table precedence (38.100125ms)
✔ T-R-069a parse returns null for a foreign branch and resolves ids against the ledger (39.416ms)
✔ T-R-120a no push or pull-request site names an e2e-area branch (1.505292ms)
✔ T-R-120b a planted e2e-area push is caught (0.074834ms)
✔ T-R-102b a run number beyond the int string limit still parses to one JSON object (164.23625ms)
✔ T-R-106a row 5 state (186.537167ms)
✔ T-R-106b state needs exactly 14 digits (182.789875ms)
✔ T-R-107a row 6 verify (225.54175ms)
✔ T-R-107b verify beats slice (37.430167ms)
✔ T-R-107c verify boundaries (151.177042ms)
✔ T-R-108a row 7 attempt (251.082541ms)
✔ T-R-108b attempt beats slice (149.750375ms)
✔ T-R-109a row 8 slice (281.742292ms)
✔ T-R-109b slice boundaries (194.823333ms)
✔ T-R-109c rows 5 to 8 under prefixed and suffixed formats (158.405208ms)
✔ T-R-109d ledger ids on the last four rows (45.260083ms)
✔ T-R-025a list returns one kind, sorted by name (570.058958ms)
✔ T-R-025b list works for each kind (1383.754542ms)
✔ T-R-025c list sorts run branches by n (267.876958ms)
✔ T-R-025d list honors the format (719.315708ms)
✔ T-R-025e list reads local branches only (295.972292ms)
✔ T-R-025f list in an empty repo and in a bad repo (316.090083ms)
✔ T-R-094a attempt sorts by n numerically (595.812125ms)
✔ T-R-094b the attempt sort is not a string sort (369.528541ms)
✔ T-R-033a each operator follows its definition (36.195917ms)
✔ T-R-033b starts_with is case-sensitive (36.275584ms)
✔ T-R-033c regex uses search, not match (35.18175ms)
✔ T-R-095a ends_with is case-sensitive (34.164584ms)
✔ T-R-095b contains is case-sensitive (35.881583ms)
✔ T-R-034a negate flips a boolean (35.701833ms)
✔ T-R-034b negate keeps None (34.823875ms)
✔ T-U-001 an unknown kind gives None and does not raise (35.682875ms)
✔ T-U-002 regex_error gives the compile error (33.639959ms)
✔ T-R-072a evaluate follows each operator, negate flips, and a bad regex gives null (37.552167ms)
✔ T-R-035a a pattern Python cannot compile gives an unevaluated sample (93.935375ms)
✔ T-R-035b the note carries the rule label (90.050959ms)
✔ T-R-035c a bad pattern never blocks (96.582541ms)
✔ T-R-035d judge does not raise on a bad pattern (96.508208ms)
✔ T-R-036a one False fails the sample (38.511458ms)
✔ T-R-036b all True passes (77.518041ms)
✔ T-R-036c no failure plus one None is unevaluated (58.478458ms)
✔ T-R-036d a failure beats a None (35.456333ms)
✔ T-R-036e negate counts (63.2195ms)
✔ T-R-037a an invalid ref fails with the git rule (242.566334ms)
✔ T-R-037b a valid sample passes the ref check (171.904916ms)
✔ T-R-037c a forge rule keeps the first label (63.916167ms)
✔ T-R-035e a deeply nested pattern never blocks and never raises (148.065ms)
✔ T-R-035g a pattern with a repeat count too large never blocks and never raises (227.212917ms)
✔ T-R-035f a first failing rule without a label is not replaced by a later one (44.868334ms)
✔ T-R-027a read_rules makes one gh call per sample with the encoded path (541.415333ms)
✔ T-R-027b the gh call runs in the repo and the forge comes from config (568.743709ms)
✔ T-R-027c odd samples stay one path segment (502.214583ms)
✔ T-R-028a only branch_name_pattern objects become rules (473.505167ms)
✔ T-R-028b field mapping and the negate default (473.158ms)
✔ T-R-028c the label falls back from the name to the ruleset id to a fixed text (485.231167ms)
✔ T-R-028d an empty list gives no rules and no notes (450.758917ms)
✔ T-R-028e every rule has exactly the five keys (452.798917ms)
✔ T-R-028f rules stay with their sample (470.983042ms)
✔ T-R-029a a failing gh gives one note and unchecked samples (474.798708ms)
✔ T-R-029b an empty stderr still gives a reason (476.429375ms)
✔ T-R-029c output that is not a JSON list is a failure (923.348084ms)
✔ T-R-084a a missing gh does not crash (116.76725ms)
✔ T-R-030a read_rules makes one glab call for many samples (461.151709ms)
✔ T-R-030b a branch_name_regex gives one regex rule under every sample (463.800459ms)
✔ T-R-030c a null body, no regex and an empty regex give no rule (1877.548166ms)
✔ T-R-030e a JSON error body from a glab that exits 0 is no rule (473.086667ms)
✔ T-R-030d other push rule fields are ignored (460.584834ms)
✔ T-R-031a a failing glab gives one note and unchecked samples (491.380334ms)
✔ T-R-031b an empty stderr still gives a reason (454.088666ms)
✔ T-R-031c output that is not JSON is a failure (456.161292ms)
✔ T-R-031d a timeout is a failure (1103.096875ms)
✔ T-R-032a no forge makes no call (236.266334ms)
✔ T-R-026a every rule has exactly the spec keys (1156.629292ms)
✔ T-R-084b a missing glab does not crash (103.111958ms)
✔ T-R-038a the flag gives given true and the flag format (204.706875ms)
✔ T-R-038b the config gives given true and the config format (195.483625ms)
✔ T-R-038c neither flag nor config gives given false and the default format (190.341875ms)
✔ T-R-038d an invalid format exits 2 with an error object (115.541125ms)
✔ T-R-039a the pr mode samples a slice, a state and an e2e branch (204.699709ms)
✔ T-R-039b the stack mode samples a run, a milestone and a slice branch (189.578458ms)
✔ T-R-039c the mr and direct modes sample nothing without --branch (292.545708ms)
✔ T-R-039d samples follow the format (222.469417ms)
✔ T-R-040a the mr mode adds a working sample last (197.313334ms)
✔ T-R-040b the working branch is judged as given (636.487458ms)
✔ T-R-040c the other modes ignore --branch (878.885959ms)
✔ T-R-041a a repo with no forge gives ok, exit 0 and unchecked samples (196.02725ms)
✔ T-R-041b passing and unevaluated samples never block (1087.7095ms)
✔ T-R-041c unchecked samples never block (559.7805ms)
✔ T-R-041d notes merge without duplicates, in first-seen order (569.915ms)
✔ T-R-044a the output has the spec keys (564.462333ms)
✔ T-R-044b a failed sample names the first failing rule (596.665625ms)
✔ T-R-044c the exit code follows the verdict (757.219709ms)
✔ T-R-044d a bad ref name fails when the forge rules pass (1074.825208ms)
✔ T-R-044e a bad ref name fails without a forge (228.406416ms)
✔ T-R-044f a bad ref name fails when the rules are unknown (742.146875ms)
✔ T-R-084a preflight with no gh and no glab gives unchecked samples and one note (368.030042ms)
✔ T-R-042a one starts_with rule derives the format and passes (647.539333ms)
✔ T-R-042b ends_with and contains derive their table formats (1269.878417ms)
✔ T-R-042c no derivation when the format is given, the rule is negated or regex, or two rules exist (2612.970959ms)
✔ T-R-042d a rule the default format passes gives no derivation (586.71975ms)
✔ T-R-042e a derived format that git refuses is a failed verdict with exit 1 (537.737041ms)
✔ T-R-042f derive returns the table formats and None for every other input (33.417958ms)
✔ T-R-042g mr mode has no loop-kind sample, so a failed working branch derives nothing (504.609084ms)
✔ T-R-042h the loop-kind guard derives in pr mode and not for a working failure alone (165.732667ms)
✔ T-R-042i a failed derivation keeps the first-verdict samples and rules (531.87125ms)
✔ T-R-087a an ends_with .lock rule gives the derived format as the suggestion (537.603708ms)
✔ T-R-043a the suggestion starts with --branch-format (535.008ms)
✔ T-R-043b a regex rule gives a --branch-format line that quotes the pattern (534.940292ms)
✔ T-R-043c mr mode with a GitLab regex gives one rename line (500.823666ms)
✔ T-R-043d two rules give a generic --branch-format line that names both labels (528.407625ms)
✔ T-R-043e a given format still gets the derived suggestion (520.059541ms)
✔ T-R-043f a negated rule gives a generic line that names the label (516.226333ms)
✔ T-R-043g suggest puts the format line first and the rename line second (54.68625ms)
✔ T-R-043h suggest with no rules names git check-ref-format (35.037459ms)
✔ T-R-122a a regex with a group and a repeat gives an accepted literal (535.359167ms)
✔ T-R-122b other patterns give an accepted literal in pr and stack mode (1640.844292ms)
✔ T-R-122c a pattern with no accepted literal gives the text fallback (1014.5675ms)
✔ T-R-073b a derived format with a brace or whitespace is not reported as ok (6236.631083ms)
✔ T-R-091a one regex rule the default passes needs no format and no suggestion (565.997542ms)
✔ T-R-091b the same regex rule through glab gives the same keys (547.976709ms)
✔ T-R-092a two rules and no format give a generic suggestion and no derived format (523.52025ms)
✔ T-R-092b every failing sample names one of the two rules (512.772583ms)
✔ T-R-092c a negated contains rule the default fails gives no derived format (528.617708ms)
✔ T-R-100a rules of another type leave the run ok with no rules (578.074791ms)
✔ T-R-100b an empty list gives pass on every sample, not unchecked (595.185584ms)
✔ T-R-100c a rule that answers for one sample name can fail only that sample (584.172042ms)
✔ T-R-100d a rule whose pattern is not a string is unevaluated and never crashes preflight (3514.076041ms)
✔ T-R-074a preflight through gh and glab shims covers the seven scenarios (3487.400875ms)
✔ T-R-118 parse with a plain prefix format returns the slice kind and id (134.77275ms)
✔ T-R-050a BRANCH_FORMAT defaults to sdlc/{name} and follows args.branchFormat (2.231666ms)
✔ T-R-050b branchName fills the format and lowercases the whole name for the lower modifier (0.874459ms)
✔ T-R-051c branchName inserts tails with replacement patterns literally (0.844917ms)
✔ T-R-116a the internals export branchName and BRANCH_FORMAT (0.364917ms)
✔ T-R-051b the loop script builds no sdlc/ branch literal, and the verify branch matches branches.py (128.629958ms)
✔ T-R-075a the loop script and the module name branches the same way (397.010334ms)
✔ a stop action without a stop-file reason ends the run as stopped (2.131625ms)
✔ done returns the summary (0.961375ms)
✔ wait returns waiting (0.835541ms)
✔ state reader failing twice in a run that did nothing returns stalled after exactly one retry (0.400083ms)
✔ maxIterations 0 starts no agents (0.329583ms)
✔ agent cap stops before an iteration that does not fit (0.30125ms)
✔ low remaining budget stops before the next iteration (0.359375ms)
✔ the agent cap holds inside one milestone: a fixing round of the same milestone gets no headroom (1.48325ms)
✔ crossing a milestone boundary restores the cap: the next milestone gets a whole allowance (0.967833ms)
✔ the run total is not reset at a milestone boundary, and the pause message says which number it means (1.456084ms)
✔ the money brake still stops a run whose milestone allowance was just made whole (0.612ms)
✔ unknown action in a run that did nothing returns stalled (0.232417ms)
✔ a run that completed an action before the state reader failed returns continue (0.231417ms)
✔ each stalled run adds one to stalledRuns, carried through args (0.415875ms)
✔ the 24th stalled run in a row returns stuck (0.559708ms)
✔ a repeated outcome that stalls counts toward stuck, and does not reset stalledRuns (0.438292ms)
✔ stop, done and wait leave stalledRuns as it came in (0.166291ms)
✔ an error from the state reader ends a run that did nothing as stalled, with the reason (0.266125ms)
✔ the state reader is given the decision script path (0.449459ms)
✔ prompt names the common and role prompt files and embeds inputs (0.193542ms)
✔ run() counts every attempt and returns null after two failures (1.039042ms)
✔ every phase title used in the script is declared in meta.phases (1.397958ms)
✔ the Gate phase is declared after the verify group and before Integrate (0.686042ms)
✔ plan passes both critics, tests fail correctly, slice advances to implement (4.325959ms)
✔ ambiguities go to the decision panel and the planner re-runs with the ADRs (2.656292ms)
✔ plan refuted three times escalates to replan (0.856708ms)
✔ tests that never fail for the right reason escalate after three attempts (0.677959ms)
✔ happy path runs implement, core verifiers, the profile group, three reviewers, the report, integrate (0.842958ms)
✔ resume at implement skips plan and tests (0.729125ms)
✔ resume at integrate goes straight to the integrator with persisted seeds (0.96975ms)
✔ a profile verifier failing test forces a fix round carrying the evidence (0.692542ms)
✔ three failed fix rounds escalate (0.460667ms)
✔ an inconclusive implementer run is re-run without spending a fix round (0.529875ms)
✔ a fix round is spent only when the implementer stays inconclusive after its re-run (0.482708ms)
✔ a blocking finding that survives refutation forces a fix round (1.284667ms)
✔ a blocking finding refuted by the majority is dropped and non-blocking ones become seeds (0.405416ms)
✔ reviewer that fails to report blocks the slice (0.4015ms)
✔ integration failure escalates (0.314625ms)
✔ an inconclusive final check is re-run, and never escalates (0.343666ms)
✔ a final check still inconclusive after its re-run leaves the slice in integrate (0.671583ms)
✔ parkedRetry unparks then runs the slice from plan with reset counters (0.525542ms)
✔ retryMerge calls the integrator in retry-merge mode (0.299583ms)
✔ a low-risk slice skips the verify battery and ships on a clean review (0.362583ms)
✔ a low-risk slice resumed at implement still skips the battery (0.264875ms)
✔ a reviewer demanding verification turns the battery on for the same round (0.840458ms)
✔ a demanding review with blocking findings fixes first; the battery judges the fix (0.793458ms)
✔ a demanded battery that refutes sends the slice into a fix round with the verify evidence (0.8565ms)
✔ no-progress guard force-parks a slice after three identical outcomes (0.622917ms)
✔ an infra vote never counts as a refutation, but stops the round from passing (1.179333ms)
✔ a refuting vote wins over infra classification (infra must not mask a real bug) (0.83725ms)
✔ profileVote folds blocked scenarios and silent agents into infra, not refutation (0.3635ms)
✔ a battery slice runs the gate before integrate, and a gate fail goes back to the build loop (0.523792ms)
✔ a slice already at phase gate resumes at the gate, not the build loop (0.255584ms)
✔ each verify round appends one ledger row to a single cumulative persist (0.427708ms)
✔ an infra round appends an infra row and replays without spending a fix round (1.135375ms)
✔ a gate fail appends its row and the retry carries the ledger through the recursion (0.402875ms)
✔ a round the implementer could not finish still appends its refuted row (0.299167ms)
✔ the integrator sending regate re-runs the gate (0.286209ms)
✔ three consecutive infra rounds park the slice with infra debt, without escalating (0.484167ms)
✔ gatePhase returns an infra verdict on a silent gate agent, and parks on the third (0.801875ms)
✔ a blocked-only profile round replays at the same fix round and parks after three (1.074792ms)
✔ a round whose only anomaly is a failed-to-report verifier replays without consuming a fix round (0.515959ms)
✔ three consecutive gate infra failures park the slice without escalating (0.388083ms)
✔ a parked-at-gate slice resumed via parkedRetry re-runs the gate, not the build loop (0.29875ms)
✔ a stopRequested implementer pauses the run without spending a fix round (1.046792ms)
✔ an agent already running finishes, the next one does not start (0.312458ms)
✔ a stopRequested agent deep in a parallel group unwinds cleanly (0.456667ms)
✔ an iteration-top stop action still ends stopped, not paused (0.694ms)
✔ a stop-file stop at the iteration top pauses, and any other stop reason still ends stopped (0.894625ms)
✔ a stopRequested state-reader pauses instead of stalling into the relaunch loop (0.396333ms)
✔ every dispatched prompt carries the stop check, resolved at the main root (0.54675ms)
✔ a stopRequested state-writer mid-buildLoop stops the run before the next agent dispatches (0.357041ms)
✔ lifecycle: a profile refutation promotes into the fix round, the gate commits, the integrator merges (1.434958ms)
✔ every log string in sdlc-loop.js follows the STE rules (55.706958ms)
✔ first escalation is replan (2.649709ms)
✔ step 4 runs a three-angle decision panel and passes the ADR to the escalator (1.32325ms)
✔ panel with no proposals skips the judge and passes adr null (0.449375ms)
✔ step 5 parks a spec slice and reverts an improvement slice (0.780208ms)
✔ ladder never goes past park (0.546958ms)
✔ escalator that fails to confirm is reported in the outcome (0.470625ms)
✔ plan passes both critics, tests fail correctly, slice advances to implement (4.363417ms)
✔ ambiguities go to the decision panel and the planner re-runs with the ADRs (2.580375ms)
✔ plan refuted three times escalates to replan (0.532292ms)
✔ tests that never fail for the right reason escalate after three attempts (0.39175ms)
✔ happy path runs implement, core verifiers, the profile group, three reviewers, the report, integrate (0.619375ms)
✔ resume at implement skips plan and tests (0.463875ms)
✔ resume at integrate goes straight to the integrator with persisted seeds (0.913834ms)
✔ a profile verifier failing test forces a fix round carrying the evidence (0.869667ms)
✔ three failed fix rounds escalate (0.428625ms)
✔ an inconclusive implementer run is re-run without spending a fix round (0.523458ms)
✔ a fix round is spent only when the implementer stays inconclusive after its re-run (0.373875ms)
✔ a blocking finding that survives refutation forces a fix round (0.876625ms)
✔ a blocking finding refuted by the majority is dropped and non-blocking ones become seeds (0.35575ms)
✔ reviewer that fails to report blocks the slice (0.361667ms)
✔ integration failure escalates (0.527167ms)
✔ an inconclusive final check is re-run, and never escalates (0.395417ms)
✔ a final check still inconclusive after its re-run leaves the slice in integrate (0.960666ms)
✔ parkedRetry unparks then runs the slice from plan with reset counters (0.618708ms)
✔ retryMerge calls the integrator in retry-merge mode (0.401125ms)
✔ a low-risk slice skips the verify battery and ships on a clean review (0.444125ms)
✔ a low-risk slice resumed at implement still skips the battery (0.333084ms)
✔ a reviewer demanding verification turns the battery on for the same round (0.9745ms)
✔ a demanding review with blocking findings fixes first; the battery judges the fix (0.633125ms)
✔ a demanded battery that refutes sends the slice into a fix round with the verify evidence (0.508709ms)
✔ no-progress guard force-parks a slice after three identical outcomes (0.396083ms)
✔ I1: a blocking finding whose refuters all die is kept, not dropped (0.534291ms)
✔ I1: bar raiser round where every finder died is not dry (0.900167ms)
✔ I1: an idea whose judges died is deferred, not rejected (0.421833ms)
✔ I3: a retryMerge that keeps waiting returns waiting instead of force-parking (0.207792ms)
✔ I3: a force-park that fails ends the run as stalled (0.341917ms)
✔ I4: the no-progress streak carries across runs through args and is returned (0.550167ms)
✔ I4: a bar-raiser writer failure yields a constant outcome (0.667542ms)
✔ I5: at most five blocking findings are judged per round (0.546417ms)
✔ I5: when the first five blocking findings are all refuted, the rest are judged too (0.455875ms)
✔ I5: a blocking finding past the first five still forces a fix round when it holds (1.063333ms)
✔ I5: at most three ambiguities go to decision panels per planner round (1.839334ms)
✔ I5: a build loop that would pass the agent cap pauses without escalating (0.476625ms)
✔ I9: a lone regression refutation fails verification (0.356042ms)
✔ git-modes.json holds an ordered list of mode names (85.365708ms)
✔ the workflow script mode list is the one in git-modes.json (47.574333ms)
✔ each python script resolves its modes from the file beside it, not from a literal (118.934792ms)
✔ a missing or malformed git-modes.json stops the scripts instead of falling back to a list (1429.4715ms)
✔ the hook pokes the watcher of the project it runs in, from any subfolder (72.950083ms)
✔ the hook does nothing when no watcher is running (91.567208ms)
✔ the hook exits 0 silently on empty, garbage or odd input (222.6305ms)
✔ hooks.json registers the poke on agent start and stop, through the plugin root (0.260541ms)
✔ the hub answers its health marker, 404s the unknown, and says when no run is registered (127.513375ms)
✔ the index lists live runs and greys stale ones, and serves each run page from its tracker dir (65.366583ms)
✔ the index is a status board: counts band, phase chip, slice progress and relative times (113.834708ms)
✔ the index shows each run's verify economics from its slices' ledger rows (59.749708ms)
✔ a run page never serves a file outside its tracker directory (58.453041ms)
✔ a corrupt registration is skipped, never 500s the index (58.047292ms)
✔ a registration with the wrong shape is skipped, and its run page 404s (60.004667ms)
✔ an embedded null byte in a run path is a 404, never a traceback (58.389ms)
✔ an entry with a null repo or a non-string status title never 500s the index (109.91075ms)
✔ an entry quiet for a day is pruned from the registry and the index (108.727792ms)
✔ run_id slugs the repo dir and the spec path, and a same-named repo elsewhere gets a hash suffix (82.351208ms)
✔ run_id slugs a repo dir whose name is outside the hub id alphabet (89.6185ms)
✔ register writes the registration atomically, and heartbeat refreshes its mtime (133.431292ms)
✔ an unwritable registry warns and carries on, reporting failure (75.401417ms)
✔ the hub contract: port 8787 and ~/.sdlc/hub when the test overrides are absent (72.232416ms)
✔ --publish registers the run and the hub serves its page at the fixed url (3907.240208ms)
✔ a foreign process on the hub port is an error, never a silent move to another port (5381.315084ms)
✔ a foreign 200 with the wrong body is still a foreign server, never a doomed hub spawn (5280.959792ms)
✔ a hub dir blocked by a plain file warns, and the watcher carries on unpublished (3735.786167ms)
✔ a watcher that started behind a squatter publishes once a real hub appears (4757.100375ms)
✔ two runs publish side by side through the one hub (5626.628209ms)
✔ the docs speak of the hub and the fixed port, never of per-run serving (1.023708ms)
✔ the hub's rendered strings follow the STE rules (60.548959ms)
✔ plan passes both critics, tests fail correctly, slice advances to implement (4.023583ms)
✔ ambiguities go to the decision panel and the planner re-runs with the ADRs (2.078292ms)
✔ plan refuted three times escalates to replan (0.509209ms)
✔ tests that never fail for the right reason escalate after three attempts (0.349542ms)
✔ happy path runs implement, core verifiers, the profile group, three reviewers, the report, integrate (0.5165ms)
✔ resume at implement skips plan and tests (0.4605ms)
✔ resume at integrate goes straight to the integrator with persisted seeds (0.602625ms)
✔ a profile verifier failing test forces a fix round carrying the evidence (0.510834ms)
✔ three failed fix rounds escalate (0.390042ms)
✔ an inconclusive implementer run is re-run without spending a fix round (0.489375ms)
✔ a fix round is spent only when the implementer stays inconclusive after its re-run (0.31625ms)
✔ a blocking finding that survives refutation forces a fix round (0.742208ms)
✔ a blocking finding refuted by the majority is dropped and non-blocking ones become seeds (0.451875ms)
✔ reviewer that fails to report blocks the slice (0.41425ms)
✔ integration failure escalates (0.324291ms)
✔ an inconclusive final check is re-run, and never escalates (0.293333ms)
✔ a final check still inconclusive after its re-run leaves the slice in integrate (0.662292ms)
✔ parkedRetry unparks then runs the slice from plan with reset counters (0.386708ms)
✔ retryMerge calls the integrator in retry-merge mode (0.216709ms)
✔ a low-risk slice skips the verify battery and ships on a clean review (0.285167ms)
✔ a low-risk slice resumed at implement still skips the battery (0.263542ms)
✔ a reviewer demanding verification turns the battery on for the same round (0.629916ms)
✔ a demanding review with blocking findings fixes first; the battery judges the fix (0.416916ms)
✔ a demanded battery that refutes sends the slice into a fix round with the verify evidence (0.37575ms)
✔ no-progress guard force-parks a slice after three identical outcomes (0.306ms)
✔ milestonePlan runs the milestone-planner (0.212292ms)
✔ a clean campaign plans, reviews coverage, boots the stack, runs every area and reports verified (0.916292ms)
✔ coverage gaps send the scenario plan back with the critiques (0.277708ms)
✔ critics that never go dry stop after the round limit and the last revision still runs (0.287583ms)
✔ a failure confirmed by the judges becomes a bug for the writer (0.336083ms)
✔ a failure the judges refute is dismissed with their classification (0.289042ms)
✔ dead judges never dismiss a failure (0.310292ms)
✔ failures beyond the judge limit carry over as unjudged (0.430917ms)
✔ a runner that dies marks its scenarios blocked and the outcome partial (0.261917ms)
✔ a stack that cannot boot is reported blocked without running scenarios (0.325709ms)
✔ runners go in batches of three so one laptop is not flooded (17.523042ms)
✔ a re-run after fixes replays the planned scenarios without new coverage critique (1.596459ms)
✔ dismissalClass picks the majority classification among refuting voters (1.163333ms)
✔ verifier seeds reach the integrator alongside review seeds (0.526542ms)
✔ a planner that judges the slice too big goes straight to split without critics (0.439208ms)
✔ a too-big verdict after an earlier split escalates one rung further, never back down (0.275708ms)
fatal: refusing to fetch into branch 'refs/heads/main' checked out at '/private/var/folders/b_/kllw7bcd59sbstn3r2yv6r6m0000gp/T/sdlc-test-m7srzM/sdlc-owner-PlP23I'
From /var/folders/b_/kllw7bcd59sbstn3r2yv6r6m0000gp/T/sdlc-test-m7srzM/sdlc-remote-djTDFO
 * branch            main       -> FETCH_HEAD
✔ A: a STOP file wins over everything, even a missing config (101.286875ms)
✔ A: the stop probe resolves at the main root when --main-root is given, at the repo otherwise (199.700209ms)
✔ A: bootstrap when the config is missing, the spec changed, or an override was added (253.855292ms)
✔ A: in pr mode a ready state PR is merged first, and one that is not ready means wait (317.114125ms)
✔ B: a slice whose PR is mergeable, approved and green is merged; a failing check or pending review is not (663.166125ms)
✔ B: a slice PR that a human merged is recorded, not rebuilt and not waited on (95.459375ms)
✔ B: a slice in progress resumes, with only the fields the workflow uses (107.200542ms)
✔ C: milestones are planned when the file is missing, and verified once every member is finished (326.932708ms)
✔ C: a fixing milestone runs again when its fix slices are finished, and never past three attempts (310.971833ms)
✔ D: the next todo slice needs its dependencies done, awaiting merge or parked; a missing or split one counts through (422.331041ms)
✔ D: a parked slice is retried while it has retries left, after every todo slice (96.491ms)
✔ E: todo slices that nothing can unblock are a livelock that names them (98.36375ms)
✔ F: the audit runs when it is missing, failed or older than the ledger (402.426792ms)
✔ F: parked slices out of retries are a livelock; an unfinished requirement nobody owns is an error (201.521708ms)
✔ F: a milestone that is neither verified nor exhausted blocks done with an error (98.60475ms)
✔ F: the bar raiser runs only while rounds are left and it has not gone dry twice (508.259ms)
✔ a gitMode this script does not know is an error, not a mode it falls through (735.797875ms)
✔ slim_slice passes a slice's risk through to the loop, and old slices stay unrated (197.908791ms)
✔ a state file that is not valid JSON is an error; a wrapped slices list is read (210.348083ms)
✔ the ledger hash matches the jq command in state-schema.md (136.919834ms)
✔ worktree world: a stale local default ref triggers no sync, and the decision reads origin/<defaultBranch> (910.082958ms)
✔ worktree world: the sync round fetches without a refspec, the command succeeds, and one round is enough (919.395125ms)
✔ a slice in progress on its own branch is found from the default branch, and stays the decision after a merge (562.904875ms)
✔ an open PR left by an attempt that was replanned does not hold the slice (375.008917ms)
✔ stack mode waits while a milestone pull request is open (107.656ms)
✔ stack mode waits on a milestone pull request that is green but unreviewed (98.858666ms)
✔ stack mode does not wait once the milestone pull request has merged (93.703542ms)
✔ stack mode ignores an sdlc/M-1-e2e pull request when deciding whether to wait (91.752917ms)
✔ stack mode does not hold on an unreviewed e2e pull request left by a run that changed mode (319.614542ms)
✔ pr mode still merges a ready e2e pull request itself (77.419875ms)
✔ stack mode holds on a milestone pull request before the milestone is recorded as verified (100.075042ms)
✔ stack mode holds on a milestone pull request that is green and ready to merge (302.724541ms)
✔ stack mode holds on a milestone pull request whose milestone is not on the default branch yet (332.351792ms)
✔ stack mode stops holding once the milestone pull request is merged into the default branch (313.711125ms)
✔ active slice branch is found by parse under a custom format (739.402458ms)
✔ state, e2e, slice and milestone heads are recognized under a custom format (578.965667ms)
✔ a lowercased head resolves to the ledger id (594.2065ms)
✔ a missing or empty branchFormat falls back to sdlc/{name} (977.342167ms)
✔ the active slice branch, slice PR heads, the state PR, the e2e PR and the stack milestone hold are recognized under a custom format (653.443125ms)
✔ a slice-shaped branch without an in-progress ledger entry stays inactive (435.493708ms)
✔ the checked-out branch wins over another in-progress branch (510.002416ms)
✔ the reviewer can demand the verification battery for a mis-rated slice, and the schema passes the flag (0.957167ms)
✔ every agent role used by the script has a prompt file (0.772917ms)
✔ shared prompt files exist (0.078917ms)
✔ script avoids APIs the workflow runtime forbids (0.355ms)
✔ the slicer rates each slice's verification risk, low only for harmless changes (0.450334ms)
✔ every prompt that branches on the git mode says what mr mode does (0.394167ms)
✔ the mode-agnostic prompts cover stack mode (0.128042ms)
✔ the skill documents the stack flag, its remote requirement and its resume path (0.266209ms)
✔ config.json documents runBranch, and milestones document their pr field (0.215291ms)
✔ the common rules scope the relayed user request to the driver (0.182417ms)
✔ the e2e harness cuts its branch from the milestone branch in stack mode, and names a base for every mode (0.253625ms)
✔ the env-detector adopts the driver-created run branch, and numbers a fresh one the way the driver does (0.241ms)
✔ the env-detector resolves stack from the input or an existing config, and stores a bare defaultBranch (0.133ms)
✔ direct mode ships from the run worktree: sync, squash, push to the default branch (0.114042ms)
✔ the default-branch state commit runs from the worktree and pushes, instead of checking the branch out (0.079542ms)
✔ slice creation cuts from refs, and no prompt presents the default branch as a place to be (0.1705ms)
✔ the pr state-commit arm syncs the run branch too, and no arm checks the default branch out (0.113666ms)
✔ the worktree returns to the run branch before every run-branch operation (ruling B) (0.318084ms)
✔ the pr blocked-merge fallback writes in the run worktree and never returns to the default branch (0.1035ms)
✔ the schema documents the mainRoot input and the direct mode push it now implies (0.187083ms)
✔ the pr after-merge step syncs the run branch onto the base and pushes, and no held branch is ever checked out (0.127833ms)
✔ the integrator deletes archived attempt branches once a slice ships (0.10875ms)
✔ the integrator asks the code for the slice base branch instead of naming it in prose (0.133583ms)
✔ the milestone-writer opens the milestone pull request and retargets the e2e merge (0.124ms)
✔ the milestone-writer defers the milestone branch to its owner rather than creating it (0.09375ms)
✔ the milestone-writer leaves both branch transitions to the code (0.112958ms)
✔ the stack commit rule states when the run branch is actually pushed (0.100166ms)
✔ the implementer times the suite against the slice base branch in stack mode (0.082458ms)
✔ the stack commit rule names the branch instead of guessing it from a milestone status (0.399042ms)
✔ the escalator and force-park ask for the branch rather than naming it, and never the default branch (0.207542ms)
✔ the escalator returns to the run branch in direct and pr mode, and never checks out the default branch (0.095625ms)
✔ every agent writes comment-free code in the target repo, and its prose in STE (0.350209ms)
✔ the regression lens is slice-scoped during build rounds and full only at the gate (0.63925ms)
✔ profile agents write their tests as evidence in the main tree, and the collector only files and cleans (0.340333ms)
✔ verifier tests promote into the suite only with a demonstrated catch, under a quality bar (0.225042ms)
✔ the regression lens holds the suite slot in full scope, and the slice scope survives an impact.py failure (0.355875ms)
✔ the campaign covers slices that skipped verification, and the integrator receipt note is scoped to them (0.162875ms)
✔ the integrator trusts the gate receipt, regates after a product-code CI fix, and prunes bulk at merge (0.174292ms)
✔ the state-reader runs the janitor once per run without letting it block the decision (0.085292ms)
✔ the state-reader passes the main root to the stop probe (0.051167ms)
✔ every agent is told to check the stop file before it starts and to no-op into stopRequested (0.298542ms)
✔ the state schema documents the verify economy the loop implements (0.151833ms)
✔ the driver resolves the default branch in the owner checkout and hands it to the loop per mode (0.099833ms)
✔ the env-detector applies the defaultBranch input per mode, and mr ignores it (0.10125ms)
✔ the driver ensures the run worktree before the config checks, and points the loop at it (0.137125ms)
✔ the stop wording promises a pause, and the paused bullet keeps the worktree (0.150583ms)
✔ the loop-end cleanup removes the worktree and the run branch, and reports a refusal (0.149083ms)
✔ the tracker reads run state from the worktree and writes to the owner's checkout (0.132375ms)
✔ every prompt file passes the STE linter, with no allowlist and no skips (169.819958ms)
✔ the schema pins the merge prune and the run request names the moved reports (0.452458ms)
✔ the README documents the run worktree, the step-boundary pause and the STE rule (0.34725ms)
✔ the README worktree claims hold for direct mode, the driver counters, and the STE scope (0.234ms)
✔ T-R-045: the Commands line and a flag bullet document --branch-format (0.209834ms)
✔ T-R-046a: the Branch format bullet runs the preflight after the Git mode bullet (0.217333ms)
✔ T-R-046b: the old branch name bullet and its GitLab push rule text are gone (0.17575ms)
✔ T-R-097: the Branch format bullet reports a derived format and resumes from config.json (0.186875ms)
✔ T-R-048: the Run worktree bullet ends the run on a worktree format mismatch (0.140583ms)
✔ T-R-049: the Launch args carry branchFormat between commitFormat and maxIterations (0.10725ms)
✔ T-R-047a: the Run worktree bullet names the run branch through branches.py name (0.089792ms)
✔ T-R-047b: the Run worktree bullet comes after the Branch format bullet and uses RUN_BRANCH (0.065292ms)
✔ T-R-121: on a relaunch the run branch is the last listed one and HEAD goes back onto it (0.464334ms)
✔ T-R-047c: the mismatch sentence sits inside the Run worktree bullet after the Branch format bullet (0.247292ms)
✔ T-R-047d: the Run worktree and specPath bullets come after the Branch format bullet (0.159458ms)
✔ T-R-047e: WT is set before the Git mode and Branch format bullets, and Git mode reads both config paths (0.242542ms)
✔ T-R-101b: the Branch format bullet asks nothing when parse prints no kind (0.2975ms)
✔ T-R-118b: the Branch format bullet asks for a rename when parse prints a kind (0.135125ms)
✔ patch-slice creates the slice branch, merges the patch, marks requirements, writes STATUS.md and commits (943.8445ms)
✔ patch-slice uses the commit format, and branches from an awaiting-merge dependency (593.782708ms)
✔ patch-slice fails without committing when the slice or the input is wrong (448.8745ms)
✔ status lists what needs a human eye (230.479417ms)
✔ add-requirements assigns the next ids and refuses a quote already in the ledger unless it is distinct (366.948208ms)
✔ critics adding at the same time never lose an entry or reuse an id (242.6715ms)
✔ a receipt covers the same code through state commits and a squash merge, and not a code change (1084.660042ms)
✔ a failed or partial receipt never stands in for the final check (703.248083ms)
✔ stack mode cuts a slice branch from its milestone branch, creating and pushing that branch when it is absent (1253.384125ms)
✔ stack mode cuts an audit fix slice from the run branch, since it belongs to no milestone (716.5215ms)
✔ stack mode uses a milestone fix slice as an ordinary milestone slice (781.652917ms)
✔ stack mode cuts a fix slice whose milestone is already verified from the run branch, and creates no milestone branch (704.7375ms)
✔ stack mode bases the slice on a dependency awaiting merge, as pr mode does (603.462458ms)
✔ stack mode ignores an awaiting-merge dependency whose branch is gone, and uses the milestone branch (611.240458ms)
✔ stack mode finds the milestone that owns the slice, not the first one (1900.519167ms)
✔ the suite slot is exclusive, and slot-release frees it from another process (600.834792ms)
Automatic merge went well; stopped before committing as requested
Automatic merge went well; stopped before committing as requested
error: cannot delete branch 'sdlc/M-1' used by worktree at '/private/var/folders/b_/kllw7bcd59sbstn3r2yv6r6m0000gp/T/sdlc-test-UpgUFG/sdlc-wt-nWuLoI'
error: cannot delete branch 'sdlc/S-001-v1' used by worktree at '/private/var/folders/b_/kllw7bcd59sbstn3r2yv6r6m0000gp/T/sdlc-test-UpgUFG/sdlc-wt-kBjlJi'
Automatic merge went well; stopped before committing as requested
✔ the suite slot is self-healing: it works without .sdlc and after a killed holder (153.98575ms)
✔ stack mode aborts a conflicting merge of the default branch into the run branch (1304.71175ms)
✔ stack mode merges the default branch into the run branch when it moves without conflicting (1683.382541ms)
✔ stack mode refuses to cut a slice when there is no run branch to fall back on (246.108125ms)
✔ pr, direct and mr mode are untouched by the stack arm (1291.102583ms)
✔ direct mode cuts from the fetched default-branch tip, mr from the local ref; neither moves the local branch (1854.461459ms)
✔ direct mode with a remote cuts the slice from origin/<defaultBranch> and keeps the committed state (1214.713834ms)
✔ pr mode with a remote cuts the slice from origin/<defaultBranch> without checking the branch out (1224.963708ms)
✔ a dependency whose branch exists but which is not awaiting merge is not used as a base (834.787333ms)
✔ stack mode names the missing run branch rather than letting git fail (269.774ms)
✔ an unknown gitMode fails loudly instead of committing the slice to the default branch (2818.166125ms)
✔ after a milestone PR merges, the run branch carries it before the next branch is cut from it (1373.496917ms)
✔ the run branch is advanced onto the default branch when a milestone branch is cut too (1675.629084ms)
✔ advancing the run branch merges rather than rebasing, and never force-pushes it (1418.678834ms)
✔ a milestone branch left behind by an earlier attempt does not win over the verified rule (710.565291ms)
✔ a second run cuts its own M-1 instead of building on the first run's leftover milestone branch (2519.64175ms)
✔ pruning deletes a shipped milestone branch and nothing else (4122.01075ms)
✔ the prune does not delete a remote milestone branch that is ahead of the local one (2506.321833ms)
✔ the prune deletes the remote milestone branch only while the remote still holds what it proved (3281.014792ms)
✔ a milestone branch whose only unshipped change is a file mode is kept (1966.970542ms)
✔ a milestone branch checked out in another worktree is not deleted (1984.072042ms)
✔ a milestone branch with a slice pull request still open against it is not deleted (2840.293958ms)
✔ a milestone branch that moved between the proof and the delete survives the delete (2946.747042ms)
✔ the prune fetches the default branch before deciding, so a shipped milestone is not left behind (2203.954042ms)
✔ an earlier run's milestone branch holding unshipped work is kept, and never built on (1361.23725ms)
✔ base-branch names the milestone branch for a slice that belongs to a milestone (697.219292ms)
✔ base-branch names the run branch for an audit fix that belongs to no milestone (737.699375ms)
✔ base-branch names the run branch for a fix of a milestone that already shipped (268.784875ms)
✔ base-branch names the dependency branch for a slice whose dependency is awaiting merge (627.93475ms)
✔ pr, direct and mr mode answer with the default branch, and stay there (1771.739917ms)
✔ base-branch names a milestone branch that does not exist yet, without creating it (302.980791ms)
✔ base-branch reads the repo and changes nothing at all (1073.341833ms)
✔ base-branch fails loudly rather than printing a plausible branch (759.442375ms)
✔ impact maps a changed source file to its package tests and reverse-dependency packages (278.286917ms)
﹣ impact follows Go imports to reverse-dependent packages when a go.mod exists (0.037708ms) # go not installed
✔ impact falls back to the test files in the changed paths when no package graph exists (260.572792ms)
✔ impact answers exit 0 with a note when the repo or git itself is unusable (48.172458ms)
✔ the janitor reaps an old sdlc- scratch dir in the real temp dir and keeps a fresh one (109.182084ms)
✔ the janitor reaps by janitorDays from config.json when --days is not given (212.3965ms)
✔ the janitor deletes v-branches of finished and unknown slices and keeps live ones (537.162125ms)
✔ the janitor prunes a stale worktree registration before sweeping, so the branch is not pinned forever (330.878542ms)
✔ the janitor notes missing or unreadable state instead of deleting, and still runs (345.065959ms)
✔ ste-check passes the rule sources it gates (29.30375ms)
✔ ste-check prints one file:line: rule — text line per violation and exits 1 (25.199917ms)
✔ ste-check keeps the exempt lines clean (27.105334ms)
✔ ste-check flags each rule on its own line (188.865541ms)
✔ state-write creates the slice and milestone branches under a custom format (1009.489958ms)
✔ state-write finds the dependency branch through the module under a custom format (763.622083ms)
✔ base-branch names the milestone branch through the format (636.871125ms)
✔ a milestone branch with a slice pull request open against it is kept under a custom format (2466.325666ms)
✔ milestone_branches_with_open_slice_pr returns the milestone branch name from the format (156.358375ms)
✔ the prune deletes a shipped milestone branch recognized by kind, under a custom format (2018.489458ms)
✔ the prune keeps a branch of another kind under the default format (2002.729166ms)
✔ state-write.py holds no MILESTONE_BRANCH regex (0.230375ms)
✔ a run branch with a custom format is advanced and kept as a full name (1524.863291ms)
✔ plan passes both critics, tests fail correctly, slice advances to implement (3.016584ms)
✔ ambiguities go to the decision panel and the planner re-runs with the ADRs (2.30425ms)
✔ plan refuted three times escalates to replan (0.446417ms)
✔ tests that never fail for the right reason escalate after three attempts (0.377417ms)
✔ happy path runs implement, core verifiers, the profile group, three reviewers, the report, integrate (0.500375ms)
✔ resume at implement skips plan and tests (0.418917ms)
✔ resume at integrate goes straight to the integrator with persisted seeds (0.567167ms)
✔ a profile verifier failing test forces a fix round carrying the evidence (0.458083ms)
✔ three failed fix rounds escalate (0.310541ms)
✔ an inconclusive implementer run is re-run without spending a fix round (0.434584ms)
✔ a fix round is spent only when the implementer stays inconclusive after its re-run (0.326125ms)
✔ a blocking finding that survives refutation forces a fix round (0.830125ms)
✔ a blocking finding refuted by the majority is dropped and non-blocking ones become seeds (0.45475ms)
✔ reviewer that fails to report blocks the slice (0.393958ms)
✔ integration failure escalates (0.315833ms)
✔ an inconclusive final check is re-run, and never escalates (0.293667ms)
✔ a final check still inconclusive after its re-run leaves the slice in integrate (0.669041ms)
✔ parkedRetry unparks then runs the slice from plan with reset counters (0.382916ms)
✔ retryMerge calls the integrator in retry-merge mode (0.224125ms)
✔ a low-risk slice skips the verify battery and ships on a clean review (0.421459ms)
✔ a low-risk slice resumed at implement still skips the battery (0.292791ms)
✔ a reviewer demanding verification turns the battery on for the same round (0.7755ms)
✔ a demanding review with blocking findings fixes first; the battery judges the fix (0.478416ms)
✔ a demanded battery that refutes sends the slice into a fix round with the verify evidence (0.437541ms)
✔ no-progress guard force-parks a slice after three identical outcomes (0.344792ms)
✔ tallyVerify passes only when no vote refutes and there is no failing test (0.415ms)
✔ tallyVerify: a spec-fidelity refutation with no failing test fails verification on its own (0.058709ms)
✔ tallyVerify: one failing test beats any number of approvals (0.266833ms)
✔ tallyVerify treats a silent verifier as infra, not a refutation (0.145792ms)
✔ allClear needs every vote present and not refuted (0.085083ms)
✔ survives needs a strict majority of non-refuting votes (0.062334ms)
✔ dedupeIdeas drops seen keys and in-batch duplicates, normalizing keys (0.223125ms)
✔ tallyAudit reopens a requirement only when a majority of auditors refute it (0.139458ms)
✔ tallyAudit treats a failed auditor as refuting every id in its chunk (0.071625ms)
✔ normalizeCounters fills missing counters with zero and keeps given ones (0.152709ms)
✔ chunk splits into fixed-size groups (0.218916ms)
✔ groupScenarios gives each profile its scenarios, splitting only past the agent limit (1.208125ms)
✔ profileVote refutes on a failing test and folds blocked scenarios and silent agents into infra (0.578334ms)
✔ collector turns .sdlc state into a self-contained tracker page (1974.405083ms)
✔ collector builds an empty page for a repo without .sdlc, and creates the out dir (1861.405584ms)
✔ verifier test reports render as pages with the referenced test source (1849.09125ms)
✔ a slice test report leads the page, with the verification rounds as an appendix and screenshots inline (1937.035625ms)
✔ a pre-existing slice keeps its report at the old location under the slice (1848.329417ms)
✔ collector adds the workflow view: phases, agents with status, model, tokens and time, and earlier runs (1858.41725ms)
✔ collector leaves the workflow view out when the run folder cannot be read (1798.3985ms)
✔ a watcher keeps rebuilding until --stop-watch, and a newer watcher replaces it (4770.61975ms)
✔ a build writes live.js with the same workflow block the page embeds, safe inside a script tag (1823.19575ms)
✔ a poke rebuilds live.js within a second or two without rebuilding the page, and live.js refreshes on its own every 5 s (9736.607792ms)
✔ the page redraws the workflow card only for a newer live payload, and flags a live run gone quiet (0.751958ms)
✔ the page keeps its last card for an empty live payload, and never flags a finished run (0.319875ms)
✔ the page redraws again only when the workflow data changed, not for a payload that differs in builtAt alone (0.303042ms)
✔ a payload with unchanged data still resets the paused clock, with exactly one redraw (0.274833ms)
✔ --stop-watch marks the run as not running in status.json and live.js, and fixes its end time (1773.530625ms)
✔ an agent cut off in an earlier run is read once, not on every rebuild (38.3255ms)
✔ the agent list is the scroll box, and a redraw keeps where the person scrolled to (12.426042ms)
✔ picking a phase and following the live phase bring that phase into view (2.252ms)
✔ the list tails the newest agent while the live phase is followed, and pauses when the person scrolls up (1.713167ms)
✔ the running agents' clocks still tick between redraws, inside the list (0.993542ms)
✔ a redraw puts the focus back on the same control without moving the page or the list (0.985541ms)
✔ the follow brings the newest running agent into view when finished agents sit below it (1.562542ms)
✔ the phase column keeps its own scroll position across a redraw (0.980333ms)
✔ the agents, milestones and pace chart are plain open regions, so a reload never folds them shut (1.588875ms)
✔ the stats row carries the verify economics next to the existing counts (2.539459ms)
✔ the card body is capped, the agent list scrolls under a sticky heading, and the head stays out of it (0.659208ms)
✔ the tracker's rendered strings follow the STE rules (63.111209ms)
✔ plan passes both critics, tests fail correctly, slice advances to implement (4.343958ms)
✔ ambiguities go to the decision panel and the planner re-runs with the ADRs (2.269ms)
✔ plan refuted three times escalates to replan (0.537291ms)
✔ tests that never fail for the right reason escalate after three attempts (0.393417ms)
✔ happy path runs implement, core verifiers, the profile group, three reviewers, the report, integrate (0.944208ms)
✔ resume at implement skips plan and tests (0.825084ms)
✔ resume at integrate goes straight to the integrator with persisted seeds (1.034209ms)
✔ a profile verifier failing test forces a fix round carrying the evidence (0.722667ms)
✔ three failed fix rounds escalate (0.420292ms)
✔ an inconclusive implementer run is re-run without spending a fix round (0.520375ms)
✔ a fix round is spent only when the implementer stays inconclusive after its re-run (0.574584ms)
✔ a blocking finding that survives refutation forces a fix round (0.956334ms)
✔ a blocking finding refuted by the majority is dropped and non-blocking ones become seeds (0.390792ms)
✔ reviewer that fails to report blocks the slice (0.398625ms)
✔ integration failure escalates (0.324416ms)
✔ an inconclusive final check is re-run, and never escalates (0.293042ms)
✔ a final check still inconclusive after its re-run leaves the slice in integrate (0.802459ms)
✔ parkedRetry unparks then runs the slice from plan with reset counters (0.508583ms)
✔ retryMerge calls the integrator in retry-merge mode (0.260916ms)
✔ a low-risk slice skips the verify battery and ships on a clean review (0.362791ms)
✔ a low-risk slice resumed at implement still skips the battery (0.246166ms)
✔ a reviewer demanding verification turns the battery on for the same round (0.876792ms)
✔ a demanding review with blocking findings fixes first; the battery judges the fix (0.451625ms)
✔ a demanded battery that refutes sends the slice into a fix round with the verify evidence (0.419584ms)
✔ no-progress guard force-parks a slice after three identical outcomes (0.440166ms)
✔ the profile group gets its scenarios, branch and unavailable tools; the toolsmith runs only for missing tools (1.446542ms)
✔ no missing tools means no toolsmith, and a clean group passes (1.428375ms)
✔ a collector that fails only logs; the round still fails or passes on the verifiers alone (0.417708ms)
✔ a planner that fails to report refutes the profiles vote without running any profile agent (0.354792ms)
✔ a fix round reuses the round-0 plan and re-runs only the failed (scenario, profile) pairs (0.4895ms)
✔ a fix round after a review finding runs no profile agent when every scenario held (0.412ms)
✔ a blocked tool is rebuilt in the fix round and its scenario re-run (1.47925ms)
✔ the planner's risk rating caps the profile group (0.636375ms)
✔ capProfiles keeps the profiles that cover most scenarios, and pendingPairs picks failed and blocked ones (0.388834ms)
✔ capProfiles breaks a tie by the order the planner tagged the profiles, not by catalog order (0.456792ms)
✔ every profile has a prompt file that reads the shared profile rules (1.300792ms)
✔ by default every agent runs on the session model (0.732709ms)
✔ with a review model set, the spec-fidelity verifier and the reviewers run on it; everyone else inherits (0.605291ms)
✔ reviewModel null keeps every agent on the session model (0.581584ms)
✔ a review model that fails falls back to the session model (0.396958ms)
✔ a list of review models is tried in order before the session model (0.367ms)
✔ the session model gets its two attempts after every review model failed (0.934083ms)
✔ a review model that failed twice in a row is skipped for the rest of the run, and one success resets the count (0.538875ms)
✔ reviewModel accepts one model name or a list (0.528125ms)
✔ profile agents run in batches of four (11.463875ms)
✔ after a review fix, the planner adds scenarios for the fix and only those run (0.701167ms)
✔ after a review fix that changed no behavior, the planner adds nothing and no profile agent runs (0.529875ms)
✔ after a review fix, a planner that fails to report falls back to the earlier plan (0.429334ms)
✔ a fix round after a verification failure does not plan again (0.410125ms)
✔ the regression verifier runs after the collector, and alongside spec-fidelity when there are no profile tests (1.756416ms)
✔ a failed collector still gets a regression run (0.337583ms)
✔ the review runs next to the regression verifier when everything before it held, and only once (0.421333ms)
✔ no review is started when a profile verifier or the spec-fidelity verifier refuted the slice (1.138292ms)
✔ a regression failure and a blocking review finding reach the implementer in the same round (0.809583ms)
✔ with no profile tests the review still runs, after verification (0.491ms)
✔ T-R-051a verifyPhase names the verify branches through args.branchFormat (0.452666ms)
ℹ tests 694
ℹ suites 0
ℹ pass 693
ℹ fail 0
ℹ cancelled 0
ℹ skipped 1
ℹ todo 0
ℹ duration_ms 84049.572542
npm test  93.66s user 56.78s system 178% cpu 1:24.21 total
