✔ verify security: VS-2 an explicit state ts is used as given, empty and None generate one (38.627875ms)
✔ verify security: VS-2 hostile ts values never raise an unhandled exception and keep the prefix (2181.301167ms)
✔ verify security: VS-2 the CLI has no --ts flag and refuses it with one JSON error (381.335125ms)
✔ verify security: VS-4 each missing verify part exits 2 with one JSON error naming the part (1227.447959ms)
✔ verify security: VS-4 malformed --round and --part exit 2 or give an ASCII integer, never a crash (17536.915666ms)
✔ verify security: VS-4 hostile --id and --profile never crash, never change state, keep the sdlc/ prefix (44033.138666ms)
✔ verify security: VS-6 a missing attempt part exits 2 with one JSON error naming it (621.962958ms)
✔ verify security: VS-6 malformed --n exits 2 or gives an ASCII integer, never a crash (10351.060875ms)
✔ verify security: VS-6 hostile attempt --id never crashes and keeps the sdlc/ prefix (19402.454125ms)
✔ verify security: VS-8 every push or request call in the scripts targets a run or milestone branch (9.163583ms)
✔ verify security: VS-8 the verify-profile and verify-collector prompts never tell an agent to push or open a request (1.914167ms)
✖ verify security: VS-8 the committed T-R-119 passes on the slice and catches a verify push added to the loop (241.793209ms)
✔ verify security: VS-8 T-R-119 misses a python push of a verify name built on another line (120.746ms)
ℹ tests 13
ℹ suites 0
ℹ pass 12
ℹ fail 1
ℹ cancelled 0
ℹ skipped 0
ℹ todo 0
ℹ duration_ms 96414.766708

✖ failing tests:

test at .sdlc/slices/S-005/verification/r0/tests/security-0/tails.verify-security.test.mjs:259:1
✖ verify security: VS-8 the committed T-R-119 passes on the slice and catches a verify push added to the loop (241.793209ms)
  AssertionError [ERR_ASSERTION]: T-R-119 missed a push of branch(g) added to verifyPhase
      at TestContext.<anonymous> (file:///private/var/folders/b_/kllw7bcd59sbstn3r2yv6r6m0000gp/T/sdlc-S-005b-regression-r2/.sdlc/slices/S-005/verification/r0/tests/security-0/tails.verify-security.test.mjs:268:10)
      at Test.runInAsyncScope (node:async_hooks:227:14)
      at Test.run (node:internal/test_runner/test:1382:25)
      at Test.processPendingSubtests (node:internal/test_runner/test:960:18)
      at Test.postRun (node:internal/test_runner/test:1522:19)
      at Test.run (node:internal/test_runner/test:1447:12)
      at async Test.processPendingSubtests (node:internal/test_runner/test:960:7) {
    generatedMessage: false,
    code: 'ERR_ASSERTION',
    actual: 0,
    expected: 0,
    operator: 'notStrictEqual',
    diff: 'simple'
  }
