head custom 0 {"ok": true, "branch": "feature/PROJ-1-S-001", "commit": "92d78a8"} 
head lower 0 {"ok": true, "branch": "feature/s-001", "commit": "c197c26"}
head bf "" 0 {"ok": true, "branch": "sdlc/S-001", "commit": "d9d77ec"}
head bf 5 0 {"ok": true, "branch": "sdlc/S-001", "commit": "669a204"}
head bf null 0 {"ok": true, "branch": "sdlc/S-001", "commit": "a1802f8"}
head bf ["x"] 0 {"ok": true, "branch": "sdlc/S-001", "commit": "5d147aa"}
head badfmt "bad{x}" 2 {"ok": false, "error": "the branch format 'bad{x}' must hold exactly one {name} or {name:lower}, found 0"} | 
head badfmt "has space/{name}" 2 {"ok": false, "error": "git checkout -q -b has space/S-001 --no-track main: fatal: 'has space/S-001' is not a valid branch name\nhint: See `man git check-ref-fo | 
head badfmt "a//{name}" 2 {"ok": false, "error": "git checkout -q -b a//S-001 --no-track main: fatal: 'a//S-001' is not a valid branch name\nhint: See `man git check-ref-format`\nhint: D | 
head badfmt "{name}.lock" 2 {"ok": false, "error": "git checkout -q -b S-001.lock --no-track main: fatal: 'S-001.lock' is not a valid branch name\nhint: See `man git check-ref-format`\nhin | 
head badfmt "x" 2 {"ok": false, "error": "the branch format 'x' must hold exactly one {name} or {name:lower}, found 0"} | 
head missingConfig 2 {"ok": false, "error": "missing <repo>/.sdlc/config.json"} | no-traceback
head invalidJson 2 {"ok": false, "error": "<repo>/.sdlc/config.json is not valid JSON: Expecting property name enclosed in double quot | no-traceback
head nonObject 1  | TRACEBACK
head noSdlc 2 {"ok": false, "error": "no .sdlc/ in <repo>"} | no-traceback
head base 0 {"ok": true, "slice": "S-002", "branch": "feature/s-001"}
head base-badfmt-dep "bad{x}" 2 {"ok": false, "error": "the branch format 'bad{x}' must hold exactly one {name} or {name:lower}, found 0"} | no-traceback
head base-badfmt-dep "zz" 2 {"ok": false, "error": "the branch format 'zz' must hold exactly one {name} or {name:lower}, found 0"} | no-traceback
head base-badfmt-dep "{name}{name}" 2 {"ok": false, "error": "the branch format '{name}{name}' must hold exactly one {name} or {name:lower}, found 2"} | no-traceback
head base-badfmt-unused 0 {"ok": true, "slice": "S-001", "branch": "main"}
head base-cfg null 2 {"ok": false, "error": "missing <repo>/.sdlc/config.json"} | no-traceback
head base-cfg "{nope" 2 {"ok": false, "error": "<repo>/.sdlc/config.json is not valid JSON: Expecting property name enclosed in double quot | no-traceback
head array-config base-branch 1 TRACEBACK AttributeError: 'list' object has no attribute 'get'
head array-config patch-slice 1 TRACEBACK AttributeError: 'list' object has no attribute 'get'
head stack 0 {"ok": true, "slice": "S-001", "branch": "feature/m-1"}
base custom 0 {"ok": true, "branch": "feature/PROJ-1-S-001", "commit": "312a369"} 
base lower 0 {"ok": true, "branch": "feature/s-001", "commit": "666103d"}
base bf "" 0 {"ok": true, "branch": "sdlc/S-001", "commit": "2509f90"}
base bf 5 0 {"ok": true, "branch": "sdlc/S-001", "commit": "70e33f8"}
base bf null 0 {"ok": true, "branch": "sdlc/S-001", "commit": "b14d34a"}
base bf ["x"] 0 {"ok": true, "branch": "sdlc/S-001", "commit": "f8d11ba"}
base badfmt "bad{x}" 2 {"ok": false, "error": "the branch format 'bad{x}' must hold exactly one {name} or {name:lower}, found 0"} | 
base badfmt "has space/{name}" 2 {"ok": false, "error": "git checkout -q -b has space/S-001 --no-track main: fatal: 'has space/S-001' is not a valid branch name\nhint: See `man git check-ref-fo | 
base badfmt "a//{name}" 2 {"ok": false, "error": "git checkout -q -b a//S-001 --no-track main: fatal: 'a//S-001' is not a valid branch name\nhint: See `man git check-ref-format`\nhint: D | 
base badfmt "{name}.lock" 2 {"ok": false, "error": "git checkout -q -b S-001.lock --no-track main: fatal: 'S-001.lock' is not a valid branch name\nhint: See `man git check-ref-format`\nhin | 
base badfmt "x" 2 {"ok": false, "error": "the branch format 'x' must hold exactly one {name} or {name:lower}, found 0"} | 
base missingConfig 2 {"ok": false, "error": "missing <repo>/.sdlc/config.json"} | no-traceback
base invalidJson 2 {"ok": false, "error": "<repo>/.sdlc/config.json is not valid JSON: Expecting property name enclosed in double quot | no-traceback
base nonObject 1  | TRACEBACK
base noSdlc 2 {"ok": false, "error": "no .sdlc/ in <repo>"} | no-traceback
base base 0 {"ok": true, "slice": "S-002", "branch": "feature/s-001"}
base base-badfmt-dep "bad{x}" 2 {"ok": false, "error": "the branch format 'bad{x}' must hold exactly one {name} or {name:lower}, found 0"} | no-traceback
base base-badfmt-dep "zz" 2 {"ok": false, "error": "the branch format 'zz' must hold exactly one {name} or {name:lower}, found 0"} | no-traceback
base base-badfmt-dep "{name}{name}" 2 {"ok": false, "error": "the branch format '{name}{name}' must hold exactly one {name} or {name:lower}, found 2"} | no-traceback
base base-badfmt-unused 0 {"ok": true, "slice": "S-001", "branch": "main"}
base base-cfg null 2 {"ok": false, "error": "missing <repo>/.sdlc/config.json"} | no-traceback
base base-cfg "{nope" 2 {"ok": false, "error": "<repo>/.sdlc/config.json is not valid JSON: Expecting property name enclosed in double quot | no-traceback
base array-config base-branch 1 TRACEBACK AttributeError: 'list' object has no attribute 'get'
base array-config patch-slice 1 TRACEBACK AttributeError: 'list' object has no attribute 'get'
base stack 0 {"ok": true, "slice": "S-001", "branch": "feature/m-1"}
✔ verify cli: head patch-slice custom format names the branch (583.86525ms)
✔ verify cli: head patch-slice lowercase format (482.31275ms)
✔ verify cli: head patch-slice no branchFormat gives sdlc/S-001 (474.43ms)
✔ verify cli: head patch-slice empty and non-string branchFormat fall back (2100.426875ms)
✔ verify cli: head patch-slice invalid branchFormat is a clean Fail (1792.805583ms)
✔ verify cli: head patch-slice missing and invalid config (1142.091333ms)
✔ verify cli: head base-branch custom format with awaiting-merge dependency (316.960834ms)
✔ verify cli: head base-branch default and fallback (574.093834ms)
✔ verify cli: head base-branch bad format that the answer needs is a clean Fail (811.043875ms)
✔ verify cli: head base-branch bad format that the answer never uses (263.449208ms)
✔ verify cli: head base-branch bad config files (540.131375ms)
✔ verify cli: head config that is a JSON array fails as before the change (560.653875ms)
✔ verify cli: head stack-mode milestone base uses the format (274.193667ms)
✔ verify cli: base patch-slice custom format names the branch (631.521666ms)
✔ verify cli: base patch-slice lowercase format (514.125ms)
✔ verify cli: base patch-slice no branchFormat gives sdlc/S-001 (876.902042ms)
✔ verify cli: base patch-slice empty and non-string branchFormat fall back (1995.927583ms)
✔ verify cli: base patch-slice invalid branchFormat is a clean Fail (1713.030625ms)
✔ verify cli: base patch-slice missing and invalid config (1133.840084ms)
✔ verify cli: base base-branch custom format with awaiting-merge dependency (316.921958ms)
✔ verify cli: base base-branch default and fallback (615.964834ms)
✔ verify cli: base base-branch bad format that the answer needs is a clean Fail (810.033333ms)
✔ verify cli: base base-branch bad format that the answer never uses (276.46ms)
✔ verify cli: base base-branch bad config files (598.88925ms)
✔ verify cli: base config that is a JSON array fails as before the change (572.26275ms)
✔ verify cli: base stack-mode milestone base uses the format (260.873333ms)
ℹ tests 26
ℹ suites 0
ℹ pass 26
ℹ fail 0
ℹ cancelled 0
ℹ skipped 0
ℹ todo 0
ℹ duration_ms 20511.771542
