npm notice run test
npm notice run node --test skills/sdlc/test/*.test.mjs
✔ clean audit reports pass and records all audited ids (2.935542ms)
✔ majority-refuted requirements are reopened (1.4085ms)
✔ repeated audit abort returns stalled (0.536875ms)
✔ livelock writes STUCK.md and ends the run as livelock (1.040417ms)
✔ seven lens finders, dedupe against seen, judge fresh ideas, write verdicts (3.189083ms)
✔ behavior-changing ideas become proposals without judging (1.660167ms)
✔ overflow is deferred and the round is not dry (1.916542ms)
✔ empty round is dry (0.485875ms)
✔ a backlog that fills a judging batch is drained before any finder runs (0.744625ms)
✔ judges receive the round number so they can raise the bar (0.520292ms)
✔ bar raiser is off by default: a barRaiserRound action ends the run as done without running it (0.448291ms)
✔ the state reader is told the bar-raiser round budget (1.120959ms)
✔ bootstrap runs env, extractor, three critics per round until a dry round, slicer, then commits (3.171417ms)
✔ a critic that fails to report keeps the round from counting as dry (1.357458ms)
✔ bootstrap passes mr mode and the commit format to the env-detector, whose schema allows mr (0.482875ms)
✔ the env-detector vars carry the driver-resolved defaultBranch, empty when the driver had none (1.134917ms)
✔ critic that never goes dry is capped and the cap is logged (0.691875ms)
✔ the documented git modes and the workflow script agree (1.611042ms)
✔ bootstrap aborts without committing when the extractor fails (0.4645ms)
✔ branches.py imports from its path and exposes the public functions (96.875042ms)
✔ branches.py imports only standard library modules (47.877667ms)
✔ every command runs and prints one JSON object (493.638042ms)
✔ a flag that a command does not name is bad input (287.948ms)
✔ bad input exits 2 with one JSON error object (762.8605ms)
✔ load_format returns the config value or the default (451.179375ms)
✔ a command without --format uses the config format (407.841333ms)
✔ the three scripts import branches from their own directory (118.71375ms)
✔ a script run through a symlink imports branches from its real directory (147.501875ms)
✔ a git-modes.json that cannot be read fails preflight with one JSON error (167.949167ms)
✔ a missing or malformed git-modes.json fails preflight with one JSON error, and name, parse and list still run (2676.612666ms)
✔ a deeply nested config.json is bad input, not a crash (220.987458ms)
✔ the three scripts run with the working directory outside the skill directory (150.406ms)
✔ branch recognition in the three scripts still resolves from a scratch working directory (1137.755ms)
✔ validate_format accepts one placeholder with a valid literal part (122.273834ms)
✔ validate_format rejects two placeholders, none, whitespace and an invalid ref (65.148333ms)
✔ validate_format rejects Unicode whitespace that git accepts (42.606042ms)
✔ validate_format rejects the literal parts that git refuses (177.645ms)
✔ an invalid-ref format is bad input on the CLI (275.439334ms)
✔ split returns the prefix, the suffix and the lower flag (41.555792ms)
✔ name puts the tail in the placeholder and lowercases only the tail (40.409583ms)
✔ validate_format without git is a Fail, not a crash (44.941458ms)
✔ tail builds the slice, state and e2e-area tails and fails on a missing part (40.1115ms)
✔ an explicit state ts is used as given under a prefixed format, and an empty ts generates one (36.933167ms)
✔ the state tail is the current UTC time (38.881792ms)
✔ name --kind state prints sdlc/state- and the current UTC time (158.214917ms)
✔ name without a required part exits 2 with one JSON error and no traceback (438.085792ms)
✔ name takes the format from the flag, then the config, then the default (583.542334ms)
✔ preflight reports the resolved format and whether it was given (1001.50375ms)
✔ the --format flag wins over a broken config in name and preflight (1456.61275ms)
✔ name prints the default branch for the run, slice, milestone, e2e, e2e-area, verify and attempt kinds (762.303875ms)
✔ tail builds the run, milestone, e2e, verify and attempt tails and fails on a missing part (56.781208ms)
✔ name for the run, milestone, e2e, verify and attempt kinds follows a prefixed and a lowercased format and fails without its part (371.442791ms)
✔ T-R-011a name lowercases only the tail under {name:lower} (185.074167ms)
✔ T-R-068a name and split round-trip every kind under the default, a prefixed and a lowercased format (606.185875ms)
✔ T-R-068b the CLI name matches the Python name for all 24 cases (1880.652917ms)
✔ T-R-021a parse returns null for a foreign branch (504.332542ms)
✔ T-R-021b a branch that passes the prefix and suffix test but matches no row gives null (38.344084ms)
✔ T-R-022a classification follows rows 1 to 8 (37.18975ms)
✔ T-R-022b under {name:lower} the regexes ignore case (75.141583ms)
✔ T-R-023a the result holds the parts that apply (38.320583ms)
✔ T-R-023b the CLI prints the same result (809.051083ms)
✔ T-R-024a ids resolve the ledger spelling (39.951708ms)
✔ T-R-024b case-insensitive matching only under lower (36.887917ms)
✔ T-R-102a row 1 run (425.612375ms)
✔ T-R-103a row 2 milestone (226.9505ms)
✔ T-R-104a row 3 e2e (114.914583ms)
✔ T-R-105a row 4 e2e-area (275.724667ms)
✔ T-R-105b area with dashes stays whole (46.959334ms)
✔ T-R-105c precedence and prefixed formats (156.155834ms)
✔ T-R-070a parse keeps the table precedence (45.047667ms)
✔ T-R-069a parse returns null for a foreign branch and resolves ids against the ledger (40.968291ms)
✔ T-R-120a no push or pull-request site names an e2e-area branch (1.6925ms)
✔ T-R-120b a planted e2e-area push is caught (0.1035ms)
✔ T-R-102b a run number beyond the int string limit still parses to one JSON object (153.6765ms)
✔ T-R-106a row 5 state (190.644125ms)
✔ T-R-106b state needs exactly 14 digits (179.621541ms)
✔ T-R-107a row 6 verify (229.126167ms)
✔ T-R-107b verify beats slice (36.679333ms)
✔ T-R-107c verify boundaries (154.259542ms)
✔ T-R-108a row 7 attempt (262.907875ms)
✔ T-R-108b attempt beats slice (147.007708ms)
✔ T-R-109a row 8 slice (294.999209ms)
✔ T-R-109b slice boundaries (201.245375ms)
✔ T-R-109c rows 5 to 8 under prefixed and suffixed formats (148.453ms)
✔ T-R-109d ledger ids on the last four rows (37.686208ms)
✔ T-R-025a list returns one kind, sorted by name (524.860292ms)
✔ T-R-025b list works for each kind (1398.837458ms)
✔ T-R-025c list sorts run branches by n (303.693292ms)
✔ T-R-025d list honors the format (805.652458ms)
✔ T-R-025e list reads local branches only (317.566125ms)
✔ T-R-025f list in an empty repo and in a bad repo (333.841833ms)
✔ T-R-094a attempt sorts by n numerically (626.624417ms)
✔ T-R-094b the attempt sort is not a string sort (393.837625ms)
✔ T-R-033a each operator follows its definition (40.147917ms)
✔ T-R-033b starts_with is case-sensitive (37.199666ms)
✔ T-R-033c regex uses search, not match (41.639583ms)
✔ T-R-095a ends_with is case-sensitive (37.147916ms)
✔ T-R-095b contains is case-sensitive (37.04725ms)
✔ T-R-034a negate flips a boolean (36.713458ms)
✔ T-R-034b negate keeps None (38.6115ms)
✔ T-U-001 an unknown kind gives None and does not raise (42.435333ms)
✔ T-U-002 regex_error gives the compile error (38.561792ms)
✔ T-R-072a evaluate follows each operator, negate flips, and a bad regex gives null (40.474958ms)
✔ T-R-035a a pattern Python cannot compile gives an unevaluated sample (103.032375ms)
✔ T-R-035b the note carries the rule label (106.021542ms)
✔ T-R-035c a bad pattern never blocks (105.524459ms)
✔ T-R-035d judge does not raise on a bad pattern (96.857125ms)
✔ T-R-036a one False fails the sample (37.982791ms)
✔ T-R-036b all True passes (75.796541ms)
✔ T-R-036c no failure plus one None is unevaluated (65.927417ms)
✔ T-R-036d a failure beats a None (35.722875ms)
✔ T-R-036e negate counts (70.161125ms)
✔ T-R-037a an invalid ref fails with the git rule (243.583ms)
✔ T-R-037b a valid sample passes the ref check (168.285792ms)
✔ T-R-037c a forge rule keeps the first label (55.445958ms)
✔ T-R-035e a deeply nested pattern never blocks and never raises (136.194083ms)
✔ T-R-035g a pattern with a repeat count too large never blocks and never raises (205.993375ms)
✔ T-R-035f a first failing rule without a label is not replaced by a later one (35.440208ms)
✔ T-R-027a read_rules makes one gh call per sample with the encoded path (488.856333ms)
✔ T-R-027b the gh call runs in the repo and the forge comes from config (582.936583ms)
✔ T-R-027c odd samples stay one path segment (491.542791ms)
✔ T-R-028a only branch_name_pattern objects become rules (457.862834ms)
✔ T-R-028b field mapping and the negate default (480.558291ms)
✔ T-R-028c the label falls back from the name to the ruleset id to a fixed text (458.594167ms)
✔ T-R-028d an empty list gives no rules and no notes (472.836625ms)
✔ T-R-028e every rule has exactly the five keys (460.4775ms)
✔ T-R-028f rules stay with their sample (500.1885ms)
✔ T-R-029a a failing gh gives one note and unchecked samples (457.145209ms)
✔ T-R-029b an empty stderr still gives a reason (453.098042ms)
✔ T-R-029c output that is not a JSON list is a failure (1324.902625ms)
✔ T-R-084a a missing gh does not crash (101.872375ms)
✔ a stop action without a stop-file reason ends the run as stopped (2.114459ms)
✔ done returns the summary (1.455916ms)
✔ wait returns waiting (0.968083ms)
✔ state reader failing twice in a run that did nothing returns stalled after exactly one retry (0.67825ms)
✔ maxIterations 0 starts no agents (0.389875ms)
✔ agent cap stops before an iteration that does not fit (0.315625ms)
✔ low remaining budget stops before the next iteration (0.344ms)
✔ the agent cap holds inside one milestone: a fixing round of the same milestone gets no headroom (1.75ms)
✔ crossing a milestone boundary restores the cap: the next milestone gets a whole allowance (1.000625ms)
✔ the run total is not reset at a milestone boundary, and the pause message says which number it means (1.391042ms)
✔ the money brake still stops a run whose milestone allowance was just made whole (0.643833ms)
✔ unknown action in a run that did nothing returns stalled (0.256458ms)
✔ a run that completed an action before the state reader failed returns continue (0.37275ms)
✔ each stalled run adds one to stalledRuns, carried through args (0.464375ms)
✔ the 24th stalled run in a row returns stuck (0.973459ms)
✔ a repeated outcome that stalls counts toward stuck, and does not reset stalledRuns (0.802084ms)
✔ stop, done and wait leave stalledRuns as it came in (0.316041ms)
✔ an error from the state reader ends a run that did nothing as stalled, with the reason (0.303875ms)
✔ the state reader is given the decision script path (0.832667ms)
✔ prompt names the common and role prompt files and embeds inputs (0.22675ms)
✔ run() counts every attempt and returns null after two failures (0.910708ms)
✔ every phase title used in the script is declared in meta.phases (1.499125ms)
✔ the Gate phase is declared after the verify group and before Integrate (0.745333ms)
✔ plan passes both critics, tests fail correctly, slice advances to implement (5.318ms)
✔ ambiguities go to the decision panel and the planner re-runs with the ADRs (2.858042ms)
✔ plan refuted three times escalates to replan (0.930792ms)
✔ tests that never fail for the right reason escalate after three attempts (0.716625ms)
✔ happy path runs implement, core verifiers, the profile group, three reviewers, the report, integrate (0.690666ms)
✔ resume at implement skips plan and tests (0.687375ms)
✔ resume at integrate goes straight to the integrator with persisted seeds (1.036542ms)
✔ a profile verifier failing test forces a fix round carrying the evidence (0.983083ms)
✔ three failed fix rounds escalate (0.642375ms)
✔ an inconclusive implementer run is re-run without spending a fix round (0.705ms)
✔ a fix round is spent only when the implementer stays inconclusive after its re-run (0.516334ms)
✔ a blocking finding that survives refutation forces a fix round (1.114125ms)
✔ a blocking finding refuted by the majority is dropped and non-blocking ones become seeds (0.884583ms)
✔ reviewer that fails to report blocks the slice (0.580792ms)
✔ integration failure escalates (0.406292ms)
✔ an inconclusive final check is re-run, and never escalates (0.377625ms)
✔ a final check still inconclusive after its re-run leaves the slice in integrate (0.883708ms)
✔ parkedRetry unparks then runs the slice from plan with reset counters (0.672709ms)
✔ retryMerge calls the integrator in retry-merge mode (0.274667ms)
✔ a low-risk slice skips the verify battery and ships on a clean review (0.461125ms)
✔ a low-risk slice resumed at implement still skips the battery (0.323ms)
✔ a reviewer demanding verification turns the battery on for the same round (1.183041ms)
✔ a demanding review with blocking findings fixes first; the battery judges the fix (0.660042ms)
✔ a demanded battery that refutes sends the slice into a fix round with the verify evidence (0.631083ms)
✔ no-progress guard force-parks a slice after three identical outcomes (0.541125ms)
✔ an infra vote never counts as a refutation, but stops the round from passing (1.273542ms)
✔ a refuting vote wins over infra classification (infra must not mask a real bug) (1.097041ms)
✔ profileVote folds blocked scenarios and silent agents into infra, not refutation (0.471375ms)
✔ a battery slice runs the gate before integrate, and a gate fail goes back to the build loop (0.733084ms)
✔ a slice already at phase gate resumes at the gate, not the build loop (0.388667ms)
✔ each verify round appends one ledger row to a single cumulative persist (0.588625ms)
✔ an infra round appends an infra row and replays without spending a fix round (1.317834ms)
✔ a gate fail appends its row and the retry carries the ledger through the recursion (0.599917ms)
✔ a round the implementer could not finish still appends its refuted row (0.583458ms)
✔ the integrator sending regate re-runs the gate (0.4925ms)
✔ three consecutive infra rounds park the slice with infra debt, without escalating (0.462459ms)
✔ gatePhase returns an infra verdict on a silent gate agent, and parks on the third (0.529417ms)
✔ a blocked-only profile round replays at the same fix round and parks after three (0.934958ms)
✔ a round whose only anomaly is a failed-to-report verifier replays without consuming a fix round (0.727959ms)
✔ three consecutive gate infra failures park the slice without escalating (0.653125ms)
✔ a parked-at-gate slice resumed via parkedRetry re-runs the gate, not the build loop (0.486708ms)
✔ a stopRequested implementer pauses the run without spending a fix round (1.63275ms)
✔ an agent already running finishes, the next one does not start (0.550125ms)
✔ a stopRequested agent deep in a parallel group unwinds cleanly (0.508042ms)
✔ an iteration-top stop action still ends stopped, not paused (0.772125ms)
✔ a stop-file stop at the iteration top pauses, and any other stop reason still ends stopped (0.899292ms)
✔ a stopRequested state-reader pauses instead of stalling into the relaunch loop (0.326ms)
✔ every dispatched prompt carries the stop check, resolved at the main root (0.6275ms)
✔ a stopRequested state-writer mid-buildLoop stops the run before the next agent dispatches (0.512709ms)
✔ lifecycle: a profile refutation promotes into the fix round, the gate commits, the integrator merges (1.590583ms)
✔ every log string in sdlc-loop.js follows the STE rules (48.296833ms)
✔ first escalation is replan (2.290541ms)
✔ step 4 runs a three-angle decision panel and passes the ADR to the escalator (1.1305ms)
✔ panel with no proposals skips the judge and passes adr null (0.447375ms)
✔ step 5 parks a spec slice and reverts an improvement slice (0.796667ms)
✔ ladder never goes past park (0.279583ms)
✔ escalator that fails to confirm is reported in the outcome (0.279292ms)
✔ plan passes both critics, tests fail correctly, slice advances to implement (3.590333ms)
✔ ambiguities go to the decision panel and the planner re-runs with the ADRs (2.141708ms)
✔ plan refuted three times escalates to replan (0.6345ms)
✔ tests that never fail for the right reason escalate after three attempts (0.557667ms)
✔ happy path runs implement, core verifiers, the profile group, three reviewers, the report, integrate (0.676708ms)
✔ resume at implement skips plan and tests (0.524916ms)
✔ resume at integrate goes straight to the integrator with persisted seeds (0.70125ms)
✔ a profile verifier failing test forces a fix round carrying the evidence (0.664416ms)
✔ three failed fix rounds escalate (0.552875ms)
✔ an inconclusive implementer run is re-run without spending a fix round (0.610333ms)
✔ a fix round is spent only when the implementer stays inconclusive after its re-run (0.5645ms)
✔ a blocking finding that survives refutation forces a fix round (1.185167ms)
✔ a blocking finding refuted by the majority is dropped and non-blocking ones become seeds (0.42225ms)
✔ reviewer that fails to report blocks the slice (0.495583ms)
✔ integration failure escalates (0.339542ms)
✔ an inconclusive final check is re-run, and never escalates (0.300875ms)
✔ a final check still inconclusive after its re-run leaves the slice in integrate (0.638833ms)
✔ parkedRetry unparks then runs the slice from plan with reset counters (0.335584ms)
✔ retryMerge calls the integrator in retry-merge mode (0.205416ms)
✔ a low-risk slice skips the verify battery and ships on a clean review (0.27375ms)
✔ a low-risk slice resumed at implement still skips the battery (0.20925ms)
✔ a reviewer demanding verification turns the battery on for the same round (0.6965ms)
✔ a demanding review with blocking findings fixes first; the battery judges the fix (0.414917ms)
✔ a demanded battery that refutes sends the slice into a fix round with the verify evidence (0.582459ms)
✔ no-progress guard force-parks a slice after three identical outcomes (0.387041ms)
✔ I1: a blocking finding whose refuters all die is kept, not dropped (0.397667ms)
✔ I1: bar raiser round where every finder died is not dry (0.908417ms)
✔ I1: an idea whose judges died is deferred, not rejected (0.501125ms)
✔ I3: a retryMerge that keeps waiting returns waiting instead of force-parking (0.225125ms)
✔ I3: a force-park that fails ends the run as stalled (0.284334ms)
✔ I4: the no-progress streak carries across runs through args and is returned (0.367458ms)
✔ I4: a bar-raiser writer failure yields a constant outcome (0.251792ms)
✔ I5: at most five blocking findings are judged per round (0.442459ms)
✔ I5: when the first five blocking findings are all refuted, the rest are judged too (0.409333ms)
✔ I5: a blocking finding past the first five still forces a fix round when it holds (0.541833ms)
✔ I5: at most three ambiguities go to decision panels per planner round (1.305416ms)
✔ I5: a build loop that would pass the agent cap pauses without escalating (0.321208ms)
✔ I9: a lone regression refutation fails verification (0.296ms)
✔ git-modes.json holds an ordered list of mode names (82.338375ms)
✔ the workflow script mode list is the one in git-modes.json (53.933125ms)
✔ each python script resolves its modes from the file beside it, not from a literal (113.222416ms)
✔ a missing or malformed git-modes.json stops the scripts instead of falling back to a list (1429.728417ms)
✔ the hook pokes the watcher of the project it runs in, from any subfolder (64.071416ms)
✔ the hook does nothing when no watcher is running (35.342333ms)
✔ the hook exits 0 silently on empty, garbage or odd input (186.160625ms)
✔ hooks.json registers the poke on agent start and stop, through the plugin root (0.504875ms)
✔ the hub answers its health marker, 404s the unknown, and says when no run is registered (128.971542ms)
✔ the index lists live runs and greys stale ones, and serves each run page from its tracker dir (117.701625ms)
✔ the index is a status board: counts band, phase chip, slice progress and relative times (63.548ms)
✔ the index shows each run's verify economics from its slices' ledger rows (114.274042ms)
✔ a run page never serves a file outside its tracker directory (59.121459ms)
✔ a corrupt registration is skipped, never 500s the index (114.058375ms)
✔ a registration with the wrong shape is skipped, and its run page 404s (60.4805ms)
✔ an embedded null byte in a run path is a 404, never a traceback (58.641917ms)
✔ an entry with a null repo or a non-string status title never 500s the index (60.441084ms)
✔ an entry quiet for a day is pruned from the registry and the index (111.759167ms)
✔ run_id slugs the repo dir and the spec path, and a same-named repo elsewhere gets a hash suffix (82.094541ms)
✔ run_id slugs a repo dir whose name is outside the hub id alphabet (76.129209ms)
✔ register writes the registration atomically, and heartbeat refreshes its mtime (136.500959ms)
✔ an unwritable registry warns and carries on, reporting failure (94.502459ms)
✔ the hub contract: port 8787 and ~/.sdlc/hub when the test overrides are absent (70.016875ms)
✔ --publish registers the run and the hub serves its page at the fixed url (3890.275917ms)
✔ a foreign process on the hub port is an error, never a silent move to another port (5533.698125ms)
✔ a foreign 200 with the wrong body is still a foreign server, never a doomed hub spawn (5255.271917ms)
✔ a hub dir blocked by a plain file warns, and the watcher carries on unpublished (3702.623667ms)
✔ a watcher that started behind a squatter publishes once a real hub appears (4756.9935ms)
✔ two runs publish side by side through the one hub (5704.254625ms)
✔ the docs speak of the hub and the fixed port, never of per-run serving (0.467542ms)
✔ the hub's rendered strings follow the STE rules (64.855208ms)
✔ plan passes both critics, tests fail correctly, slice advances to implement (4.294666ms)
✔ ambiguities go to the decision panel and the planner re-runs with the ADRs (2.436541ms)
✔ plan refuted three times escalates to replan (0.558375ms)
✔ tests that never fail for the right reason escalate after three attempts (0.390208ms)
✔ happy path runs implement, core verifiers, the profile group, three reviewers, the report, integrate (0.55475ms)
✔ resume at implement skips plan and tests (0.540292ms)
✔ resume at integrate goes straight to the integrator with persisted seeds (0.836917ms)
✔ a profile verifier failing test forces a fix round carrying the evidence (0.561667ms)
✔ three failed fix rounds escalate (0.387375ms)
✔ an inconclusive implementer run is re-run without spending a fix round (0.572125ms)
✔ a fix round is spent only when the implementer stays inconclusive after its re-run (0.363791ms)
✔ a blocking finding that survives refutation forces a fix round (0.781625ms)
✔ a blocking finding refuted by the majority is dropped and non-blocking ones become seeds (0.345459ms)
✔ reviewer that fails to report blocks the slice (0.340209ms)
✔ integration failure escalates (0.273416ms)
✔ an inconclusive final check is re-run, and never escalates (0.257334ms)
✔ a final check still inconclusive after its re-run leaves the slice in integrate (0.857125ms)
✔ parkedRetry unparks then runs the slice from plan with reset counters (0.574208ms)
✔ retryMerge calls the integrator in retry-merge mode (0.275667ms)
✔ a low-risk slice skips the verify battery and ships on a clean review (0.322792ms)
✔ a low-risk slice resumed at implement still skips the battery (0.247417ms)
✔ a reviewer demanding verification turns the battery on for the same round (0.642167ms)
✔ a demanding review with blocking findings fixes first; the battery judges the fix (0.403875ms)
✔ a demanded battery that refutes sends the slice into a fix round with the verify evidence (0.366166ms)
✔ no-progress guard force-parks a slice after three identical outcomes (0.292542ms)
✔ milestonePlan runs the milestone-planner (0.198042ms)
✔ a clean campaign plans, reviews coverage, boots the stack, runs every area and reports verified (0.91525ms)
✔ coverage gaps send the scenario plan back with the critiques (0.292417ms)
✔ critics that never go dry stop after the round limit and the last revision still runs (0.280833ms)
✔ a failure confirmed by the judges becomes a bug for the writer (0.316584ms)
✔ a failure the judges refute is dismissed with their classification (0.279834ms)
✔ dead judges never dismiss a failure (0.32025ms)
✔ failures beyond the judge limit carry over as unjudged (0.434958ms)
✔ a runner that dies marks its scenarios blocked and the outcome partial (0.257875ms)
✔ a stack that cannot boot is reported blocked without running scenarios (0.236459ms)
✔ runners go in batches of three so one laptop is not flooded (19.302ms)
✔ a re-run after fixes replays the planned scenarios without new coverage critique (1.226083ms)
✔ dismissalClass picks the majority classification among refuting voters (0.919458ms)
✔ verifier seeds reach the integrator alongside review seeds (0.404833ms)
✔ a planner that judges the slice too big goes straight to split without critics (0.271625ms)
✔ a too-big verdict after an earlier split escalates one rung further, never back down (0.411709ms)
fatal: refusing to fetch into branch 'refs/heads/main' checked out at '/private/var/folders/b_/kllw7bcd59sbstn3r2yv6r6m0000gp/T/sdlc-test-MwpyoK/sdlc-owner-HkVFA9'
From /var/folders/b_/kllw7bcd59sbstn3r2yv6r6m0000gp/T/sdlc-test-MwpyoK/sdlc-remote-kHJViC
 * branch            main       -> FETCH_HEAD
✔ A: a STOP file wins over everything, even a missing config (95.515958ms)
✔ A: the stop probe resolves at the main root when --main-root is given, at the repo otherwise (218.828625ms)
✔ A: bootstrap when the config is missing, the spec changed, or an override was added (268.370958ms)
✔ A: in pr mode a ready state PR is merged first, and one that is not ready means wait (315.04825ms)
✔ B: a slice whose PR is mergeable, approved and green is merged; a failing check or pending review is not (681.776ms)
✔ B: a slice PR that a human merged is recorded, not rebuilt and not waited on (125.948958ms)
✔ B: a slice in progress resumes, with only the fields the workflow uses (101.503334ms)
✔ C: milestones are planned when the file is missing, and verified once every member is finished (307.260042ms)
✔ C: a fixing milestone runs again when its fix slices are finished, and never past three attempts (319.819959ms)
✔ D: the next todo slice needs its dependencies done, awaiting merge or parked; a missing or split one counts through (388.114208ms)
✔ D: a parked slice is retried while it has retries left, after every todo slice (95.540916ms)
✔ E: todo slices that nothing can unblock are a livelock that names them (102.652042ms)
✔ F: the audit runs when it is missing, failed or older than the ledger (396.367667ms)
✔ F: parked slices out of retries are a livelock; an unfinished requirement nobody owns is an error (196.845292ms)
✔ F: a milestone that is neither verified nor exhausted blocks done with an error (95.618208ms)
✔ F: the bar raiser runs only while rounds are left and it has not gone dry twice (504.533417ms)
✔ a gitMode this script does not know is an error, not a mode it falls through (725.721666ms)
✔ slim_slice passes a slice's risk through to the loop, and old slices stay unrated (192.716584ms)
✔ a state file that is not valid JSON is an error; a wrapped slices list is read (198.441333ms)
✔ the ledger hash matches the jq command in state-schema.md (154.478833ms)
✔ worktree world: a stale local default ref triggers no sync, and the decision reads origin/<defaultBranch> (923.029917ms)
✔ worktree world: the sync round fetches without a refspec, the command succeeds, and one round is enough (1037.19825ms)
✔ a slice in progress on its own branch is found from the default branch, and stays the decision after a merge (628.660417ms)
✔ an open PR left by an attempt that was replanned does not hold the slice (430.483916ms)
✔ stack mode waits while a milestone pull request is open (111.745583ms)
✔ stack mode waits on a milestone pull request that is green but unreviewed (104.730416ms)
✔ stack mode does not wait once the milestone pull request has merged (111.296875ms)
✔ stack mode ignores an sdlc/M-1-e2e pull request when deciding whether to wait (108.997542ms)
✔ stack mode does not hold on an unreviewed e2e pull request left by a run that changed mode (346.153583ms)
✔ pr mode still merges a ready e2e pull request itself (85.893ms)
✔ stack mode holds on a milestone pull request before the milestone is recorded as verified (103.503084ms)
✔ stack mode holds on a milestone pull request that is green and ready to merge (372.474667ms)
✔ stack mode holds on a milestone pull request whose milestone is not on the default branch yet (377.387667ms)
✔ stack mode stops holding once the milestone pull request is merged into the default branch (396.96925ms)
✔ the reviewer can demand the verification battery for a mis-rated slice, and the schema passes the flag (1.15375ms)
✔ every agent role used by the script has a prompt file (0.645667ms)
✔ shared prompt files exist (0.070834ms)
✔ script avoids APIs the workflow runtime forbids (0.561ms)
✔ the slicer rates each slice's verification risk, low only for harmless changes (0.468125ms)
✔ every prompt that branches on the git mode says what mr mode does (0.557708ms)
✔ the mode-agnostic prompts cover stack mode (0.300542ms)
✔ the skill documents the stack flag, its remote requirement and its resume path (0.212542ms)
✔ config.json documents runBranch, and milestones document their pr field (0.153917ms)
✔ the common rules scope the relayed user request to the driver (0.204291ms)
✔ the e2e harness cuts its branch from the milestone branch in stack mode, and names a base for every mode (0.229125ms)
✔ the env-detector adopts the driver-created run branch, and numbers a fresh one the way the driver does (0.365166ms)
✔ the env-detector resolves stack from the input or an existing config, and stores a bare defaultBranch (0.210917ms)
✔ direct mode ships from the run worktree: sync, squash, push to the default branch (0.17ms)
✔ the default-branch state commit runs from the worktree and pushes, instead of checking the branch out (0.101875ms)
✔ slice creation cuts from refs, and no prompt presents the default branch as a place to be (0.149625ms)
✔ the pr state-commit arm syncs the run branch too, and no arm checks the default branch out (0.063875ms)
✔ the worktree returns to the run branch before every run-branch operation (ruling B) (0.287791ms)
✔ the pr blocked-merge fallback writes in the run worktree and never returns to the default branch (0.07675ms)
✔ the schema documents the mainRoot input and the direct mode push it now implies (0.215584ms)
✔ the pr after-merge step syncs the run branch onto the base and pushes, and no held branch is ever checked out (0.090083ms)
✔ the integrator deletes archived attempt branches once a slice ships (0.108ms)
✔ the integrator asks the code for the slice base branch instead of naming it in prose (0.128208ms)
✔ the milestone-writer opens the milestone pull request and retargets the e2e merge (0.093208ms)
✔ the milestone-writer defers the milestone branch to its owner rather than creating it (0.214083ms)
✔ the milestone-writer leaves both branch transitions to the code (0.14475ms)
✔ the stack commit rule states when the run branch is actually pushed (0.070292ms)
✔ the implementer times the suite against the slice base branch in stack mode (0.072917ms)
✔ the stack commit rule names the branch instead of guessing it from a milestone status (0.251458ms)
✔ the escalator and force-park ask for the branch rather than naming it, and never the default branch (0.154834ms)
✔ the escalator returns to the run branch in direct and pr mode, and never checks out the default branch (0.064333ms)
✔ every agent writes comment-free code in the target repo, and its prose in STE (0.471959ms)
✔ the regression lens is slice-scoped during build rounds and full only at the gate (0.29725ms)
✔ profile agents write their tests as evidence in the main tree, and the collector only files and cleans (0.368166ms)
✔ verifier tests promote into the suite only with a demonstrated catch, under a quality bar (0.364709ms)
✔ the regression lens holds the suite slot in full scope, and the slice scope survives an impact.py failure (0.455167ms)
✔ the campaign covers slices that skipped verification, and the integrator receipt note is scoped to them (0.226708ms)
✔ the integrator trusts the gate receipt, regates after a product-code CI fix, and prunes bulk at merge (0.221791ms)
✔ the state-reader runs the janitor once per run without letting it block the decision (0.094042ms)
✔ the state-reader passes the main root to the stop probe (0.089ms)
✔ every agent is told to check the stop file before it starts and to no-op into stopRequested (0.241958ms)
✔ the state schema documents the verify economy the loop implements (0.153458ms)
✔ the driver resolves the default branch in the owner checkout and hands it to the loop per mode (0.079542ms)
✔ the env-detector applies the defaultBranch input per mode, and mr ignores it (0.115583ms)
✔ the driver ensures the run worktree before the config checks, and points the loop at it (0.15075ms)
✔ the stop wording promises a pause, and the paused bullet keeps the worktree (0.088959ms)
✔ the loop-end cleanup removes the worktree and the run branch, and reports a refusal (0.109666ms)
✔ the tracker reads run state from the worktree and writes to the owner's checkout (0.110375ms)
✔ every prompt file passes the STE linter, with no allowlist and no skips (137.373542ms)
✔ the schema pins the merge prune and the run request names the moved reports (0.308625ms)
✔ the README documents the run worktree, the step-boundary pause and the STE rule (0.405625ms)
✔ the README worktree claims hold for direct mode, the driver counters, and the STE scope (0.175958ms)
✔ patch-slice creates the slice branch, merges the patch, marks requirements, writes STATUS.md and commits (894.422875ms)
✔ patch-slice uses the commit format, and branches from an awaiting-merge dependency (630.361208ms)
✔ patch-slice fails without committing when the slice or the input is wrong (457.648792ms)
✔ status lists what needs a human eye (199.767375ms)
✔ add-requirements assigns the next ids and refuses a quote already in the ledger unless it is distinct (395.368583ms)
✔ critics adding at the same time never lose an entry or reuse an id (242.010666ms)
✔ a receipt covers the same code through state commits and a squash merge, and not a code change (1080.600458ms)
✔ a failed or partial receipt never stands in for the final check (703.23625ms)
✔ stack mode cuts a slice branch from its milestone branch, creating and pushing that branch when it is absent (1260.359167ms)
✔ stack mode cuts an audit fix slice from the run branch, since it belongs to no milestone (761.13875ms)
✔ stack mode uses a milestone fix slice as an ordinary milestone slice (897.96025ms)
✔ stack mode cuts a fix slice whose milestone is already verified from the run branch, and creates no milestone branch (826.291167ms)
✔ stack mode bases the slice on a dependency awaiting merge, as pr mode does (670.984ms)
✔ stack mode ignores an awaiting-merge dependency whose branch is gone, and uses the milestone branch (673.876208ms)
✔ stack mode finds the milestone that owns the slice, not the first one (2058.812167ms)
✔ the suite slot is exclusive, and slot-release frees it from another process (600.08675ms)
Automatic merge went well; stopped before committing as requested
Automatic merge went well; stopped before committing as requested
error: cannot delete branch 'sdlc/M-1' used by worktree at '/private/var/folders/b_/kllw7bcd59sbstn3r2yv6r6m0000gp/T/sdlc-test-1gRKoz/sdlc-wt-bz66c9'
error: cannot delete branch 'sdlc/S-001-v1' used by worktree at '/private/var/folders/b_/kllw7bcd59sbstn3r2yv6r6m0000gp/T/sdlc-test-1gRKoz/sdlc-wt-RSiZJy'
✔ the suite slot is self-healing: it works without .sdlc and after a killed holder (147.795084ms)
✔ stack mode aborts a conflicting merge of the default branch into the run branch (1308.413833ms)
✔ stack mode merges the default branch into the run branch when it moves without conflicting (1683.515ms)
✔ stack mode refuses to cut a slice when there is no run branch to fall back on (260.846791ms)
✔ pr, direct and mr mode are untouched by the stack arm (1444.943ms)
✔ direct mode cuts from the fetched default-branch tip, mr from the local ref; neither moves the local branch (1991.752584ms)
✔ direct mode with a remote cuts the slice from origin/<defaultBranch> and keeps the committed state (1263.698208ms)
✔ pr mode with a remote cuts the slice from origin/<defaultBranch> without checking the branch out (1187.893667ms)
✔ a dependency whose branch exists but which is not awaiting merge is not used as a base (745.873ms)
✔ stack mode names the missing run branch rather than letting git fail (271.382625ms)
✔ an unknown gitMode fails loudly instead of committing the slice to the default branch (3127.924ms)
✔ after a milestone PR merges, the run branch carries it before the next branch is cut from it (1367.941ms)
✔ the run branch is advanced onto the default branch when a milestone branch is cut too (1648.0765ms)
✔ advancing the run branch merges rather than rebasing, and never force-pushes it (1448.188ms)
✔ a milestone branch left behind by an earlier attempt does not win over the verified rule (709.256208ms)
✔ a second run cuts its own M-1 instead of building on the first run's leftover milestone branch (2498.759875ms)
✔ pruning deletes a shipped milestone branch and nothing else (3942.306ms)
✔ the prune does not delete a remote milestone branch that is ahead of the local one (2535.96125ms)
✔ the prune deletes the remote milestone branch only while the remote still holds what it proved (3525.044125ms)
✔ a milestone branch whose only unshipped change is a file mode is kept (1896.837834ms)
✔ a milestone branch checked out in another worktree is not deleted (2096.612792ms)
✔ a milestone branch with a slice pull request still open against it is not deleted (3039.503209ms)
✔ a milestone branch that moved between the proof and the delete survives the delete (3088.930167ms)
✔ the prune fetches the default branch before deciding, so a shipped milestone is not left behind (2275.372125ms)
✔ an earlier run's milestone branch holding unshipped work is kept, and never built on (1442.884584ms)
✔ base-branch names the milestone branch for a slice that belongs to a milestone (738.17375ms)
✔ base-branch names the run branch for an audit fix that belongs to no milestone (781.020541ms)
✔ base-branch names the run branch for a fix of a milestone that already shipped (251.1955ms)
✔ base-branch names the dependency branch for a slice whose dependency is awaiting merge (651.73875ms)
✔ pr, direct and mr mode answer with the default branch, and stay there (1855.583375ms)
✔ base-branch names a milestone branch that does not exist yet, without creating it (308.902292ms)
✔ base-branch reads the repo and changes nothing at all (1135.047666ms)
✔ base-branch fails loudly rather than printing a plausible branch (771.900333ms)
✔ impact maps a changed source file to its package tests and reverse-dependency packages (277.465875ms)
﹣ impact follows Go imports to reverse-dependent packages when a go.mod exists (0.03375ms) # go not installed
✔ impact falls back to the test files in the changed paths when no package graph exists (286.713125ms)
✔ impact answers exit 0 with a note when the repo or git itself is unusable (48.452292ms)
✔ the janitor reaps an old sdlc- scratch dir in the real temp dir and keeps a fresh one (108.959375ms)
✔ the janitor reaps by janitorDays from config.json when --days is not given (236.1475ms)
✔ the janitor deletes v-branches of finished and unknown slices and keeps live ones (555.949083ms)
✔ the janitor prunes a stale worktree registration before sweeping, so the branch is not pinned forever (353.561958ms)
✔ the janitor notes missing or unreadable state instead of deleting, and still runs (343.286667ms)
✔ ste-check passes the rule sources it gates (35.072292ms)
✔ ste-check prints one file:line: rule — text line per violation and exits 1 (33.15275ms)
✔ ste-check keeps the exempt lines clean (24.635958ms)
✔ ste-check flags each rule on its own line (202.205042ms)
✔ plan passes both critics, tests fail correctly, slice advances to implement (4.157708ms)
✔ ambiguities go to the decision panel and the planner re-runs with the ADRs (3.29225ms)
✔ plan refuted three times escalates to replan (0.935833ms)
✔ tests that never fail for the right reason escalate after three attempts (0.673916ms)
✔ happy path runs implement, core verifiers, the profile group, three reviewers, the report, integrate (0.7425ms)
✔ resume at implement skips plan and tests (0.846959ms)
✔ resume at integrate goes straight to the integrator with persisted seeds (1.236417ms)
✔ a profile verifier failing test forces a fix round carrying the evidence (0.871417ms)
✔ three failed fix rounds escalate (0.585917ms)
✔ an inconclusive implementer run is re-run without spending a fix round (0.967834ms)
✔ a fix round is spent only when the implementer stays inconclusive after its re-run (0.556584ms)
✔ a blocking finding that survives refutation forces a fix round (1.246208ms)
✔ a blocking finding refuted by the majority is dropped and non-blocking ones become seeds (0.577083ms)
✔ reviewer that fails to report blocks the slice (0.573833ms)
✔ integration failure escalates (0.474667ms)
✔ an inconclusive final check is re-run, and never escalates (0.472584ms)
✔ a final check still inconclusive after its re-run leaves the slice in integrate (0.999958ms)
✔ parkedRetry unparks then runs the slice from plan with reset counters (1.240917ms)
✔ retryMerge calls the integrator in retry-merge mode (0.648458ms)
✔ a low-risk slice skips the verify battery and ships on a clean review (0.754042ms)
✔ a low-risk slice resumed at implement still skips the battery (0.617167ms)
✔ a reviewer demanding verification turns the battery on for the same round (1.342083ms)
✔ a demanding review with blocking findings fixes first; the battery judges the fix (0.925542ms)
✔ a demanded battery that refutes sends the slice into a fix round with the verify evidence (0.881ms)
✔ no-progress guard force-parks a slice after three identical outcomes (0.649ms)
✔ tallyVerify passes only when no vote refutes and there is no failing test (0.520708ms)
✔ tallyVerify: a spec-fidelity refutation with no failing test fails verification on its own (0.140125ms)
✔ tallyVerify: one failing test beats any number of approvals (0.458125ms)
✔ tallyVerify treats a silent verifier as infra, not a refutation (0.09925ms)
✔ allClear needs every vote present and not refuted (0.085959ms)
✔ survives needs a strict majority of non-refuting votes (0.07675ms)
✔ dedupeIdeas drops seen keys and in-batch duplicates, normalizing keys (0.168625ms)
✔ tallyAudit reopens a requirement only when a majority of auditors refute it (0.1175ms)
✔ tallyAudit treats a failed auditor as refuting every id in its chunk (0.065375ms)
✔ normalizeCounters fills missing counters with zero and keeps given ones (0.119708ms)
✔ chunk splits into fixed-size groups (0.071417ms)
✔ groupScenarios gives each profile its scenarios, splitting only past the agent limit (1.552042ms)
✔ profileVote refutes on a failing test and folds blocked scenarios and silent agents into infra (0.648458ms)
✔ collector turns .sdlc state into a self-contained tracker page (2013.734959ms)
✔ collector builds an empty page for a repo without .sdlc, and creates the out dir (1859.698625ms)
✔ verifier test reports render as pages with the referenced test source (1825.083208ms)
✔ a slice test report leads the page, with the verification rounds as an appendix and screenshots inline (2007.164917ms)
✔ a pre-existing slice keeps its report at the old location under the slice (2015.943042ms)
✔ collector adds the workflow view: phases, agents with status, model, tokens and time, and earlier runs (1977.228ms)
✔ collector leaves the workflow view out when the run folder cannot be read (1887.804709ms)
✔ a watcher keeps rebuilding until --stop-watch, and a newer watcher replaces it (4716.969792ms)
✔ a build writes live.js with the same workflow block the page embeds, safe inside a script tag (1840.922834ms)
✔ a poke rebuilds live.js within a second or two without rebuilding the page, and live.js refreshes on its own every 5 s (9700.337709ms)
✔ the page redraws the workflow card only for a newer live payload, and flags a live run gone quiet (0.742ms)
✔ the page keeps its last card for an empty live payload, and never flags a finished run (0.331375ms)
✔ the page redraws again only when the workflow data changed, not for a payload that differs in builtAt alone (0.30425ms)
✔ a payload with unchanged data still resets the paused clock, with exactly one redraw (0.437458ms)
✔ --stop-watch marks the run as not running in status.json and live.js, and fixes its end time (1767.171458ms)
✔ an agent cut off in an earlier run is read once, not on every rebuild (34.098916ms)
✔ the agent list is the scroll box, and a redraw keeps where the person scrolled to (12.661583ms)
✔ picking a phase and following the live phase bring that phase into view (2.038041ms)
✔ the list tails the newest agent while the live phase is followed, and pauses when the person scrolls up (1.86975ms)
✔ the running agents' clocks still tick between redraws, inside the list (1.266917ms)
✔ a redraw puts the focus back on the same control without moving the page or the list (0.972917ms)
✔ the follow brings the newest running agent into view when finished agents sit below it (1.249291ms)
✔ the phase column keeps its own scroll position across a redraw (1.006459ms)
✔ the agents, milestones and pace chart are plain open regions, so a reload never folds them shut (1.247708ms)
✔ the stats row carries the verify economics next to the existing counts (3.052542ms)
✔ the card body is capped, the agent list scrolls under a sticky heading, and the head stays out of it (0.721167ms)
✔ the tracker's rendered strings follow the STE rules (67.45625ms)
✔ plan passes both critics, tests fail correctly, slice advances to implement (4.080209ms)
✔ ambiguities go to the decision panel and the planner re-runs with the ADRs (2.9165ms)
✔ plan refuted three times escalates to replan (0.754834ms)
✔ tests that never fail for the right reason escalate after three attempts (0.638333ms)
✔ happy path runs implement, core verifiers, the profile group, three reviewers, the report, integrate (0.838792ms)
✔ resume at implement skips plan and tests (0.629584ms)
✔ resume at integrate goes straight to the integrator with persisted seeds (0.784792ms)
✔ a profile verifier failing test forces a fix round carrying the evidence (0.87125ms)
✔ three failed fix rounds escalate (0.800583ms)
✔ an inconclusive implementer run is re-run without spending a fix round (0.724875ms)
✔ a fix round is spent only when the implementer stays inconclusive after its re-run (0.505ms)
✔ a blocking finding that survives refutation forces a fix round (1.553792ms)
✔ a blocking finding refuted by the majority is dropped and non-blocking ones become seeds (0.646334ms)
✔ reviewer that fails to report blocks the slice (0.611375ms)
✔ integration failure escalates (0.471834ms)
✔ an inconclusive final check is re-run, and never escalates (0.496ms)
✔ a final check still inconclusive after its re-run leaves the slice in integrate (0.909958ms)
✔ parkedRetry unparks then runs the slice from plan with reset counters (0.565833ms)
✔ retryMerge calls the integrator in retry-merge mode (0.52075ms)
✔ a low-risk slice skips the verify battery and ships on a clean review (0.524459ms)
✔ a low-risk slice resumed at implement still skips the battery (0.324167ms)
✔ a reviewer demanding verification turns the battery on for the same round (1.236084ms)
✔ a demanding review with blocking findings fixes first; the battery judges the fix (0.670042ms)
✔ a demanded battery that refutes sends the slice into a fix round with the verify evidence (0.544208ms)
✔ no-progress guard force-parks a slice after three identical outcomes (0.3665ms)
✔ the profile group gets its scenarios, branch and unavailable tools; the toolsmith runs only for missing tools (1.870833ms)
✔ no missing tools means no toolsmith, and a clean group passes (1.815125ms)
✔ a collector that fails only logs; the round still fails or passes on the verifiers alone (0.60325ms)
✔ a planner that fails to report refutes the profiles vote without running any profile agent (0.506ms)
✔ a fix round reuses the round-0 plan and re-runs only the failed (scenario, profile) pairs (0.773708ms)
✔ a fix round after a review finding runs no profile agent when every scenario held (0.579916ms)
✔ a blocked tool is rebuilt in the fix round and its scenario re-run (1.662458ms)
✔ the planner's risk rating caps the profile group (0.84225ms)
✔ capProfiles keeps the profiles that cover most scenarios, and pendingPairs picks failed and blocked ones (0.625834ms)
✔ capProfiles breaks a tie by the order the planner tagged the profiles, not by catalog order (0.441167ms)
✔ every profile has a prompt file that reads the shared profile rules (1.861416ms)
✔ by default every agent runs on the session model (0.587125ms)
✔ with a review model set, the spec-fidelity verifier and the reviewers run on it; everyone else inherits (0.615958ms)
✔ reviewModel null keeps every agent on the session model (0.409667ms)
✔ a review model that fails falls back to the session model (0.445708ms)
✔ a list of review models is tried in order before the session model (0.598333ms)
✔ the session model gets its two attempts after every review model failed (1.105167ms)
✔ a review model that failed twice in a row is skipped for the rest of the run, and one success resets the count (0.6885ms)
✔ reviewModel accepts one model name or a list (1.283791ms)
✔ profile agents run in batches of four (11.858834ms)
✔ after a review fix, the planner adds scenarios for the fix and only those run (0.780125ms)
✔ after a review fix that changed no behavior, the planner adds nothing and no profile agent runs (0.505709ms)
✔ after a review fix, a planner that fails to report falls back to the earlier plan (0.539583ms)
✔ a fix round after a verification failure does not plan again (0.738166ms)
✔ the regression verifier runs after the collector, and alongside spec-fidelity when there are no profile tests (1.712833ms)
✔ a failed collector still gets a regression run (0.352875ms)
✔ the review runs next to the regression verifier when everything before it held, and only once (0.379208ms)
✔ no review is started when a profile verifier or the spec-fidelity verifier refuted the slice (0.74575ms)
✔ a regression failure and a blocking review finding reach the implementer in the same round (0.505458ms)
✔ with no profile tests the review still runs, after verification (0.635041ms)
ℹ tests 589
ℹ suites 0
ℹ pass 588
ℹ fail 0
ℹ cancelled 0
ℹ skipped 1
ℹ todo 0
ℹ duration_ms 67088.793292
npm test  82.72s user 43.23s system 187% cpu 1:07.24 total
