✔ clean audit reports pass and records all audited ids (2.95025ms)
✔ majority-refuted requirements are reopened (1.228167ms)
✔ repeated audit abort returns stalled (0.431625ms)
✔ livelock writes STUCK.md and ends the run as livelock (0.850209ms)
✔ seven lens finders, dedupe against seen, judge fresh ideas, write verdicts (2.858209ms)
✔ behavior-changing ideas become proposals without judging (1.407792ms)
✔ overflow is deferred and the round is not dry (1.566667ms)
✔ empty round is dry (0.438042ms)
✔ a backlog that fills a judging batch is drained before any finder runs (1.585875ms)
✔ judges receive the round number so they can raise the bar (0.616667ms)
✔ bar raiser is off by default: a barRaiserRound action ends the run as done without running it (0.546791ms)
✔ the state reader is told the bar-raiser round budget (1.227416ms)
✔ bootstrap runs env, extractor, three critics per round until a dry round, slicer, then commits (2.538042ms)
✔ a critic that fails to report keeps the round from counting as dry (1.516833ms)
✔ bootstrap passes mr mode and the commit format to the env-detector, whose schema allows mr (0.554209ms)
✔ the env-detector vars carry the driver-resolved defaultBranch, empty when the driver had none (1.033583ms)
✔ critic that never goes dry is capped and the cap is logged (0.574208ms)
✔ the documented git modes and the workflow script agree (1.262583ms)
✔ bootstrap aborts without committing when the extractor fails (0.481709ms)
✔ branches.py imports from its path and exposes the public functions (71.502208ms)
✔ branches.py imports only standard library modules (78.802792ms)
✔ every command runs and prints one JSON object (617.831291ms)
✔ a flag that a command does not name is bad input (298.717667ms)
✔ bad input exits 2 with one JSON error object (806.700041ms)
✔ load_format returns the config value or the default (483.743417ms)
✔ a command without --format uses the config format (408.736834ms)
✔ the three scripts import branches from their own directory (130.734959ms)
✔ a script run through a symlink imports branches from its real directory (167.393041ms)
✔ a git-modes.json that cannot be read fails preflight with one JSON error (194.030416ms)
✔ a missing or malformed git-modes.json fails preflight with one JSON error, and name, parse and list still run (2602.668959ms)
✔ a deeply nested config.json is bad input, not a crash (225.356958ms)
✔ the three scripts run with the working directory outside the skill directory (144.223209ms)
✔ branch recognition in the three scripts still resolves from a scratch working directory (903.086417ms)
✔ validate_format accepts one placeholder with a valid literal part (107.675959ms)
✔ validate_format rejects two placeholders, none, whitespace and an invalid ref (58.675833ms)
✔ validate_format rejects Unicode whitespace that git accepts (33.226291ms)
✔ validate_format rejects the literal parts that git refuses (129.45525ms)
✔ an invalid-ref format is bad input on the CLI (197.729917ms)
✔ split returns the prefix, the suffix and the lower flag (32.774167ms)
✔ name puts the tail in the placeholder and lowercases only the tail (34.570708ms)
✔ validate_format without git is a Fail, not a crash (38.818584ms)
✔ tail builds the slice, state and e2e-area tails and fails on a missing part (34.554334ms)
✔ an explicit state ts is used as given under a prefixed format, and an empty ts generates one (35.112084ms)
✔ the state tail is the current UTC time (45.97ms)
✔ name --kind state prints sdlc/state- and the current UTC time (152.857417ms)
✔ name without a required part exits 2 with one JSON error and no traceback (337.067125ms)
✔ name takes the format from the flag, then the config, then the default (504.560875ms)
✔ preflight reports the resolved format and whether it was given (900.30375ms)
✔ the --format flag wins over a broken config in name and preflight (1310.743833ms)
✔ name prints the default branch for the run, slice, milestone, e2e, e2e-area, verify and attempt kinds (678.562541ms)
✔ tail builds the run, milestone, e2e, verify and attempt tails and fails on a missing part (34.120917ms)
✔ name for the run, milestone, e2e, verify and attempt kinds follows a prefixed and a lowercased format and fails without its part (297.399833ms)
✔ T-R-011a name lowercases only the tail under {name:lower} (166.80625ms)
✔ T-R-068a name and split round-trip every kind under the default, a prefixed and a lowercased format (550.58425ms)
✔ T-R-068b the CLI name matches the Python name for all 24 cases (1681.864875ms)
✔ T-R-021a parse returns null for a foreign branch (456.748709ms)
✔ T-R-021b a branch that passes the prefix and suffix test but matches no row gives null (33.193333ms)
✔ T-R-022a classification follows rows 1 to 8 (33.95375ms)
✔ T-R-022b under {name:lower} the regexes ignore case (68.589875ms)
✔ T-R-023a the result holds the parts that apply (33.513583ms)
✔ T-R-023b the CLI prints the same result (734.79425ms)
✔ T-R-024a ids resolve the ledger spelling (34.649916ms)
✔ T-R-024b case-insensitive matching only under lower (34.120959ms)
✔ T-R-102a row 1 run (390.775209ms)
✔ T-R-103a row 2 milestone (212.924917ms)
✔ T-R-104a row 3 e2e (106.1305ms)
✔ T-R-105a row 4 e2e-area (248.73175ms)
✔ T-R-105b area with dashes stays whole (35.719041ms)
✔ T-R-105c precedence and prefixed formats (135.357916ms)
✔ T-R-070a parse keeps the table precedence (36.061375ms)
✔ T-R-069a parse returns null for a foreign branch and resolves ids against the ledger (34.424209ms)
✔ T-R-120a no push or pull-request site names an e2e-area branch (1.402083ms)
✔ T-R-120b a planted e2e-area push is caught (0.062333ms)
✔ T-R-102b a run number beyond the int string limit still parses to one JSON object (145.151917ms)
✔ T-R-106a row 5 state (176.90125ms)
✔ T-R-106b state needs exactly 14 digits (178.631083ms)
✔ T-R-107a row 6 verify (216.4155ms)
✔ T-R-107b verify beats slice (35.36625ms)
✔ T-R-107c verify boundaries (137.999875ms)
✔ T-R-108a row 7 attempt (235.331416ms)
✔ T-R-108b attempt beats slice (137.499083ms)
✔ T-R-109a row 8 slice (271.135459ms)
✔ T-R-109b slice boundaries (168.355625ms)
✔ T-R-109c rows 5 to 8 under prefixed and suffixed formats (140.731875ms)
✔ T-R-109d ledger ids on the last four rows (35.185625ms)
✔ T-R-025a list returns one kind, sorted by name (486.894ms)
✔ T-R-025b list works for each kind (1312.296875ms)
✔ T-R-025c list sorts run branches by n (272.598041ms)
✔ T-R-025d list honors the format (744.956417ms)
✔ T-R-025e list reads local branches only (268.784375ms)
✔ T-R-025f list in an empty repo and in a bad repo (283.790042ms)
✔ T-R-094a attempt sorts by n numerically (543.660458ms)
✔ T-R-094b the attempt sort is not a string sort (371.990708ms)
✔ T-R-033a each operator follows its definition (32.696167ms)
✔ T-R-033b starts_with is case-sensitive (36.710209ms)
✔ T-R-033c regex uses search, not match (32.333417ms)
✔ T-R-095a ends_with is case-sensitive (35.398709ms)
✔ T-R-095b contains is case-sensitive (38.015458ms)
✔ T-R-034a negate flips a boolean (34.232958ms)
✔ T-R-034b negate keeps None (36.077166ms)
✔ T-U-001 an unknown kind gives None and does not raise (35.385458ms)
✔ T-U-002 regex_error gives the compile error (37.7625ms)
✔ T-R-072a evaluate follows each operator, negate flips, and a bad regex gives null (38.803875ms)
✔ T-R-035a a pattern Python cannot compile gives an unevaluated sample (84.071084ms)
✔ T-R-035b the note carries the rule label (88.086584ms)
✔ T-R-035c a bad pattern never blocks (90.222417ms)
✔ T-R-035d judge does not raise on a bad pattern (97.742834ms)
✔ T-R-036a one False fails the sample (37.526958ms)
✔ T-R-036b all True passes (80.585375ms)
✔ T-R-036c no failure plus one None is unevaluated (54.643333ms)
✔ T-R-036d a failure beats a None (33.928083ms)
✔ T-R-036e negate counts (60.021041ms)
✔ T-R-037a an invalid ref fails with the git rule (235.333125ms)
✔ T-R-037b a valid sample passes the ref check (165.598625ms)
✔ T-R-037c a forge rule keeps the first label (50.132666ms)
✔ T-R-035e a deeply nested pattern never blocks and never raises (133.943875ms)
✔ T-R-035g a pattern with a repeat count too large never blocks and never raises (180.20025ms)
✔ T-R-035f a first failing rule without a label is not replaced by a later one (33.42225ms)
✔ T-R-027a read_rules makes one gh call per sample with the encoded path (482.023833ms)
✔ T-R-027b the gh call runs in the repo and the forge comes from config (560.711542ms)
✔ T-R-027c odd samples stay one path segment (495.743041ms)
✔ T-R-028a only branch_name_pattern objects become rules (444.305ms)
✔ T-R-028b field mapping and the negate default (455.201166ms)
✔ T-R-028c the label falls back from the name to the ruleset id to a fixed text (444.858125ms)
✔ T-R-028d an empty list gives no rules and no notes (456.271042ms)
✔ T-R-028e every rule has exactly the five keys (457.654334ms)
✔ T-R-028f rules stay with their sample (470.568916ms)
✔ T-R-029a a failing gh gives one note and unchecked samples (464.10425ms)
✔ T-R-029b an empty stderr still gives a reason (450.439083ms)
✔ T-R-029c output that is not a JSON list is a failure (913.181209ms)
✔ T-R-084a a missing gh does not crash (103.067667ms)
✔ a stop action without a stop-file reason ends the run as stopped (2.215375ms)
✔ done returns the summary (0.981792ms)
✔ wait returns waiting (0.734166ms)
✔ state reader failing twice in a run that did nothing returns stalled after exactly one retry (0.356916ms)
✔ maxIterations 0 starts no agents (0.266041ms)
✔ agent cap stops before an iteration that does not fit (0.49575ms)
✔ low remaining budget stops before the next iteration (0.454542ms)
✔ the agent cap holds inside one milestone: a fixing round of the same milestone gets no headroom (1.419042ms)
✔ crossing a milestone boundary restores the cap: the next milestone gets a whole allowance (0.998583ms)
✔ the run total is not reset at a milestone boundary, and the pause message says which number it means (1.213167ms)
✔ the money brake still stops a run whose milestone allowance was just made whole (0.620334ms)
✔ unknown action in a run that did nothing returns stalled (0.24675ms)
✔ a run that completed an action before the state reader failed returns continue (0.297042ms)
✔ each stalled run adds one to stalledRuns, carried through args (0.356959ms)
✔ the 24th stalled run in a row returns stuck (0.531542ms)
✔ a repeated outcome that stalls counts toward stuck, and does not reset stalledRuns (0.381ms)
✔ stop, done and wait leave stalledRuns as it came in (0.150333ms)
✔ an error from the state reader ends a run that did nothing as stalled, with the reason (0.2155ms)
✔ the state reader is given the decision script path (0.4065ms)
✔ prompt names the common and role prompt files and embeds inputs (0.180458ms)
✔ run() counts every attempt and returns null after two failures (0.8025ms)
✔ every phase title used in the script is declared in meta.phases (1.053042ms)
✔ the Gate phase is declared after the verify group and before Integrate (0.774834ms)
✔ plan passes both critics, tests fail correctly, slice advances to implement (4.708292ms)
✔ ambiguities go to the decision panel and the planner re-runs with the ADRs (2.633375ms)
✔ plan refuted three times escalates to replan (0.790125ms)
✔ tests that never fail for the right reason escalate after three attempts (0.607625ms)
✔ happy path runs implement, core verifiers, the profile group, three reviewers, the report, integrate (0.851292ms)
✔ resume at implement skips plan and tests (0.733916ms)
✔ resume at integrate goes straight to the integrator with persisted seeds (0.982125ms)
✔ a profile verifier failing test forces a fix round carrying the evidence (0.697375ms)
✔ three failed fix rounds escalate (0.477459ms)
✔ an inconclusive implementer run is re-run without spending a fix round (0.679042ms)
✔ a fix round is spent only when the implementer stays inconclusive after its re-run (0.504208ms)
✔ a blocking finding that survives refutation forces a fix round (1.193375ms)
✔ a blocking finding refuted by the majority is dropped and non-blocking ones become seeds (0.580167ms)
✔ reviewer that fails to report blocks the slice (0.579417ms)
✔ integration failure escalates (0.677792ms)
✔ an inconclusive final check is re-run, and never escalates (0.549333ms)
✔ a final check still inconclusive after its re-run leaves the slice in integrate (0.884708ms)
✔ parkedRetry unparks then runs the slice from plan with reset counters (0.496375ms)
✔ retryMerge calls the integrator in retry-merge mode (0.338959ms)
✔ a low-risk slice skips the verify battery and ships on a clean review (0.447833ms)
✔ a low-risk slice resumed at implement still skips the battery (0.301834ms)
✔ a reviewer demanding verification turns the battery on for the same round (1.181125ms)
✔ a demanding review with blocking findings fixes first; the battery judges the fix (0.772708ms)
✔ a demanded battery that refutes sends the slice into a fix round with the verify evidence (0.726625ms)
✔ no-progress guard force-parks a slice after three identical outcomes (0.504ms)
✔ an infra vote never counts as a refutation, but stops the round from passing (1.156334ms)
✔ a refuting vote wins over infra classification (infra must not mask a real bug) (0.949375ms)
✔ profileVote folds blocked scenarios and silent agents into infra, not refutation (0.50975ms)
✔ a battery slice runs the gate before integrate, and a gate fail goes back to the build loop (0.7545ms)
✔ a slice already at phase gate resumes at the gate, not the build loop (0.331958ms)
✔ each verify round appends one ledger row to a single cumulative persist (0.466709ms)
✔ an infra round appends an infra row and replays without spending a fix round (1.206417ms)
✔ a gate fail appends its row and the retry carries the ledger through the recursion (0.534333ms)
✔ a round the implementer could not finish still appends its refuted row (1.077875ms)
✔ the integrator sending regate re-runs the gate (0.626667ms)
✔ three consecutive infra rounds park the slice with infra debt, without escalating (0.680833ms)
✔ gatePhase returns an infra verdict on a silent gate agent, and parks on the third (0.656917ms)
✔ a blocked-only profile round replays at the same fix round and parks after three (1.0505ms)
✔ a round whose only anomaly is a failed-to-report verifier replays without consuming a fix round (0.702709ms)
✔ three consecutive gate infra failures park the slice without escalating (0.545666ms)
✔ a parked-at-gate slice resumed via parkedRetry re-runs the gate, not the build loop (0.486166ms)
✔ a stopRequested implementer pauses the run without spending a fix round (1.005875ms)
✔ an agent already running finishes, the next one does not start (0.295708ms)
✔ a stopRequested agent deep in a parallel group unwinds cleanly (0.39725ms)
✔ an iteration-top stop action still ends stopped, not paused (0.575916ms)
✔ a stop-file stop at the iteration top pauses, and any other stop reason still ends stopped (0.629292ms)
✔ a stopRequested state-reader pauses instead of stalling into the relaunch loop (0.263875ms)
✔ every dispatched prompt carries the stop check, resolved at the main root (0.567334ms)
✔ a stopRequested state-writer mid-buildLoop stops the run before the next agent dispatches (0.346458ms)
✔ lifecycle: a profile refutation promotes into the fix round, the gate commits, the integrator merges (1.07875ms)
✔ every log string in sdlc-loop.js follows the STE rules (98.339583ms)
✔ first escalation is replan (2.699459ms)
✔ step 4 runs a three-angle decision panel and passes the ADR to the escalator (1.4175ms)
✔ panel with no proposals skips the judge and passes adr null (0.762667ms)
✔ step 5 parks a spec slice and reverts an improvement slice (0.859375ms)
✔ ladder never goes past park (0.343125ms)
✔ escalator that fails to confirm is reported in the outcome (0.365542ms)
✔ plan passes both critics, tests fail correctly, slice advances to implement (4.247166ms)
✔ ambiguities go to the decision panel and the planner re-runs with the ADRs (2.558084ms)
✔ plan refuted three times escalates to replan (0.676959ms)
✔ tests that never fail for the right reason escalate after three attempts (0.52775ms)
✔ happy path runs implement, core verifiers, the profile group, three reviewers, the report, integrate (0.590125ms)
✔ resume at implement skips plan and tests (0.507625ms)
✔ resume at integrate goes straight to the integrator with persisted seeds (0.732417ms)
✔ a profile verifier failing test forces a fix round carrying the evidence (0.85975ms)
✔ three failed fix rounds escalate (0.471417ms)
✔ an inconclusive implementer run is re-run without spending a fix round (0.503375ms)
✔ a fix round is spent only when the implementer stays inconclusive after its re-run (0.357666ms)
✔ a blocking finding that survives refutation forces a fix round (0.825708ms)
✔ a blocking finding refuted by the majority is dropped and non-blocking ones become seeds (0.449333ms)
✔ reviewer that fails to report blocks the slice (0.647291ms)
✔ integration failure escalates (0.50875ms)
✔ an inconclusive final check is re-run, and never escalates (0.395708ms)
✔ a final check still inconclusive after its re-run leaves the slice in integrate (1.096041ms)
✔ parkedRetry unparks then runs the slice from plan with reset counters (0.706375ms)
✔ retryMerge calls the integrator in retry-merge mode (0.421375ms)
✔ a low-risk slice skips the verify battery and ships on a clean review (0.594417ms)
✔ a low-risk slice resumed at implement still skips the battery (0.401584ms)
✔ a reviewer demanding verification turns the battery on for the same round (1.255584ms)
✔ a demanding review with blocking findings fixes first; the battery judges the fix (0.535041ms)
✔ a demanded battery that refutes sends the slice into a fix round with the verify evidence (0.458375ms)
✔ no-progress guard force-parks a slice after three identical outcomes (0.470083ms)
✔ I1: a blocking finding whose refuters all die is kept, not dropped (0.769209ms)
✔ I1: bar raiser round where every finder died is not dry (1.163625ms)
✔ I1: an idea whose judges died is deferred, not rejected (0.468792ms)
✔ I3: a retryMerge that keeps waiting returns waiting instead of force-parking (0.229708ms)
✔ I3: a force-park that fails ends the run as stalled (0.552917ms)
✔ I4: the no-progress streak carries across runs through args and is returned (0.739541ms)
✔ I4: a bar-raiser writer failure yields a constant outcome (0.4755ms)
✔ I5: at most five blocking findings are judged per round (0.760292ms)
✔ I5: when the first five blocking findings are all refuted, the rest are judged too (0.543791ms)
✔ I5: a blocking finding past the first five still forces a fix round when it holds (1.049958ms)
✔ I5: at most three ambiguities go to decision panels per planner round (1.96725ms)
✔ I5: a build loop that would pass the agent cap pauses without escalating (0.833709ms)
✔ I9: a lone regression refutation fails verification (0.619167ms)
✔ git-modes.json holds an ordered list of mode names (92.937375ms)
✔ the workflow script mode list is the one in git-modes.json (61.586667ms)
✔ each python script resolves its modes from the file beside it, not from a literal (238.565417ms)
✔ a missing or malformed git-modes.json stops the scripts instead of falling back to a list (1610.17825ms)
✔ skills/sdlc/test/harness.mjs (143.308833ms)
✔ the hook pokes the watcher of the project it runs in, from any subfolder (55.083834ms)
✔ the hook does nothing when no watcher is running (59.062417ms)
✔ the hook exits 0 silently on empty, garbage or odd input (317.379917ms)
✔ hooks.json registers the poke on agent start and stop, through the plugin root (0.381042ms)
✔ the hub answers its health marker, 404s the unknown, and says when no run is registered (129.364041ms)
✔ the index lists live runs and greys stale ones, and serves each run page from its tracker dir (117.970417ms)
✔ the index is a status board: counts band, phase chip, slice progress and relative times (116.2145ms)
✔ the index shows each run's verify economics from its slices' ledger rows (110.940667ms)
✔ a run page never serves a file outside its tracker directory (112.496875ms)
✔ a corrupt registration is skipped, never 500s the index (111.509459ms)
✔ a registration with the wrong shape is skipped, and its run page 404s (110.865333ms)
✔ an embedded null byte in a run path is a 404, never a traceback (111.199583ms)
✔ an entry with a null repo or a non-string status title never 500s the index (110.487375ms)
✔ an entry quiet for a day is pruned from the registry and the index (110.733625ms)
✔ run_id slugs the repo dir and the spec path, and a same-named repo elsewhere gets a hash suffix (92.876125ms)
✔ run_id slugs a repo dir whose name is outside the hub id alphabet (82.219917ms)
✔ register writes the registration atomically, and heartbeat refreshes its mtime (157.637875ms)
✔ an unwritable registry warns and carries on, reporting failure (77.916875ms)
✔ the hub contract: port 8787 and ~/.sdlc/hub when the test overrides are absent (60.392209ms)
✔ --publish registers the run and the hub serves its page at the fixed url (4010.325916ms)
✔ a foreign process on the hub port is an error, never a silent move to another port (5288.782334ms)
✔ a foreign 200 with the wrong body is still a foreign server, never a doomed hub spawn (5079.477ms)
✔ a hub dir blocked by a plain file warns, and the watcher carries on unpublished (3756.336458ms)
✔ a watcher that started behind a squatter publishes once a real hub appears (4647.181125ms)
✔ two runs publish side by side through the one hub (5396.827375ms)
✔ the docs speak of the hub and the fixed port, never of per-run serving (0.466167ms)
✔ the hub's rendered strings follow the STE rules (56.279292ms)
✔ plan passes both critics, tests fail correctly, slice advances to implement (4.064666ms)
✔ ambiguities go to the decision panel and the planner re-runs with the ADRs (2.665042ms)
✔ plan refuted three times escalates to replan (0.760625ms)
✔ tests that never fail for the right reason escalate after three attempts (0.418417ms)
✔ happy path runs implement, core verifiers, the profile group, three reviewers, the report, integrate (0.56975ms)
✔ resume at implement skips plan and tests (0.738167ms)
✔ resume at integrate goes straight to the integrator with persisted seeds (1.095084ms)
✔ a profile verifier failing test forces a fix round carrying the evidence (0.635916ms)
✔ three failed fix rounds escalate (0.604ms)
✔ an inconclusive implementer run is re-run without spending a fix round (0.832416ms)
✔ a fix round is spent only when the implementer stays inconclusive after its re-run (0.506916ms)
✔ a blocking finding that survives refutation forces a fix round (1.218ms)
✔ a blocking finding refuted by the majority is dropped and non-blocking ones become seeds (0.569125ms)
✔ reviewer that fails to report blocks the slice (0.723042ms)
✔ integration failure escalates (0.497625ms)
✔ an inconclusive final check is re-run, and never escalates (0.474625ms)
✔ a final check still inconclusive after its re-run leaves the slice in integrate (0.90875ms)
✔ parkedRetry unparks then runs the slice from plan with reset counters (0.481375ms)
✔ retryMerge calls the integrator in retry-merge mode (0.562334ms)
✔ a low-risk slice skips the verify battery and ships on a clean review (0.633917ms)
✔ a low-risk slice resumed at implement still skips the battery (0.455541ms)
✔ a reviewer demanding verification turns the battery on for the same round (0.995708ms)
✔ a demanding review with blocking findings fixes first; the battery judges the fix (0.6355ms)
✔ a demanded battery that refutes sends the slice into a fix round with the verify evidence (0.583833ms)
✔ no-progress guard force-parks a slice after three identical outcomes (0.384625ms)
✔ milestonePlan runs the milestone-planner (0.312583ms)
✔ a clean campaign plans, reviews coverage, boots the stack, runs every area and reports verified (1.035375ms)
✔ coverage gaps send the scenario plan back with the critiques (0.343125ms)
✔ critics that never go dry stop after the round limit and the last revision still runs (0.327042ms)
✔ a failure confirmed by the judges becomes a bug for the writer (0.409583ms)
✔ a failure the judges refute is dismissed with their classification (0.3025ms)
✔ dead judges never dismiss a failure (0.269458ms)
✔ failures beyond the judge limit carry over as unjudged (0.552084ms)
✔ a runner that dies marks its scenarios blocked and the outcome partial (0.54475ms)
✔ a stack that cannot boot is reported blocked without running scenarios (0.4235ms)
✔ runners go in batches of three so one laptop is not flooded (17.277583ms)
✔ a re-run after fixes replays the planned scenarios without new coverage critique (1.812083ms)
✔ dismissalClass picks the majority classification among refuting voters (0.956375ms)
✔ verifier seeds reach the integrator alongside review seeds (0.813125ms)
✔ a planner that judges the slice too big goes straight to split without critics (0.412417ms)
✔ a too-big verdict after an earlier split escalates one rung further, never back down (0.327917ms)
fatal: refusing to fetch into branch 'refs/heads/main' checked out at '/private/var/folders/b_/kllw7bcd59sbstn3r2yv6r6m0000gp/T/sdlc-test-tzVk8P/sdlc-owner-aWEQCx'
From /var/folders/b_/kllw7bcd59sbstn3r2yv6r6m0000gp/T/sdlc-test-tzVk8P/sdlc-remote-CbBkZE
 * branch            main       -> FETCH_HEAD
✔ A: a STOP file wins over everything, even a missing config (116.503166ms)
✔ A: the stop probe resolves at the main root when --main-root is given, at the repo otherwise (247.190958ms)
✔ A: bootstrap when the config is missing, the spec changed, or an override was added (324.276042ms)
✔ A: in pr mode a ready state PR is merged first, and one that is not ready means wait (361.082583ms)
✔ B: a slice whose PR is mergeable, approved and green is merged; a failing check or pending review is not (757.470042ms)
✔ B: a slice PR that a human merged is recorded, not rebuilt and not waited on (122.496ms)
✔ B: a slice in progress resumes, with only the fields the workflow uses (113.240875ms)
✔ C: milestones are planned when the file is missing, and verified once every member is finished (323.856958ms)
✔ C: a fixing milestone runs again when its fix slices are finished, and never past three attempts (314.439791ms)
✔ D: the next todo slice needs its dependencies done, awaiting merge or parked; a missing or split one counts through (459.458458ms)
✔ D: a parked slice is retried while it has retries left, after every todo slice (119.257291ms)
✔ E: todo slices that nothing can unblock are a livelock that names them (110.070708ms)
✔ F: the audit runs when it is missing, failed or older than the ledger (438.450584ms)
✔ F: parked slices out of retries are a livelock; an unfinished requirement nobody owns is an error (197.593917ms)
✔ F: a milestone that is neither verified nor exhausted blocks done with an error (103.425625ms)
✔ F: the bar raiser runs only while rounds are left and it has not gone dry twice (488.372791ms)
✔ a gitMode this script does not know is an error, not a mode it falls through (705.982917ms)
✔ slim_slice passes a slice's risk through to the loop, and old slices stay unrated (181.702708ms)
✔ a state file that is not valid JSON is an error; a wrapped slices list is read (187.04ms)
✔ the ledger hash matches the jq command in state-schema.md (151.738417ms)
✔ worktree world: a stale local default ref triggers no sync, and the decision reads origin/<defaultBranch> (834.142208ms)
✔ worktree world: the sync round fetches without a refspec, the command succeeds, and one round is enough (849.205208ms)
✔ a slice in progress on its own branch is found from the default branch, and stays the decision after a merge (539.312875ms)
✔ an open PR left by an attempt that was replanned does not hold the slice (344.28625ms)
✔ stack mode waits while a milestone pull request is open (93.325917ms)
✔ stack mode waits on a milestone pull request that is green but unreviewed (91.110875ms)
✔ stack mode does not wait once the milestone pull request has merged (97.277417ms)
✔ stack mode ignores an sdlc/M-1-e2e pull request when deciding whether to wait (100.4655ms)
✔ stack mode does not hold on an unreviewed e2e pull request left by a run that changed mode (308.705125ms)
✔ pr mode still merges a ready e2e pull request itself (76.814ms)
✔ stack mode holds on a milestone pull request before the milestone is recorded as verified (106.42325ms)
✔ stack mode holds on a milestone pull request that is green and ready to merge (351.029791ms)
✔ stack mode holds on a milestone pull request whose milestone is not on the default branch yet (336.439375ms)
✔ stack mode stops holding once the milestone pull request is merged into the default branch (353.690667ms)
✔ the reviewer can demand the verification battery for a mis-rated slice, and the schema passes the flag (1.610042ms)
✔ every agent role used by the script has a prompt file (0.865833ms)
✔ shared prompt files exist (0.098333ms)
✔ script avoids APIs the workflow runtime forbids (0.495917ms)
✔ the slicer rates each slice's verification risk, low only for harmless changes (0.56475ms)
✔ every prompt that branches on the git mode says what mr mode does (0.568209ms)
✔ the mode-agnostic prompts cover stack mode (0.165417ms)
✔ the skill documents the stack flag, its remote requirement and its resume path (0.195833ms)
✔ config.json documents runBranch, and milestones document their pr field (0.210458ms)
✔ the common rules scope the relayed user request to the driver (0.168125ms)
✔ the e2e harness cuts its branch from the milestone branch in stack mode, and names a base for every mode (0.257083ms)
✔ the env-detector adopts the driver-created run branch, and numbers a fresh one the way the driver does (0.248083ms)
✔ the env-detector resolves stack from the input or an existing config, and stores a bare defaultBranch (0.128833ms)
✔ direct mode ships from the run worktree: sync, squash, push to the default branch (0.136625ms)
✔ the default-branch state commit runs from the worktree and pushes, instead of checking the branch out (0.103959ms)
✔ slice creation cuts from refs, and no prompt presents the default branch as a place to be (0.212833ms)
✔ the pr state-commit arm syncs the run branch too, and no arm checks the default branch out (0.098792ms)
✔ the worktree returns to the run branch before every run-branch operation (ruling B) (0.367125ms)
✔ the pr blocked-merge fallback writes in the run worktree and never returns to the default branch (0.118042ms)
✔ the schema documents the mainRoot input and the direct mode push it now implies (0.20075ms)
✔ the pr after-merge step syncs the run branch onto the base and pushes, and no held branch is ever checked out (0.138791ms)
✔ the integrator deletes archived attempt branches once a slice ships (0.108625ms)
✔ the integrator asks the code for the slice base branch instead of naming it in prose (0.151667ms)
✔ the milestone-writer opens the milestone pull request and retargets the e2e merge (0.185666ms)
✔ the milestone-writer defers the milestone branch to its owner rather than creating it (0.09775ms)
✔ the milestone-writer leaves both branch transitions to the code (0.107292ms)
✔ the stack commit rule states when the run branch is actually pushed (0.073375ms)
✔ the implementer times the suite against the slice base branch in stack mode (0.067584ms)
✔ the stack commit rule names the branch instead of guessing it from a milestone status (0.382459ms)
✔ the escalator and force-park ask for the branch rather than naming it, and never the default branch (0.2415ms)
✔ the escalator returns to the run branch in direct and pr mode, and never checks out the default branch (0.1065ms)
✔ every agent writes comment-free code in the target repo, and its prose in STE (0.339334ms)
✔ the regression lens is slice-scoped during build rounds and full only at the gate (0.206833ms)
✔ profile agents write their tests as evidence in the main tree, and the collector only files and cleans (0.385916ms)
✔ verifier tests promote into the suite only with a demonstrated catch, under a quality bar (0.207459ms)
✔ the regression lens holds the suite slot in full scope, and the slice scope survives an impact.py failure (0.680042ms)
✔ the campaign covers slices that skipped verification, and the integrator receipt note is scoped to them (0.187625ms)
✔ the integrator trusts the gate receipt, regates after a product-code CI fix, and prunes bulk at merge (0.184083ms)
✔ the state-reader runs the janitor once per run without letting it block the decision (0.067583ms)
✔ the state-reader passes the main root to the stop probe (0.047792ms)
✔ every agent is told to check the stop file before it starts and to no-op into stopRequested (0.165209ms)
✔ the state schema documents the verify economy the loop implements (0.138917ms)
✔ the driver resolves the default branch in the owner checkout and hands it to the loop per mode (0.093ms)
✔ the env-detector applies the defaultBranch input per mode, and mr ignores it (0.118875ms)
✔ the driver ensures the run worktree before the config checks, and points the loop at it (0.15ms)
✔ the stop wording promises a pause, and the paused bullet keeps the worktree (0.277375ms)
✔ the loop-end cleanup removes the worktree and the run branch, and reports a refusal (0.235417ms)
✔ the tracker reads run state from the worktree and writes to the owner's checkout (0.199167ms)
✔ every prompt file passes the STE linter, with no allowlist and no skips (138.511209ms)
✔ the schema pins the merge prune and the run request names the moved reports (0.295667ms)
✔ the README documents the run worktree, the step-boundary pause and the STE rule (0.335541ms)
✔ the README worktree claims hold for direct mode, the driver counters, and the STE scope (0.112958ms)
✔ patch-slice creates the slice branch, merges the patch, marks requirements, writes STATUS.md and commits (1161.7065ms)
✔ patch-slice uses the commit format, and branches from an awaiting-merge dependency (693.387833ms)
✔ patch-slice fails without committing when the slice or the input is wrong (525.073375ms)
✔ status lists what needs a human eye (210.529041ms)
✔ add-requirements assigns the next ids and refuses a quote already in the ledger unless it is distinct (403.257917ms)
✔ critics adding at the same time never lose an entry or reuse an id (244.636458ms)
✔ a receipt covers the same code through state commits and a squash merge, and not a code change (1097.620167ms)
✔ a failed or partial receipt never stands in for the final check (671.000166ms)
✔ stack mode cuts a slice branch from its milestone branch, creating and pushing that branch when it is absent (1206.213084ms)
✔ stack mode cuts an audit fix slice from the run branch, since it belongs to no milestone (682.477625ms)
✔ stack mode uses a milestone fix slice as an ordinary milestone slice (717.339041ms)
✔ stack mode cuts a fix slice whose milestone is already verified from the run branch, and creates no milestone branch (665.492583ms)
✔ stack mode bases the slice on a dependency awaiting merge, as pr mode does (546.366625ms)
✔ stack mode ignores an awaiting-merge dependency whose branch is gone, and uses the milestone branch (593.974042ms)
✔ stack mode finds the milestone that owns the slice, not the first one (1810.095209ms)
✔ the suite slot is exclusive, and slot-release frees it from another process (575.411958ms)
Automatic merge went well; stopped before committing as requested
Automatic merge went well; stopped before committing as requested
error: cannot delete branch 'sdlc/M-1' used by worktree at '/private/var/folders/b_/kllw7bcd59sbstn3r2yv6r6m0000gp/T/sdlc-test-lH0jU2/sdlc-wt-7ttUEW'
error: cannot delete branch 'sdlc/S-001-v1' used by worktree at '/private/var/folders/b_/kllw7bcd59sbstn3r2yv6r6m0000gp/T/sdlc-test-lH0jU2/sdlc-wt-xDX31Z'
✔ the suite slot is self-healing: it works without .sdlc and after a killed holder (147.939917ms)
✔ stack mode aborts a conflicting merge of the default branch into the run branch (1192.402458ms)
✔ stack mode merges the default branch into the run branch when it moves without conflicting (1599.198542ms)
✔ stack mode refuses to cut a slice when there is no run branch to fall back on (257.420458ms)
✔ pr, direct and mr mode are untouched by the stack arm (1339.86525ms)
✔ direct mode cuts from the fetched default-branch tip, mr from the local ref; neither moves the local branch (1854.974875ms)
✔ direct mode with a remote cuts the slice from origin/<defaultBranch> and keeps the committed state (1164.811542ms)
✔ pr mode with a remote cuts the slice from origin/<defaultBranch> without checking the branch out (1112.888917ms)
✔ a dependency whose branch exists but which is not awaiting merge is not used as a base (697.914375ms)
✔ stack mode names the missing run branch rather than letting git fail (266.74125ms)
✔ an unknown gitMode fails loudly instead of committing the slice to the default branch (2803.244959ms)
✔ after a milestone PR merges, the run branch carries it before the next branch is cut from it (1307.585417ms)
✔ the run branch is advanced onto the default branch when a milestone branch is cut too (1586.185666ms)
✔ advancing the run branch merges rather than rebasing, and never force-pushes it (1344.109333ms)
✔ a milestone branch left behind by an earlier attempt does not win over the verified rule (681.031625ms)
✔ a second run cuts its own M-1 instead of building on the first run's leftover milestone branch (2476.065709ms)
✔ pruning deletes a shipped milestone branch and nothing else (4024.903709ms)
✔ the prune does not delete a remote milestone branch that is ahead of the local one (2531.137708ms)
✔ the prune deletes the remote milestone branch only while the remote still holds what it proved (3225.148583ms)
✔ a milestone branch whose only unshipped change is a file mode is kept (1835.685625ms)
✔ a milestone branch checked out in another worktree is not deleted (2095.064167ms)
✔ a milestone branch with a slice pull request still open against it is not deleted (2950.911958ms)
✔ a milestone branch that moved between the proof and the delete survives the delete (2737.059ms)
✔ the prune fetches the default branch before deciding, so a shipped milestone is not left behind (2263.974375ms)
✔ an earlier run's milestone branch holding unshipped work is kept, and never built on (1414.8345ms)
✔ base-branch names the milestone branch for a slice that belongs to a milestone (733.11ms)
✔ base-branch names the run branch for an audit fix that belongs to no milestone (771.651042ms)
✔ base-branch names the run branch for a fix of a milestone that already shipped (255.050083ms)
✔ base-branch names the dependency branch for a slice whose dependency is awaiting merge (627.146ms)
✔ pr, direct and mr mode answer with the default branch, and stay there (1875.931083ms)
✔ base-branch names a milestone branch that does not exist yet, without creating it (327.701042ms)
✔ base-branch reads the repo and changes nothing at all (1099.551833ms)
✔ base-branch fails loudly rather than printing a plausible branch (765.024834ms)
✔ impact maps a changed source file to its package tests and reverse-dependency packages (272.545041ms)
﹣ impact follows Go imports to reverse-dependent packages when a go.mod exists (0.035ms) # go not installed
✔ impact falls back to the test files in the changed paths when no package graph exists (262.810625ms)
✔ impact answers exit 0 with a note when the repo or git itself is unusable (49.391125ms)
✔ the janitor reaps an old sdlc- scratch dir in the real temp dir and keeps a fresh one (105.244833ms)
✔ the janitor reaps by janitorDays from config.json when --days is not given (221.583291ms)
✔ the janitor deletes v-branches of finished and unknown slices and keeps live ones (540.135916ms)
✔ the janitor prunes a stale worktree registration before sweeping, so the branch is not pinned forever (341.533333ms)
✔ the janitor notes missing or unreadable state instead of deleting, and still runs (345.487709ms)
✔ ste-check passes the rule sources it gates (36.588042ms)
✔ ste-check prints one file:line: rule — text line per violation and exits 1 (29.969417ms)
✔ ste-check keeps the exempt lines clean (27.488333ms)
✔ ste-check flags each rule on its own line (199.135542ms)
✔ plan passes both critics, tests fail correctly, slice advances to implement (4.787542ms)
✔ ambiguities go to the decision panel and the planner re-runs with the ADRs (2.330292ms)
✔ plan refuted three times escalates to replan (0.539667ms)
✔ tests that never fail for the right reason escalate after three attempts (0.452ms)
✔ happy path runs implement, core verifiers, the profile group, three reviewers, the report, integrate (0.551875ms)
✔ resume at implement skips plan and tests (0.495667ms)
✔ resume at integrate goes straight to the integrator with persisted seeds (1.060458ms)
✔ a profile verifier failing test forces a fix round carrying the evidence (1.163708ms)
✔ three failed fix rounds escalate (0.577167ms)
✔ an inconclusive implementer run is re-run without spending a fix round (0.735166ms)
✔ a fix round is spent only when the implementer stays inconclusive after its re-run (0.503ms)
✔ a blocking finding that survives refutation forces a fix round (1.294041ms)
✔ a blocking finding refuted by the majority is dropped and non-blocking ones become seeds (0.6735ms)
✔ reviewer that fails to report blocks the slice (0.516042ms)
✔ integration failure escalates (0.336958ms)
✔ an inconclusive final check is re-run, and never escalates (0.348333ms)
✔ a final check still inconclusive after its re-run leaves the slice in integrate (1.019542ms)
✔ parkedRetry unparks then runs the slice from plan with reset counters (0.632542ms)
✔ retryMerge calls the integrator in retry-merge mode (0.299958ms)
✔ a low-risk slice skips the verify battery and ships on a clean review (0.506334ms)
✔ a low-risk slice resumed at implement still skips the battery (0.365208ms)
✔ a reviewer demanding verification turns the battery on for the same round (0.809541ms)
✔ a demanding review with blocking findings fixes first; the battery judges the fix (0.789292ms)
✔ a demanded battery that refutes sends the slice into a fix round with the verify evidence (0.664792ms)
✔ no-progress guard force-parks a slice after three identical outcomes (0.560208ms)
✔ tallyVerify passes only when no vote refutes and there is no failing test (0.607959ms)
✔ tallyVerify: a spec-fidelity refutation with no failing test fails verification on its own (0.213541ms)
✔ tallyVerify: one failing test beats any number of approvals (0.630791ms)
✔ tallyVerify treats a silent verifier as infra, not a refutation (0.092333ms)
✔ allClear needs every vote present and not refuted (0.081291ms)
✔ survives needs a strict majority of non-refuting votes (0.140417ms)
✔ dedupeIdeas drops seen keys and in-batch duplicates, normalizing keys (0.189959ms)
✔ tallyAudit reopens a requirement only when a majority of auditors refute it (0.159792ms)
✔ tallyAudit treats a failed auditor as refuting every id in its chunk (0.098042ms)
✔ normalizeCounters fills missing counters with zero and keeps given ones (0.20475ms)
✔ chunk splits into fixed-size groups (0.10225ms)
✔ groupScenarios gives each profile its scenarios, splitting only past the agent limit (1.371125ms)
✔ profileVote refutes on a failing test and folds blocked scenarios and silent agents into infra (1.4105ms)
✔ skills/sdlc/test/testkit/attack-corpus.mjs (129.946041ms)
✔ testkit attack-corpus: every family loads with unique ids and string values (2.710375ms)
✔ testkit attack-corpus: repeat entries expand to their length (0.327042ms)
✔ testkit attack-corpus: argv-safe filtering drops NUL values only where needed (1.043166ms)
✔ testkit attack-corpus: every argv-safe value reaches a python script intact (126.418417ms)
✔ testkit attack-corpus: flag helpers build abbreviations, duplicates and = forms (0.127417ms)
✔ testkit attack-corpus: a decoy on PYTHONPATH fires and records its import (49.365541ms)
✔ testkit attack-corpus: a shadow decoy in the script directory answers with decoy values (63.559ms)
✔ skills/sdlc/test/testkit/cli-runner.mjs (152.454375ms)
✔ testkit cli-runner: runs a skill script from a scratch cwd and records the transcript (542.301334ms)
✔ testkit cli-runner: the environment is controlled, overrides apply and undefined removes a key (47.036375ms)
✔ testkit cli-runner: the tree diff shows added, changed and removed files and new refs (404.359916ms)
✔ testkit cli-runner: an unchanged tree is reported as unchanged (409.872083ms)
✔ testkit cli-runner: a NUL argument is recorded as a spawn error, not thrown (1.025916ms)
✔ testkit cli-runner: stdin input, timeouts and copied skill directories (451.209333ms)
✔ skills/sdlc/test/testkit/property.mjs (138.478ms)
✔ testkit property: the generator is deterministic for a seed (0.861125ms)
✔ testkit property: callPython classifies return, Fail and every other exception (686.851667ms)
✔ testkit property: check reports violations with the seed for replay (92.83825ms)
✔ testkit property: validate_format runs over generated formats through the module loaded by path (2505.978541ms)
✔ testkit property: every config shape materializes and load_format runs on it (114.471125ms)
✔ skills/sdlc/test/testkit/stub-server.mjs (99.099583ms)
✔ testkit stub-server: logs argv and cwd for each call (235.0875ms)
✔ testkit stub-server: scripted calls return stdout, stderr and exit code (335.984333ms)
✔ testkit stub-server: fallback and failNext apply to later calls (321.447875ms)
✔ testkit stub-server: large and binary output pass through unchanged (191.892375ms)
✔ testkit stub-server: stall is cut by the caller timeout and still logs the call (870.872833ms)
✔ testkit stub-server: restrictedPath holds only the kept commands (98.300584ms)
✔ testkit stub-server: shim stays a plain script with no network use (6.730209ms)
✔ collector turns .sdlc state into a self-contained tracker page (2163.308ms)
✔ collector builds an empty page for a repo without .sdlc, and creates the out dir (1971.259ms)
✔ verifier test reports render as pages with the referenced test source (1810.92425ms)
✔ a slice test report leads the page, with the verification rounds as an appendix and screenshots inline (1816.069042ms)
✔ a pre-existing slice keeps its report at the old location under the slice (1900.527083ms)
✔ collector adds the workflow view: phases, agents with status, model, tokens and time, and earlier runs (1855.015375ms)
✔ collector leaves the workflow view out when the run folder cannot be read (1779.9685ms)
✔ a watcher keeps rebuilding until --stop-watch, and a newer watcher replaces it (4680.655208ms)
✔ a build writes live.js with the same workflow block the page embeds, safe inside a script tag (1794.861084ms)
✔ a poke rebuilds live.js within a second or two without rebuilding the page, and live.js refreshes on its own every 5 s (9580.3855ms)
✔ the page redraws the workflow card only for a newer live payload, and flags a live run gone quiet (0.785958ms)
✔ the page keeps its last card for an empty live payload, and never flags a finished run (0.344ms)
✔ the page redraws again only when the workflow data changed, not for a payload that differs in builtAt alone (0.314125ms)
✔ a payload with unchanged data still resets the paused clock, with exactly one redraw (0.270166ms)
✔ --stop-watch marks the run as not running in status.json and live.js, and fixes its end time (1754.070542ms)
✔ an agent cut off in an earlier run is read once, not on every rebuild (36.323917ms)
✔ the agent list is the scroll box, and a redraw keeps where the person scrolled to (12.041875ms)
✔ picking a phase and following the live phase bring that phase into view (1.950167ms)
✔ the list tails the newest agent while the live phase is followed, and pauses when the person scrolls up (1.984958ms)
✔ the running agents' clocks still tick between redraws, inside the list (1.288667ms)
✔ a redraw puts the focus back on the same control without moving the page or the list (1.187417ms)
✔ the follow brings the newest running agent into view when finished agents sit below it (1.294791ms)
✔ the phase column keeps its own scroll position across a redraw (0.869667ms)
✔ the agents, milestones and pace chart are plain open regions, so a reload never folds them shut (1.446167ms)
✔ the stats row carries the verify economics next to the existing counts (2.6755ms)
✔ the card body is capped, the agent list scrolls under a sticky heading, and the head stays out of it (1.078958ms)
✔ the tracker's rendered strings follow the STE rules (65.171208ms)
✔ plan passes both critics, tests fail correctly, slice advances to implement (5.203833ms)
✔ ambiguities go to the decision panel and the planner re-runs with the ADRs (2.743583ms)
✔ plan refuted three times escalates to replan (0.813708ms)
✔ tests that never fail for the right reason escalate after three attempts (0.593417ms)
✔ happy path runs implement, core verifiers, the profile group, three reviewers, the report, integrate (0.972458ms)
✔ resume at implement skips plan and tests (0.719666ms)
✔ resume at integrate goes straight to the integrator with persisted seeds (1.1725ms)
✔ a profile verifier failing test forces a fix round carrying the evidence (0.947791ms)
✔ three failed fix rounds escalate (0.610042ms)
✔ an inconclusive implementer run is re-run without spending a fix round (0.852416ms)
✔ a fix round is spent only when the implementer stays inconclusive after its re-run (0.617542ms)
✔ a blocking finding that survives refutation forces a fix round (1.478417ms)
✔ a blocking finding refuted by the majority is dropped and non-blocking ones become seeds (0.485667ms)
✔ reviewer that fails to report blocks the slice (0.422334ms)
✔ integration failure escalates (0.346417ms)
✔ an inconclusive final check is re-run, and never escalates (0.32725ms)
✔ a final check still inconclusive after its re-run leaves the slice in integrate (0.811958ms)
✔ parkedRetry unparks then runs the slice from plan with reset counters (0.412916ms)
✔ retryMerge calls the integrator in retry-merge mode (0.323834ms)
✔ a low-risk slice skips the verify battery and ships on a clean review (0.435708ms)
✔ a low-risk slice resumed at implement still skips the battery (0.308ms)
✔ a reviewer demanding verification turns the battery on for the same round (1.114875ms)
✔ a demanding review with blocking findings fixes first; the battery judges the fix (0.557708ms)
✔ a demanded battery that refutes sends the slice into a fix round with the verify evidence (0.498667ms)
✔ no-progress guard force-parks a slice after three identical outcomes (0.713916ms)
✔ the profile group gets its scenarios, branch and unavailable tools; the toolsmith runs only for missing tools (1.636542ms)
✔ no missing tools means no toolsmith, and a clean group passes (2.335459ms)
✔ a collector that fails only logs; the round still fails or passes on the verifiers alone (0.81675ms)
✔ a planner that fails to report refutes the profiles vote without running any profile agent (0.755583ms)
✔ a fix round reuses the round-0 plan and re-runs only the failed (scenario, profile) pairs (0.65775ms)
✔ a fix round after a review finding runs no profile agent when every scenario held (0.739625ms)
✔ a blocked tool is rebuilt in the fix round and its scenario re-run (1.654917ms)
✔ the planner's risk rating caps the profile group (0.567125ms)
✔ capProfiles keeps the profiles that cover most scenarios, and pendingPairs picks failed and blocked ones (0.551833ms)
✔ capProfiles breaks a tie by the order the planner tagged the profiles, not by catalog order (0.56775ms)
✔ every profile has a prompt file that reads the shared profile rules (1.444417ms)
✔ by default every agent runs on the session model (0.497708ms)
✔ with a review model set, the spec-fidelity verifier and the reviewers run on it; everyone else inherits (0.532333ms)
✔ reviewModel null keeps every agent on the session model (0.442166ms)
✔ a review model that fails falls back to the session model (0.427ms)
✔ a list of review models is tried in order before the session model (0.650542ms)
✔ the session model gets its two attempts after every review model failed (1.224167ms)
✔ a review model that failed twice in a row is skipped for the rest of the run, and one success resets the count (0.91675ms)
✔ reviewModel accepts one model name or a list (0.7265ms)
✔ profile agents run in batches of four (12.236542ms)
✔ after a review fix, the planner adds scenarios for the fix and only those run (1.150041ms)
✔ after a review fix that changed no behavior, the planner adds nothing and no profile agent runs (0.6065ms)
✔ after a review fix, a planner that fails to report falls back to the earlier plan (0.477584ms)
✔ a fix round after a verification failure does not plan again (0.908333ms)
✔ the regression verifier runs after the collector, and alongside spec-fidelity when there are no profile tests (2.400542ms)
✔ a failed collector still gets a regression run (0.619584ms)
✔ the review runs next to the regression verifier when everything before it held, and only once (0.673625ms)
✔ no review is started when a profile verifier or the spec-fidelity verifier refuted the slice (0.821083ms)
✔ a regression failure and a blocking review finding reach the implementer in the same round (0.736792ms)
✔ with no profile tests the review still runs, after verification (0.435208ms)
ℹ tests 619
ℹ suites 0
ℹ pass 618
ℹ fail 0
ℹ cancelled 0
ℹ skipped 1
ℹ todo 0
ℹ duration_ms 64290.449
